Archive member included to satisfy reference by file (symbol)

c:/arm_gcc/bin/../lib/gcc/arm-none-eabi/7.3.1/../../../../arm-none-eabi/lib/thumb/v7-m\libstdc++_nano.a(guard.o)
                              CMakeFiles/hoverGate_fw.elf.dir/Src/BLDC_driver.cpp.obj (__cxa_guard_acquire)
c:/arm_gcc/bin/../lib/gcc/arm-none-eabi/7.3.1/thumb/v7-m\libgcc.a(_arm_addsubdf3.o)
                              CMakeFiles/hoverGate_fw.elf.dir/Src/BLDC_driver.cpp.obj (__aeabi_i2d)
c:/arm_gcc/bin/../lib/gcc/arm-none-eabi/7.3.1/thumb/v7-m\libgcc.a(_arm_muldivdf3.o)
                              CMakeFiles/hoverGate_fw.elf.dir/Src/BLDC_driver.cpp.obj (__aeabi_dmul)
c:/arm_gcc/bin/../lib/gcc/arm-none-eabi/7.3.1/thumb/v7-m\libgcc.a(_arm_fixunsdfsi.o)
                              CMakeFiles/hoverGate_fw.elf.dir/Src/BLDC_driver.cpp.obj (__aeabi_d2uiz)
c:/arm_gcc/bin/../lib/gcc/arm-none-eabi/7.3.1/thumb/v7-m\libgcc.a(_arm_addsubsf3.o)
                              CMakeFiles/hoverGate_fw.elf.dir/Src/BLDC_driver.cpp.obj (__aeabi_fadd)
c:/arm_gcc/bin/../lib/gcc/arm-none-eabi/7.3.1/thumb/v7-m\libgcc.a(_arm_muldivsf3.o)
                              CMakeFiles/hoverGate_fw.elf.dir/Src/BLDC_driver.cpp.obj (__aeabi_fmul)
c:/arm_gcc/bin/../lib/gcc/arm-none-eabi/7.3.1/thumb/v7-m\libgcc.a(_arm_fixsfsi.o)
                              CMakeFiles/hoverGate_fw.elf.dir/Src/BLDC_driver.cpp.obj (__aeabi_f2iz)
c:/arm_gcc/bin/../lib/gcc/arm-none-eabi/7.3.1/thumb/v7-m\libgcc.a(unwind-arm.o)
                              CMakeFiles/hoverGate_fw.elf.dir/Src/main.cpp.obj (__aeabi_unwind_cpp_pr0)
c:/arm_gcc/bin/../lib/gcc/arm-none-eabi/7.3.1/thumb/v7-m\libgcc.a(libunwind.o)
                              c:/arm_gcc/bin/../lib/gcc/arm-none-eabi/7.3.1/thumb/v7-m\libgcc.a(unwind-arm.o) (restore_core_regs)
c:/arm_gcc/bin/../lib/gcc/arm-none-eabi/7.3.1/thumb/v7-m\libgcc.a(pr-support.o)
                              c:/arm_gcc/bin/../lib/gcc/arm-none-eabi/7.3.1/thumb/v7-m\libgcc.a(unwind-arm.o) (__gnu_unwind_execute)
c:/arm_gcc/bin/../lib/gcc/arm-none-eabi/7.3.1/../../../../arm-none-eabi/lib/thumb/v7-m\libg_nano.a(lib_a-abort.o)
                              c:/arm_gcc/bin/../lib/gcc/arm-none-eabi/7.3.1/thumb/v7-m\libgcc.a(unwind-arm.o) (abort)
c:/arm_gcc/bin/../lib/gcc/arm-none-eabi/7.3.1/../../../../arm-none-eabi/lib/thumb/v7-m\libg_nano.a(lib_a-errno.o)
                              CMakeFiles/hoverGate_fw.elf.dir/Src/syscalls.c.obj (__errno)
c:/arm_gcc/bin/../lib/gcc/arm-none-eabi/7.3.1/../../../../arm-none-eabi/lib/thumb/v7-m\libg_nano.a(lib_a-exit.o)
                              c:/arm_gcc/bin/../lib/gcc/arm-none-eabi/7.3.1/../../../../arm-none-eabi/lib/thumb/v7-m/crt0.o (exit)
c:/arm_gcc/bin/../lib/gcc/arm-none-eabi/7.3.1/../../../../arm-none-eabi/lib/thumb/v7-m\libg_nano.a(lib_a-impure.o)
                              c:/arm_gcc/bin/../lib/gcc/arm-none-eabi/7.3.1/../../../../arm-none-eabi/lib/thumb/v7-m\libg_nano.a(lib_a-exit.o) (_global_impure_ptr)
c:/arm_gcc/bin/../lib/gcc/arm-none-eabi/7.3.1/../../../../arm-none-eabi/lib/thumb/v7-m\libg_nano.a(lib_a-init.o)
                              c:/arm_gcc/bin/../lib/gcc/arm-none-eabi/7.3.1/../../../../arm-none-eabi/lib/thumb/v7-m/crt0.o (__libc_init_array)
c:/arm_gcc/bin/../lib/gcc/arm-none-eabi/7.3.1/../../../../arm-none-eabi/lib/thumb/v7-m\libg_nano.a(lib_a-memcpy-stub.o)
                              c:/arm_gcc/bin/../lib/gcc/arm-none-eabi/7.3.1/thumb/v7-m\libgcc.a(unwind-arm.o) (memcpy)
c:/arm_gcc/bin/../lib/gcc/arm-none-eabi/7.3.1/../../../../arm-none-eabi/lib/thumb/v7-m\libg_nano.a(lib_a-memset.o)
                              c:/arm_gcc/bin/../lib/gcc/arm-none-eabi/7.3.1/../../../../arm-none-eabi/lib/thumb/v7-m/crt0.o (memset)
c:/arm_gcc/bin/../lib/gcc/arm-none-eabi/7.3.1/../../../../arm-none-eabi/lib/thumb/v7-m\libg_nano.a(lib_a-signal.o)
                              c:/arm_gcc/bin/../lib/gcc/arm-none-eabi/7.3.1/../../../../arm-none-eabi/lib/thumb/v7-m\libg_nano.a(lib_a-abort.o) (raise)
c:/arm_gcc/bin/../lib/gcc/arm-none-eabi/7.3.1/../../../../arm-none-eabi/lib/thumb/v7-m\libg_nano.a(lib_a-signalr.o)
                              c:/arm_gcc/bin/../lib/gcc/arm-none-eabi/7.3.1/../../../../arm-none-eabi/lib/thumb/v7-m\libg_nano.a(lib_a-signal.o) (_kill_r)
c:/arm_gcc/bin/../lib/gcc/arm-none-eabi/7.3.1/../../../../arm-none-eabi/lib/thumb/v7-m\libg_nano.a(lib_a-nano-mallocr.o)
                              c:/arm_gcc/bin/../lib/gcc/arm-none-eabi/7.3.1/../../../../arm-none-eabi/lib/thumb/v7-m\libg_nano.a(lib_a-signal.o) (_malloc_r)
c:/arm_gcc/bin/../lib/gcc/arm-none-eabi/7.3.1/../../../../arm-none-eabi/lib/thumb/v7-m\libg_nano.a(lib_a-reent.o)
                              c:/arm_gcc/bin/../lib/gcc/arm-none-eabi/7.3.1/../../../../arm-none-eabi/lib/thumb/v7-m\libg_nano.a(lib_a-signalr.o) (errno)
c:/arm_gcc/bin/../lib/gcc/arm-none-eabi/7.3.1/../../../../arm-none-eabi/lib/thumb/v7-m\libg_nano.a(lib_a-sbrkr.o)
[...]
Memory Configuration

Name             Origin             Length             Attributes
RAM              0x20000000         0x00005000         xrw
FLASH            0x08000000         0x00010000         xr
*default*        0x00000000         0xffffffff

Linker script and memory map

LOAD c:/arm_gcc/bin/../lib/gcc/arm-none-eabi/7.3.1/thumb/v7-m/crti.o
LOAD c:/arm_gcc/bin/../lib/gcc/arm-none-eabi/7.3.1/thumb/v7-m/crtbegin.o
LOAD c:/arm_gcc/bin/../lib/gcc/arm-none-eabi/7.3.1/../../../../arm-none-eabi/lib/thumb/v7-m/crt0.o
LOAD CMakeFiles/hoverGate_fw.elf.dir/Drivers/STM32F1xx_HAL_Driver/Src/stm32f1xx_hal.c.obj
LOAD CMakeFiles/hoverGate_fw.elf.dir/Drivers/STM32F1xx_HAL_Driver/Src/stm32f1xx_hal_adc.c.obj
LOAD CMakeFiles/hoverGate_fw.elf.dir/Drivers/STM32F1xx_HAL_Driver/Src/stm32f1xx_hal_adc_ex.c.obj
LOAD CMakeFiles/hoverGate_fw.elf.dir/Drivers/STM32F1xx_HAL_Driver/Src/stm32f1xx_hal_cortex.c.obj
LOAD CMakeFiles/hoverGate_fw.elf.dir/Drivers/STM32F1xx_HAL_Driver/Src/stm32f1xx_hal_dma.c.obj
LOAD CMakeFiles/hoverGate_fw.elf.dir/Drivers/STM32F1xx_HAL_Driver/Src/stm32f1xx_hal_exti.c.obj
LOAD CMakeFiles/hoverGate_fw.elf.dir/Drivers/STM32F1xx_HAL_Driver/Src/stm32f1xx_hal_flash.c.obj
LOAD CMakeFiles/hoverGate_fw.elf.dir/Drivers/STM32F1xx_HAL_Driver/Src/stm32f1xx_hal_flash_ex.c.obj
LOAD CMakeFiles/hoverGate_fw.elf.dir/Drivers/STM32F1xx_HAL_Driver/Src/stm32f1xx_hal_gpio.c.obj
LOAD CMakeFiles/hoverGate_fw.elf.dir/Drivers/STM32F1xx_HAL_Driver/Src/stm32f1xx_hal_gpio_ex.c.obj
LOAD CMakeFiles/hoverGate_fw.elf.dir/Drivers/STM32F1xx_HAL_Driver/Src/stm32f1xx_hal_pwr.c.obj
LOAD CMakeFiles/hoverGate_fw.elf.dir/Drivers/STM32F1xx_HAL_Driver/Src/stm32f1xx_hal_rcc.c.obj
LOAD CMakeFiles/hoverGate_fw.elf.dir/Drivers/STM32F1xx_HAL_Driver/Src/stm32f1xx_hal_rcc_ex.c.obj
LOAD CMakeFiles/hoverGate_fw.elf.dir/Drivers/STM32F1xx_HAL_Driver/Src/stm32f1xx_hal_tim.c.obj
LOAD CMakeFiles/hoverGate_fw.elf.dir/Drivers/STM32F1xx_HAL_Driver/Src/stm32f1xx_hal_tim_ex.c.obj
LOAD CMakeFiles/hoverGate_fw.elf.dir/Src/BLDC_driver.cpp.obj
LOAD CMakeFiles/hoverGate_fw.elf.dir/Src/adc.c.obj
LOAD CMakeFiles/hoverGate_fw.elf.dir/Src/dma.c.obj
LOAD CMakeFiles/hoverGate_fw.elf.dir/Src/gpio.c.obj
LOAD CMakeFiles/hoverGate_fw.elf.dir/Src/main.cpp.obj
LOAD CMakeFiles/hoverGate_fw.elf.dir/Src/stm32f1xx_hal_msp.c.obj
LOAD CMakeFiles/hoverGate_fw.elf.dir/Src/stm32f1xx_it.c.obj
LOAD CMakeFiles/hoverGate_fw.elf.dir/Src/syscalls.c.obj
LOAD CMakeFiles/hoverGate_fw.elf.dir/Src/system_stm32f1xx.c.obj
LOAD CMakeFiles/hoverGate_fw.elf.dir/Src/tim.c.obj
LOAD CMakeFiles/hoverGate_fw.elf.dir/startup/startup_stm32f103xb.s.obj
LOAD c:/arm_gcc/bin/../lib/gcc/arm-none-eabi/7.3.1/../../../../arm-none-eabi/lib/thumb/v7-m\libstdc++_nano.a
LOAD c:/arm_gcc/bin/../lib/gcc/arm-none-eabi/7.3.1/../../../../arm-none-eabi/lib/thumb/v7-m\libm.a
START GROUP
LOAD c:/arm_gcc/bin/../lib/gcc/arm-none-eabi/7.3.1/thumb/v7-m\libgcc.a
LOAD c:/arm_gcc/bin/../lib/gcc/arm-none-eabi/7.3.1/../../../../arm-none-eabi/lib/thumb/v7-m\libg_nano.a
LOAD c:/arm_gcc/bin/../lib/gcc/arm-none-eabi/7.3.1/../../../../arm-none-eabi/lib/thumb/v7-m\libc_nano.a
END GROUP
START GROUP
LOAD c:/arm_gcc/bin/../lib/gcc/arm-none-eabi/7.3.1/thumb/v7-m\libgcc.a
LOAD c:/arm_gcc/bin/../lib/gcc/arm-none-eabi/7.3.1/../../../../arm-none-eabi/lib/thumb/v7-m\libc_nano.a
LOAD c:/arm_gcc/bin/../lib/gcc/arm-none-eabi/7.3.1/../../../../arm-none-eabi/lib/thumb/v7-m\libnosys.a
END GROUP
START GROUP
LOAD c:/arm_gcc/bin/../lib/gcc/arm-none-eabi/7.3.1/thumb/v7-m\libgcc.a
LOAD c:/arm_gcc/bin/../lib/gcc/arm-none-eabi/7.3.1/../../../../arm-none-eabi/lib/thumb/v7-m\libc_nano.a
LOAD c:/arm_gcc/bin/../lib/gcc/arm-none-eabi/7.3.1/../../../../arm-none-eabi/lib/thumb/v7-m\libnosys.a
END GROUP
LOAD c:/arm_gcc/bin/../lib/gcc/arm-none-eabi/7.3.1/thumb/v7-m/crtend.o
LOAD c:/arm_gcc/bin/../lib/gcc/arm-none-eabi/7.3.1/thumb/v7-m/crtn.o
                0x20005000                _estack = 0x20005000
                0x00000200                _Min_Heap_Size = 0x200
                0x00000400                _Min_Stack_Size = 0x400

.isr_vector     0x08000000      0x10c
                0x08000000                . = ALIGN (0x4)
 *(.isr_vector)
 .isr_vector    0x08000000      0x10c CMakeFiles/hoverGate_fw.elf.dir/startup/startup_stm32f103xb.s.obj
                0x08000000                g_pfnVectors
                0x0800010c                . = ALIGN (0x4)

.text           0x08000110     0x5d6c
                0x08000110                . = ALIGN (0x4)
 *(.text)
 .text          0x08000110       0x40 c:/arm_gcc/bin/../lib/gcc/arm-none-eabi/7.3.1/thumb/v7-m/crtbegin.o
 .text          0x08000150      0x378 c:/arm_gcc/bin/../lib/gcc/arm-none-eabi/7.3.1/thumb/v7-m\libgcc.a(_arm_addsubdf3.o)
                0x08000150                __aeabi_drsub
                0x08000158                __aeabi_dsub
                0x08000158                __subdf3
                0x0800015c                __aeabi_dadd
                0x0800015c                __adddf3
                0x080003d4                __floatunsidf
                0x080003d4                __aeabi_ui2d
                0x080003f4                __floatsidf
                0x080003f4                __aeabi_i2d
                0x08000418                __aeabi_f2d
                0x08000418                __extendsfdf2
                0x0800045c                __floatundidf
                0x0800045c                __aeabi_ul2d
                0x0800046c                __floatdidf
                0x0800046c                __aeabi_l2d
 .text          0x080004c8      0x424 c:/arm_gcc/bin/../lib/gcc/arm-none-eabi/7.3.1/thumb/v7-m\libgcc.a(_arm_muldivdf3.o)
                0x080004c8                __aeabi_dmul
                0x080004c8                __muldf3
                0x0800071c                __divdf3
                0x0800071c                __aeabi_ddiv
 .text          0x080008ec       0x40 c:/arm_gcc/bin/../lib/gcc/arm-none-eabi/7.3.1/thumb/v7-m\libgcc.a(_arm_fixunsdfsi.o)
                0x080008ec                __aeabi_d2uiz
                0x080008ec                __fixunsdfsi
 .text          0x0800092c      0x21c c:/arm_gcc/bin/../lib/gcc/arm-none-eabi/7.3.1/thumb/v7-m\libgcc.a(_arm_addsubsf3.o)
                0x0800092c                __aeabi_frsub
                0x08000934                __subsf3
                0x08000934                __aeabi_fsub
                0x08000938                __aeabi_fadd
                0x08000938                __addsf3
                0x08000a98                __aeabi_ui2f
                0x08000a98                __floatunsisf
                0x08000aa0                __aeabi_i2f
                0x08000aa0                __floatsisf
                0x08000abc                __aeabi_ul2f
                0x08000abc                __floatundisf
                0x08000acc                __aeabi_l2f
                0x08000acc                __floatdisf
 .text          0x08000b48      0x2a0 c:/arm_gcc/bin/../lib/gcc/arm-none-eabi/7.3.1/thumb/v7-m\libgcc.a(_arm_muldivsf3.o)
                0x08000b48                __mulsf3
                0x08000b48                __aeabi_fmul
                0x08000cb0                __aeabi_fdiv
                0x08000cb0                __divsf3
 .text          0x08000de8       0x4c c:/arm_gcc/bin/../lib/gcc/arm-none-eabi/7.3.1/thumb/v7-m\libgcc.a(_arm_fixsfsi.o)
                0x08000de8                __aeabi_f2iz
                0x08000de8                __fixsfsi
 .text          0x08000e34      0xa00 c:/arm_gcc/bin/../lib/gcc/arm-none-eabi/7.3.1/thumb/v7-m\libgcc.a(unwind-arm.o)
                0x080010f0                _Unwind_GetCFA
                0x080010f4                __gnu_Unwind_RaiseException
                0x08001154                __gnu_Unwind_ForcedUnwind
                0x08001168                __gnu_Unwind_Resume
                0x080011ac                __gnu_Unwind_Resume_or_Rethrow
                0x080011c0                _Unwind_Complete
                0x080011c4                _Unwind_DeleteException
                0x080011d0                _Unwind_VRS_Get
                0x08001214                _Unwind_VRS_Set
                0x0800125c                __gnu_Unwind_Backtrace
                0x080015a4                __aeabi_unwind_cpp_pr0
                0x080015a8                __aeabi_unwind_cpp_pr1
                0x080015ac                __aeabi_unwind_cpp_pr2
                0x080015b0                _Unwind_VRS_Pop
 .text          0x08001834      0x1ac c:/arm_gcc/bin/../lib/gcc/arm-none-eabi/7.3.1/thumb/v7-m\libgcc.a(libunwind.o)
                0x08001834                __restore_core_regs
                0x08001834                restore_core_regs
                0x0800184c                __gnu_Unwind_Restore_VFP
                0x08001854                __gnu_Unwind_Save_VFP
                0x0800185c                __gnu_Unwind_Restore_VFP_D
                0x08001864                __gnu_Unwind_Save_VFP_D
                0x0800186c                __gnu_Unwind_Restore_VFP_D_16_to_31
                0x08001874                __gnu_Unwind_Save_VFP_D_16_to_31
                0x0800187c                __gnu_Unwind_Restore_WMMXD
                0x080018c0                __gnu_Unwind_Save_WMMXD
                0x08001904                __gnu_Unwind_Restore_WMMXC
                0x08001918                __gnu_Unwind_Save_WMMXC
                0x0800192c                ___Unwind_RaiseException
                0x0800192c                _Unwind_RaiseException
                0x08001950                _Unwind_Resume
                0x08001950                ___Unwind_Resume
                0x08001974                _Unwind_Resume_or_Rethrow
                0x08001974                ___Unwind_Resume_or_Rethrow
                0x08001998                _Unwind_ForcedUnwind
                0x08001998                ___Unwind_ForcedUnwind
                0x080019bc                ___Unwind_Backtrace
                0x080019bc                _Unwind_Backtrace
 .text          0x080019e0      0x378 c:/arm_gcc/bin/../lib/gcc/arm-none-eabi/7.3.1/thumb/v7-m\libgcc.a(pr-support.o)
                0x08001a38                __gnu_unwind_execute
                0x08001cfc                __gnu_unwind_frame
                0x08001d28                _Unwind_GetRegionStart
                0x08001d34                _Unwind_GetLanguageSpecificData
                0x08001d48                _Unwind_GetDataRelBase
                0x08001d50                _Unwind_GetTextRelBase
 *(.text*)
 .text.HAL_Init
                0x08001d58       0x2c CMakeFiles/hoverGate_fw.elf.dir/Drivers/STM32F1xx_HAL_Driver/Src/stm32f1xx_hal.c.obj
                0x08001d58                HAL_Init
 .text.HAL_InitTick
                0x08001d84       0x60 CMakeFiles/hoverGate_fw.elf.dir/Drivers/STM32F1xx_HAL_Driver/Src/stm32f1xx_hal.c.obj
                0x08001d84                HAL_InitTick
 .text.HAL_IncTick
                0x08001de4       0x24 CMakeFiles/hoverGate_fw.elf.dir/Drivers/STM32F1xx_HAL_Driver/Src/stm32f1xx_hal.c.obj
                0x08001de4                HAL_IncTick
 .text.HAL_GetTick
                0x08001e08       0x14 CMakeFiles/hoverGate_fw.elf.dir/Drivers/STM32F1xx_HAL_Driver/Src/stm32f1xx_hal.c.obj
                0x08001e08                HAL_GetTick
 .text.HAL_Delay
                0x08001e1c       0x44 CMakeFiles/hoverGate_fw.elf.dir/Drivers/STM32F1xx_HAL_Driver/Src/stm32f1xx_hal.c.obj
                0x08001e1c                HAL_Delay
 .text.HAL_ADC_Init
                0x08001e60      0x1b0 CMakeFiles/hoverGate_fw.elf.dir/Drivers/STM32F1xx_HAL_Driver/Src/stm32f1xx_hal_adc.c.obj
                0x08001e60                HAL_ADC_Init
 .text.HAL_ADC_Start_DMA
                0x08002010      0x1bc CMakeFiles/hoverGate_fw.elf.dir/Drivers/STM32F1xx_HAL_Driver/Src/stm32f1xx_hal_adc.c.obj
                0x08002010                HAL_ADC_Start_DMA
 .text.HAL_ADC_ConvCpltCallback
                0x080021cc       0x12 CMakeFiles/hoverGate_fw.elf.dir/Drivers/STM32F1xx_HAL_Driver/Src/stm32f1xx_hal_adc.c.obj
                0x080021cc                HAL_ADC_ConvCpltCallback
 .text.HAL_ADC_ConvHalfCpltCallback
                0x080021de       0x12 CMakeFiles/hoverGate_fw.elf.dir/Drivers/STM32F1xx_HAL_Driver/Src/stm32f1xx_hal_adc.c.obj
                0x080021de                HAL_ADC_ConvHalfCpltCallback
 .text.HAL_ADC_ErrorCallback
                0x080021f0       0x12 CMakeFiles/hoverGate_fw.elf.dir/Drivers/STM32F1xx_HAL_Driver/Src/stm32f1xx_hal_adc.c.obj
                0x080021f0                HAL_ADC_ErrorCallback
 *fill*         0x08002202        0x2 
 .text.HAL_ADC_ConfigChannel
                0x08002204      0x1f0 CMakeFiles/hoverGate_fw.elf.dir/Drivers/STM32F1xx_HAL_Driver/Src/stm32f1xx_hal_adc.c.obj
                0x08002204                HAL_ADC_ConfigChannel
 .text.ADC_Enable
                0x080023f4       0xa4 CMakeFiles/hoverGate_fw.elf.dir/Drivers/STM32F1xx_HAL_Driver/Src/stm32f1xx_hal_adc.c.obj
                0x080023f4                ADC_Enable
 .text.ADC_ConversionStop_Disable
                0x08002498       0x74 CMakeFiles/hoverGate_fw.elf.dir/Drivers/STM32F1xx_HAL_Driver/Src/stm32f1xx_hal_adc.c.obj
                0x08002498                ADC_ConversionStop_Disable
 .text.ADC_DMAConvCplt
                0x0800250c       0x7c CMakeFiles/hoverGate_fw.elf.dir/Drivers/STM32F1xx_HAL_Driver/Src/stm32f1xx_hal_adc.c.obj
                0x0800250c                ADC_DMAConvCplt
 .text.ADC_DMAHalfConvCplt
                0x08002588       0x1c CMakeFiles/hoverGate_fw.elf.dir/Drivers/STM32F1xx_HAL_Driver/Src/stm32f1xx_hal_adc.c.obj
                0x08002588                ADC_DMAHalfConvCplt
 .text.ADC_DMAError
                0x080025a4       0x34 CMakeFiles/hoverGate_fw.elf.dir/Drivers/STM32F1xx_HAL_Driver/Src/stm32f1xx_hal_adc.c.obj
                0x080025a4                ADC_DMAError
 .text.HAL_ADCEx_Calibration_Start
                0x080025d8      0x138 CMakeFiles/hoverGate_fw.elf.dir/Drivers/STM32F1xx_HAL_Driver/Src/stm32f1xx_hal_adc_ex.c.obj
                0x080025d8                HAL_ADCEx_Calibration_Start
 .text.__NVIC_SetPriorityGrouping
                0x08002710       0x48 CMakeFiles/hoverGate_fw.elf.dir/Drivers/STM32F1xx_HAL_Driver/Src/stm32f1xx_hal_cortex.c.obj
 .text.__NVIC_GetPriorityGrouping
                0x08002758       0x1c CMakeFiles/hoverGate_fw.elf.dir/Drivers/STM32F1xx_HAL_Driver/Src/stm32f1xx_hal_cortex.c.obj
 .text.__NVIC_EnableIRQ
                0x08002774       0x38 CMakeFiles/hoverGate_fw.elf.dir/Drivers/STM32F1xx_HAL_Driver/Src/stm32f1xx_hal_cortex.c.obj
 .text.__NVIC_SetPriority
                0x080027ac       0x54 CMakeFiles/hoverGate_fw.elf.dir/Drivers/STM32F1xx_HAL_Driver/Src/stm32f1xx_hal_cortex.c.obj
 .text.NVIC_EncodePriority
                0x08002800       0x64 CMakeFiles/hoverGate_fw.elf.dir/Drivers/STM32F1xx_HAL_Driver/Src/stm32f1xx_hal_cortex.c.obj
 .text.SysTick_Config
                0x08002864       0x44 CMakeFiles/hoverGate_fw.elf.dir/Drivers/STM32F1xx_HAL_Driver/Src/stm32f1xx_hal_cortex.c.obj
 .text.HAL_NVIC_SetPriorityGrouping
                0x080028a8       0x16 CMakeFiles/hoverGate_fw.elf.dir/Drivers/STM32F1xx_HAL_Driver/Src/stm32f1xx_hal_cortex.c.obj
                0x080028a8                HAL_NVIC_SetPriorityGrouping
 .text.HAL_NVIC_SetPriority
                0x080028be       0x38 CMakeFiles/hoverGate_fw.elf.dir/Drivers/STM32F1xx_HAL_Driver/Src/stm32f1xx_hal_cortex.c.obj
                0x080028be                HAL_NVIC_SetPriority
 .text.HAL_NVIC_EnableIRQ
                0x080028f6       0x1c CMakeFiles/hoverGate_fw.elf.dir/Drivers/STM32F1xx_HAL_Driver/Src/stm32f1xx_hal_cortex.c.obj
                0x080028f6                HAL_NVIC_EnableIRQ
 .text.HAL_SYSTICK_Config
                0x08002912       0x18 CMakeFiles/hoverGate_fw.elf.dir/Drivers/STM32F1xx_HAL_Driver/Src/stm32f1xx_hal_cortex.c.obj
                0x08002912                HAL_SYSTICK_Config
 *fill*         0x0800292a        0x2 
 .text.HAL_DMA_Init
                0x0800292c       0xb4 CMakeFiles/hoverGate_fw.elf.dir/Drivers/STM32F1xx_HAL_Driver/Src/stm32f1xx_hal_dma.c.obj
                0x0800292c                HAL_DMA_Init
 .text.HAL_DMA_Start_IT
                0x080029e0       0xbe CMakeFiles/hoverGate_fw.elf.dir/Drivers/STM32F1xx_HAL_Driver/Src/stm32f1xx_hal_dma.c.obj
                0x080029e0                HAL_DMA_Start_IT
 *fill*         0x08002a9e        0x2 
 .text.HAL_DMA_IRQHandler
                0x08002aa0      0x20c CMakeFiles/hoverGate_fw.elf.dir/Drivers/STM32F1xx_HAL_Driver/Src/stm32f1xx_hal_dma.c.obj
                0x08002aa0                HAL_DMA_IRQHandler
 .text.DMA_SetConfig
                0x08002cac       0x5a CMakeFiles/hoverGate_fw.elf.dir/Drivers/STM32F1xx_HAL_Driver/Src/stm32f1xx_hal_dma.c.obj
 *fill*         0x08002d06        0x2 
 .text.HAL_GPIO_Init
                0x08002d08      0x2b4 CMakeFiles/hoverGate_fw.elf.dir/Drivers/STM32F1xx_HAL_Driver/Src/stm32f1xx_hal_gpio.c.obj
                0x08002d08                HAL_GPIO_Init
 .text.HAL_GPIO_ReadPin
                0x08002fbc       0x2e CMakeFiles/hoverGate_fw.elf.dir/Drivers/STM32F1xx_HAL_Driver/Src/stm32f1xx_hal_gpio.c.obj
                0x08002fbc                HAL_GPIO_ReadPin
 .text.HAL_GPIO_WritePin
                0x08002fea       0x30 CMakeFiles/hoverGate_fw.elf.dir/Drivers/STM32F1xx_HAL_Driver/Src/stm32f1xx_hal_gpio.c.obj
                0x08002fea                HAL_GPIO_WritePin
 .text.HAL_GPIO_TogglePin
                0x0800301a       0x30 CMakeFiles/hoverGate_fw.elf.dir/Drivers/STM32F1xx_HAL_Driver/Src/stm32f1xx_hal_gpio.c.obj
                0x0800301a                HAL_GPIO_TogglePin
 *fill*         0x0800304a        0x2 
 .text.HAL_RCC_OscConfig
                0x0800304c      0x500 CMakeFiles/hoverGate_fw.elf.dir/Drivers/STM32F1xx_HAL_Driver/Src/stm32f1xx_hal_rcc.c.obj
                0x0800304c                HAL_RCC_OscConfig
 .text.HAL_RCC_ClockConfig
                0x0800354c      0x1d4 CMakeFiles/hoverGate_fw.elf.dir/Drivers/STM32F1xx_HAL_Driver/Src/stm32f1xx_hal_rcc.c.obj
                0x0800354c                HAL_RCC_ClockConfig
 .text.HAL_RCC_GetSysClockFreq
                0x08003720       0xc4 CMakeFiles/hoverGate_fw.elf.dir/Drivers/STM32F1xx_HAL_Driver/Src/stm32f1xx_hal_rcc.c.obj
                0x08003720                HAL_RCC_GetSysClockFreq
 .text.HAL_RCC_GetHCLKFreq
                0x080037e4       0x14 CMakeFiles/hoverGate_fw.elf.dir/Drivers/STM32F1xx_HAL_Driver/Src/stm32f1xx_hal_rcc.c.obj
                0x080037e4                HAL_RCC_GetHCLKFreq
 .text.HAL_RCC_GetPCLK2Freq
                0x080037f8       0x28 CMakeFiles/hoverGate_fw.elf.dir/Drivers/STM32F1xx_HAL_Driver/Src/stm32f1xx_hal_rcc.c.obj
                0x080037f8                HAL_RCC_GetPCLK2Freq
 .text.RCC_Delay
                0x08003820       0x3c CMakeFiles/hoverGate_fw.elf.dir/Drivers/STM32F1xx_HAL_Driver/Src/stm32f1xx_hal_rcc.c.obj
 .text.HAL_RCCEx_PeriphCLKConfig
                0x0800385c      0x16c CMakeFiles/hoverGate_fw.elf.dir/Drivers/STM32F1xx_HAL_Driver/Src/stm32f1xx_hal_rcc_ex.c.obj
                0x0800385c                HAL_RCCEx_PeriphCLKConfig
 .text.HAL_RCCEx_GetPeriphCLKFreq
                0x080039c8      0x178 CMakeFiles/hoverGate_fw.elf.dir/Drivers/STM32F1xx_HAL_Driver/Src/stm32f1xx_hal_rcc_ex.c.obj
                0x080039c8                HAL_RCCEx_GetPeriphCLKFreq
 .text.HAL_TIM_Base_Init
                0x08003b40       0x56 CMakeFiles/hoverGate_fw.elf.dir/Drivers/STM32F1xx_HAL_Driver/Src/stm32f1xx_hal_tim.c.obj
                0x08003b40                HAL_TIM_Base_Init
 .text.HAL_TIM_Base_Start_IT
                0x08003b96       0x46 CMakeFiles/hoverGate_fw.elf.dir/Drivers/STM32F1xx_HAL_Driver/Src/stm32f1xx_hal_tim.c.obj
                0x08003b96                HAL_TIM_Base_Start_IT
 .text.HAL_TIM_PWM_Init
                0x08003bdc       0x56 CMakeFiles/hoverGate_fw.elf.dir/Drivers/STM32F1xx_HAL_Driver/Src/stm32f1xx_hal_tim.c.obj
                0x08003bdc                HAL_TIM_PWM_Init
 .text.HAL_TIM_PWM_MspInit
                0x08003c32       0x12 CMakeFiles/hoverGate_fw.elf.dir/Drivers/STM32F1xx_HAL_Driver/Src/stm32f1xx_hal_tim.c.obj
                0x08003c32                HAL_TIM_PWM_MspInit
 .text.HAL_TIM_PWM_Start
                0x08003c44       0x64 CMakeFiles/hoverGate_fw.elf.dir/Drivers/STM32F1xx_HAL_Driver/Src/stm32f1xx_hal_tim.c.obj
                0x08003c44                HAL_TIM_PWM_Start
 .text.HAL_TIM_PWM_Stop
                0x08003ca8       0x98 CMakeFiles/hoverGate_fw.elf.dir/Drivers/STM32F1xx_HAL_Driver/Src/stm32f1xx_hal_tim.c.obj
                0x08003ca8                HAL_TIM_PWM_Stop
 .text.HAL_TIM_IRQHandler
                0x08003d40      0x210 CMakeFiles/hoverGate_fw.elf.dir/Drivers/STM32F1xx_HAL_Driver/Src/stm32f1xx_hal_tim.c.obj
                0x08003d40                HAL_TIM_IRQHandler
 .text.HAL_TIM_PWM_ConfigChannel
                0x08003f50      0x18c CMakeFiles/hoverGate_fw.elf.dir/Drivers/STM32F1xx_HAL_Driver/Src/stm32f1xx_hal_tim.c.obj
                0x08003f50                HAL_TIM_PWM_ConfigChannel
 .text.HAL_TIM_ConfigClockSource
                0x080040dc      0x16e CMakeFiles/hoverGate_fw.elf.dir/Drivers/STM32F1xx_HAL_Driver/Src/stm32f1xx_hal_tim.c.obj
                0x080040dc                HAL_TIM_ConfigClockSource
 .text.HAL_TIM_PeriodElapsedCallback
                0x0800424a       0x12 CMakeFiles/hoverGate_fw.elf.dir/Drivers/STM32F1xx_HAL_Driver/Src/stm32f1xx_hal_tim.c.obj
                0x0800424a                HAL_TIM_PeriodElapsedCallback
 .text.HAL_TIM_OC_DelayElapsedCallback
                0x0800425c       0x12 CMakeFiles/hoverGate_fw.elf.dir/Drivers/STM32F1xx_HAL_Driver/Src/stm32f1xx_hal_tim.c.obj
                0x0800425c                HAL_TIM_OC_DelayElapsedCallback
 .text.HAL_TIM_IC_CaptureCallback
                0x0800426e       0x12 CMakeFiles/hoverGate_fw.elf.dir/Drivers/STM32F1xx_HAL_Driver/Src/stm32f1xx_hal_tim.c.obj
                0x0800426e                HAL_TIM_IC_CaptureCallback
 .text.HAL_TIM_PWM_PulseFinishedCallback
                0x08004280       0x12 CMakeFiles/hoverGate_fw.elf.dir/Drivers/STM32F1xx_HAL_Driver/Src/stm32f1xx_hal_tim.c.obj
                0x08004280                HAL_TIM_PWM_PulseFinishedCallback
 .text.HAL_TIM_TriggerCallback
                0x08004292       0x12 CMakeFiles/hoverGate_fw.elf.dir/Drivers/STM32F1xx_HAL_Driver/Src/stm32f1xx_hal_tim.c.obj
                0x08004292                HAL_TIM_TriggerCallback
 .text.TIM_Base_SetConfig
                0x080042a4       0xc4 CMakeFiles/hoverGate_fw.elf.dir/Drivers/STM32F1xx_HAL_Driver/Src/stm32f1xx_hal_tim.c.obj
                0x080042a4                TIM_Base_SetConfig
 .text.TIM_OC1_SetConfig
                0x08004368       0xcc CMakeFiles/hoverGate_fw.elf.dir/Drivers/STM32F1xx_HAL_Driver/Src/stm32f1xx_hal_tim.c.obj
 .text.TIM_OC2_SetConfig
                0x08004434       0xd4 CMakeFiles/hoverGate_fw.elf.dir/Drivers/STM32F1xx_HAL_Driver/Src/stm32f1xx_hal_tim.c.obj
                0x08004434                TIM_OC2_SetConfig
 .text.TIM_OC3_SetConfig
                0x08004508       0xd4 CMakeFiles/hoverGate_fw.elf.dir/Drivers/STM32F1xx_HAL_Driver/Src/stm32f1xx_hal_tim.c.obj
 .text.TIM_OC4_SetConfig
                0x080045dc       0x9c CMakeFiles/hoverGate_fw.elf.dir/Drivers/STM32F1xx_HAL_Driver/Src/stm32f1xx_hal_tim.c.obj
 .text.TIM_TI1_ConfigInputStage
                0x08004678       0x5c CMakeFiles/hoverGate_fw.elf.dir/Drivers/STM32F1xx_HAL_Driver/Src/stm32f1xx_hal_tim.c.obj
 .text.TIM_TI2_ConfigInputStage
                0x080046d4       0x5e CMakeFiles/hoverGate_fw.elf.dir/Drivers/STM32F1xx_HAL_Driver/Src/stm32f1xx_hal_tim.c.obj
 .text.TIM_ITRx_SetConfig
                0x08004732       0x34 CMakeFiles/hoverGate_fw.elf.dir/Drivers/STM32F1xx_HAL_Driver/Src/stm32f1xx_hal_tim.c.obj
 .text.TIM_ETR_SetConfig
                0x08004766       0x3e CMakeFiles/hoverGate_fw.elf.dir/Drivers/STM32F1xx_HAL_Driver/Src/stm32f1xx_hal_tim.c.obj
                0x08004766                TIM_ETR_SetConfig
 .text.TIM_CCxChannelCmd
                0x080047a4       0x48 CMakeFiles/hoverGate_fw.elf.dir/Drivers/STM32F1xx_HAL_Driver/Src/stm32f1xx_hal_tim.c.obj
                0x080047a4                TIM_CCxChannelCmd
 .text.HAL_TIMEx_PWMN_Start
                0x080047ec       0x54 CMakeFiles/hoverGate_fw.elf.dir/Drivers/STM32F1xx_HAL_Driver/Src/stm32f1xx_hal_tim_ex.c.obj
                0x080047ec                HAL_TIMEx_PWMN_Start
 .text.HAL_TIMEx_PWMN_Stop
                0x08004840       0x82 CMakeFiles/hoverGate_fw.elf.dir/Drivers/STM32F1xx_HAL_Driver/Src/stm32f1xx_hal_tim_ex.c.obj
                0x08004840                HAL_TIMEx_PWMN_Stop
 .text.HAL_TIMEx_MasterConfigSynchronization
                0x080048c2       0x88 CMakeFiles/hoverGate_fw.elf.dir/Drivers/STM32F1xx_HAL_Driver/Src/stm32f1xx_hal_tim_ex.c.obj
                0x080048c2                HAL_TIMEx_MasterConfigSynchronization
 .text.HAL_TIMEx_ConfigBreakDeadTime
                0x0800494a       0xa2 CMakeFiles/hoverGate_fw.elf.dir/Drivers/STM32F1xx_HAL_Driver/Src/stm32f1xx_hal_tim_ex.c.obj
                0x0800494a                HAL_TIMEx_ConfigBreakDeadTime
 .text.HAL_TIMEx_CommutCallback
                0x080049ec       0x12 CMakeFiles/hoverGate_fw.elf.dir/Drivers/STM32F1xx_HAL_Driver/Src/stm32f1xx_hal_tim_ex.c.obj
                0x080049ec                HAL_TIMEx_CommutCallback
 .text.HAL_TIMEx_BreakCallback
                0x080049fe       0x12 CMakeFiles/hoverGate_fw.elf.dir/Drivers/STM32F1xx_HAL_Driver/Src/stm32f1xx_hal_tim_ex.c.obj
                0x080049fe                HAL_TIMEx_BreakCallback
 .text.TIM_CCxNChannelCmd
                0x08004a10       0x48 CMakeFiles/hoverGate_fw.elf.dir/Drivers/STM32F1xx_HAL_Driver/Src/stm32f1xx_hal_tim_ex.c.obj
 .text._ZN11BLDC_driverC2Ev
                0x08004a58       0x4c CMakeFiles/hoverGate_fw.elf.dir/Src/BLDC_driver.cpp.obj
                0x08004a58                BLDC_driver::BLDC_driver()
                0x08004a58                BLDC_driver::BLDC_driver()
 .text._ZN11BLDC_driver15phase_set_floatEh
                0x08004aa4       0x88 CMakeFiles/hoverGate_fw.elf.dir/Src/BLDC_driver.cpp.obj
                0x08004aa4                BLDC_driver::phase_set_float(unsigned char)
 .text._ZN11BLDC_driver13phase_set_lowEh
                0x08004b2c       0xa0 CMakeFiles/hoverGate_fw.elf.dir/Src/BLDC_driver.cpp.obj
                0x08004b2c                BLDC_driver::phase_set_low(unsigned char)
 .text._ZN11BLDC_driver13phase_set_pwmEht
                0x08004bcc       0xa4 CMakeFiles/hoverGate_fw.elf.dir/Src/BLDC_driver.cpp.obj
                0x08004bcc                BLDC_driver::phase_set_pwm(unsigned char, unsigned short)
 .text._ZN11BLDC_driver10set_phasesEhtbb
                0x08004c70      0x238 CMakeFiles/hoverGate_fw.elf.dir/Src/BLDC_driver.cpp.obj
                0x08004c70                BLDC_driver::set_phases(unsigned char, unsigned short, bool, bool)
 .text._ZN11BLDC_driver6enableEv
                0x08004ea8       0x18 CMakeFiles/hoverGate_fw.elf.dir/Src/BLDC_driver.cpp.obj
                0x08004ea8                BLDC_driver::enable()
 .text._ZN11BLDC_driver7disableEv
                0x08004ec0       0x24 CMakeFiles/hoverGate_fw.elf.dir/Src/BLDC_driver.cpp.obj
                0x08004ec0                BLDC_driver::disable()
 .text._ZN11BLDC_driver5beginEv
                0x08004ee4       0x34 CMakeFiles/hoverGate_fw.elf.dir/Src/BLDC_driver.cpp.obj
                0x08004ee4                BLDC_driver::begin()
 .text._ZN11BLDC_driver7set_pwmEs
                0x08004f18       0xcc CMakeFiles/hoverGate_fw.elf.dir/Src/BLDC_driver.cpp.obj
                0x08004f18                BLDC_driver::set_pwm(short)
 .text._ZN11BLDC_driver8ramp_pwmEssm
                0x08004fe4       0x34 CMakeFiles/hoverGate_fw.elf.dir/Src/BLDC_driver.cpp.obj
                0x08004fe4                BLDC_driver::ramp_pwm(short, short, unsigned long)
 .text._ZN11BLDC_driver16auto_pwm_handlerEv
                0x08005018       0xdc CMakeFiles/hoverGate_fw.elf.dir/Src/BLDC_driver.cpp.obj
                0x08005018                BLDC_driver::auto_pwm_handler()
 .text._ZN11BLDC_driver17interrupt_handlerEv
                0x080050f4      0x22c CMakeFiles/hoverGate_fw.elf.dir/Src/BLDC_driver.cpp.obj
                0x080050f4                BLDC_driver::interrupt_handler()
 .text.MX_ADC1_Init
                0x08005320       0xb8 CMakeFiles/hoverGate_fw.elf.dir/Src/adc.c.obj
                0x08005320                MX_ADC1_Init
 .text.HAL_ADC_MspInit
                0x080053d8       0xd0 CMakeFiles/hoverGate_fw.elf.dir/Src/adc.c.obj
                0x080053d8                HAL_ADC_MspInit
 .text.MX_DMA_Init
                0x080054a8       0x3c CMakeFiles/hoverGate_fw.elf.dir/Src/dma.c.obj
                0x080054a8                MX_DMA_Init
 .text.MX_GPIO_Init
                0x080054e4      0x168 CMakeFiles/hoverGate_fw.elf.dir/Src/gpio.c.obj
                0x080054e4                MX_GPIO_Init
 .text.TIM3_IRQHandler
                0x0800564c       0x1c CMakeFiles/hoverGate_fw.elf.dir/Src/main.cpp.obj
                0x0800564c                TIM3_IRQHandler
 .text.main     0x08005668       0xd0 CMakeFiles/hoverGate_fw.elf.dir/Src/main.cpp.obj
                0x08005668                main
 .text._Z18SystemClock_Configv
                0x08005738       0xcc CMakeFiles/hoverGate_fw.elf.dir/Src/main.cpp.obj
                0x08005738                SystemClock_Config()
 .text.Error_Handler
                0x08005804        0xc CMakeFiles/hoverGate_fw.elf.dir/Src/main.cpp.obj
                0x08005804                Error_Handler
 .text._Z41__static_initialization_and_destruction_0ii
                0x08005810       0x2c CMakeFiles/hoverGate_fw.elf.dir/Src/main.cpp.obj
 .text._GLOBAL__sub_I_ADC_buffer
                0x0800583c       0x10 CMakeFiles/hoverGate_fw.elf.dir/Src/main.cpp.obj
 .text.HAL_MspInit
                0x0800584c       0x64 CMakeFiles/hoverGate_fw.elf.dir/Src/stm32f1xx_hal_msp.c.obj
                0x0800584c                HAL_MspInit
 .text.NMI_Handler
                0x080058b0        0xc CMakeFiles/hoverGate_fw.elf.dir/Src/stm32f1xx_it.c.obj
                0x080058b0                NMI_Handler
 .text.HardFault_Handler
                0x080058bc        0x6 CMakeFiles/hoverGate_fw.elf.dir/Src/stm32f1xx_it.c.obj
                0x080058bc                HardFault_Handler
 .text.MemManage_Handler
                0x080058c2        0x6 CMakeFiles/hoverGate_fw.elf.dir/Src/stm32f1xx_it.c.obj
                0x080058c2                MemManage_Handler
 .text.BusFault_Handler
                0x080058c8        0x6 CMakeFiles/hoverGate_fw.elf.dir/Src/stm32f1xx_it.c.obj
                0x080058c8                BusFault_Handler
 .text.UsageFault_Handler
                0x080058ce        0x6 CMakeFiles/hoverGate_fw.elf.dir/Src/stm32f1xx_it.c.obj
                0x080058ce                UsageFault_Handler
 .text.SVC_Handler
                0x080058d4        0xc CMakeFiles/hoverGate_fw.elf.dir/Src/stm32f1xx_it.c.obj
                0x080058d4                SVC_Handler
 .text.DebugMon_Handler
                0x080058e0        0xc CMakeFiles/hoverGate_fw.elf.dir/Src/stm32f1xx_it.c.obj
                0x080058e0                DebugMon_Handler
 .text.PendSV_Handler
                0x080058ec        0xc CMakeFiles/hoverGate_fw.elf.dir/Src/stm32f1xx_it.c.obj
                0x080058ec                PendSV_Handler
 .text.SysTick_Handler
                0x080058f8        0xc CMakeFiles/hoverGate_fw.elf.dir/Src/stm32f1xx_it.c.obj
                0x080058f8                SysTick_Handler
 .text.DMA1_Channel1_IRQHandler
                0x08005904       0x14 CMakeFiles/hoverGate_fw.elf.dir/Src/stm32f1xx_it.c.obj
                0x08005904                DMA1_Channel1_IRQHandler
 .text._getpid  0x08005918        0xe CMakeFiles/hoverGate_fw.elf.dir/Src/syscalls.c.obj
                0x08005918                _getpid
 .text._kill    0x08005926       0x20 CMakeFiles/hoverGate_fw.elf.dir/Src/syscalls.c.obj
                0x08005926                _kill
 .text._exit    0x08005946       0x14 CMakeFiles/hoverGate_fw.elf.dir/Src/syscalls.c.obj
                0x08005946                _exit
 *fill*         0x0800595a        0x2 
 .text.SystemInit
                0x0800595c       0x68 CMakeFiles/hoverGate_fw.elf.dir/Src/system_stm32f1xx.c.obj
                0x0800595c                SystemInit
 .text.MX_TIM1_Init
                0x080059c4      0x178 CMakeFiles/hoverGate_fw.elf.dir/Src/tim.c.obj
                0x080059c4                MX_TIM1_Init
 .text.MX_TIM3_Init
                0x08005b3c       0x9c CMakeFiles/hoverGate_fw.elf.dir/Src/tim.c.obj
                0x08005b3c                MX_TIM3_Init
 .text.HAL_TIM_Base_MspInit
                0x08005bd8       0x74 CMakeFiles/hoverGate_fw.elf.dir/Src/tim.c.obj
                0x08005bd8                HAL_TIM_Base_MspInit
 .text.HAL_TIM_MspPostInit
                0x08005c4c       0x9c CMakeFiles/hoverGate_fw.elf.dir/Src/tim.c.obj
                0x08005c4c                HAL_TIM_MspPostInit
 .text.Reset_Handler
                0x08005ce8       0x48 CMakeFiles/hoverGate_fw.elf.dir/startup/startup_stm32f103xb.s.obj
                0x08005ce8                Reset_Handler
 .text.Default_Handler
                0x08005d30        0x2 CMakeFiles/hoverGate_fw.elf.dir/startup/startup_stm32f103xb.s.obj
                0x08005d30                RTC_Alarm_IRQHandler
                0x08005d30                EXTI2_IRQHandler
                0x08005d30                TIM1_CC_IRQHandler
                0x08005d30                PVD_IRQHandler
                0x08005d30                EXTI3_IRQHandler
                0x08005d30                EXTI0_IRQHandler
                0x08005d30                I2C2_EV_IRQHandler
                0x08005d30                ADC1_2_IRQHandler
                0x08005d30                SPI1_IRQHandler
                0x08005d30                TAMPER_IRQHandler
                0x08005d30                DMA1_Channel4_IRQHandler
                0x08005d30                USART3_IRQHandler
                0x08005d30                RTC_IRQHandler
                0x08005d30                DMA1_Channel7_IRQHandler
                0x08005d30                CAN1_RX1_IRQHandler
                0x08005d30                TIM4_IRQHandler
                0x08005d30                I2C1_EV_IRQHandler
                0x08005d30                DMA1_Channel6_IRQHandler
                0x08005d30                RCC_IRQHandler
                0x08005d30                TIM1_TRG_COM_IRQHandler
                0x08005d30                Default_Handler
                0x08005d30                EXTI15_10_IRQHandler
                0x08005d30                EXTI9_5_IRQHandler
                0x08005d30                SPI2_IRQHandler
                0x08005d30                DMA1_Channel5_IRQHandler
                0x08005d30                EXTI4_IRQHandler
                0x08005d30                USB_LP_CAN1_RX0_IRQHandler
                0x08005d30                USB_HP_CAN1_TX_IRQHandler
                0x08005d30                DMA1_Channel3_IRQHandler
                0x08005d30                TIM1_UP_IRQHandler
                0x08005d30                WWDG_IRQHandler
                0x08005d30                TIM2_IRQHandler
                0x08005d30                TIM1_BRK_IRQHandler
                0x08005d30                EXTI1_IRQHandler
                0x08005d30                USART2_IRQHandler
                0x08005d30                I2C2_ER_IRQHandler
                0x08005d30                DMA1_Channel2_IRQHandler
                0x08005d30                CAN1_SCE_IRQHandler
                0x08005d30                FLASH_IRQHandler
                0x08005d30                USART1_IRQHandler
                0x08005d30                I2C1_ER_IRQHandler
                0x08005d30                USBWakeUp_IRQHandler
 .text.__cxa_guard_acquire
                0x08005d32       0x18 c:/arm_gcc/bin/../lib/gcc/arm-none-eabi/7.3.1/../../../../arm-none-eabi/lib/thumb/v7-m\libstdc++_nano.a(guard.o)
                0x08005d32                __cxa_guard_acquire
 .text.__cxa_guard_release
                0x08005d4a        0x6 c:/arm_gcc/bin/../lib/gcc/arm-none-eabi/7.3.1/../../../../arm-none-eabi/lib/thumb/v7-m\libstdc++_nano.a(guard.o)
                0x08005d4a                __cxa_guard_release
 .text.abort    0x08005d50        0xe c:/arm_gcc/bin/../lib/gcc/arm-none-eabi/7.3.1/../../../../arm-none-eabi/lib/thumb/v7-m\libg_nano.a(lib_a-abort.o)
                0x08005d50                abort
 *fill*         0x08005d5e        0x2 
 .text.__errno  0x08005d60        0xc c:/arm_gcc/bin/../lib/gcc/arm-none-eabi/7.3.1/../../../../arm-none-eabi/lib/thumb/v7-m\libg_nano.a(lib_a-errno.o)
                0x08005d60                __errno
 .text.__libc_init_array
                0x08005d6c       0x48 c:/arm_gcc/bin/../lib/gcc/arm-none-eabi/7.3.1/../../../../arm-none-eabi/lib/thumb/v7-m\libg_nano.a(lib_a-init.o)
                0x08005d6c                __libc_init_array
 .text.memcpy   0x08005db4       0x16 c:/arm_gcc/bin/../lib/gcc/arm-none-eabi/7.3.1/../../../../arm-none-eabi/lib/thumb/v7-m\libg_nano.a(lib_a-memcpy-stub.o)
                0x08005db4                memcpy
 .text.memset   0x08005dca       0x10 c:/arm_gcc/bin/../lib/gcc/arm-none-eabi/7.3.1/../../../../arm-none-eabi/lib/thumb/v7-m\libg_nano.a(lib_a-memset.o)
                0x08005dca                memset
 .text._raise_r
                0x08005dda       0x50 c:/arm_gcc/bin/../lib/gcc/arm-none-eabi/7.3.1/../../../../arm-none-eabi/lib/thumb/v7-m\libg_nano.a(lib_a-signal.o)
                0x08005dda                _raise_r
 *fill*         0x08005e2a        0x2 
 .text.raise    0x08005e2c       0x10 c:/arm_gcc/bin/../lib/gcc/arm-none-eabi/7.3.1/../../../../arm-none-eabi/lib/thumb/v7-m\libg_nano.a(lib_a-signal.o)
                0x08005e2c                raise
 .text._kill_r  0x08005e3c       0x24 c:/arm_gcc/bin/../lib/gcc/arm-none-eabi/7.3.1/../../../../arm-none-eabi/lib/thumb/v7-m\libg_nano.a(lib_a-signalr.o)
                0x08005e3c                _kill_r
 .text._getpid_r
                0x08005e60        0x4 c:/arm_gcc/bin/../lib/gcc/arm-none-eabi/7.3.1/../../../../arm-none-eabi/lib/thumb/v7-m\libg_nano.a(lib_a-signalr.o)
                0x08005e60                _getpid_r
 *(.glue_7)
 .glue_7        0x08005e64        0x0 linker stubs
 *(.glue_7t)
 .glue_7t       0x08005e64        0x0 linker stubs
 *(.eh_frame)
 .eh_frame      0x08005e64        0x0 c:/arm_gcc/bin/../lib/gcc/arm-none-eabi/7.3.1/thumb/v7-m/crtbegin.o
 *(.init)
 .init          0x08005e64        0x4 c:/arm_gcc/bin/../lib/gcc/arm-none-eabi/7.3.1/thumb/v7-m/crti.o
                0x08005e64                _init
 .init          0x08005e68        0x8 c:/arm_gcc/bin/../lib/gcc/arm-none-eabi/7.3.1/thumb/v7-m/crtn.o
 *(.fini)
 .fini          0x08005e70        0x4 c:/arm_gcc/bin/../lib/gcc/arm-none-eabi/7.3.1/thumb/v7-m/crti.o
                0x08005e70                _fini
 .fini          0x08005e74        0x8 c:/arm_gcc/bin/../lib/gcc/arm-none-eabi/7.3.1/thumb/v7-m/crtn.o
                0x08005e7c                . = ALIGN (0x4)
                0x08005e7c                _etext = .

.vfp11_veneer   0x08005e7c        0x0
 .vfp11_veneer  0x08005e7c        0x0 linker stubs

.v4_bx          0x08005e7c        0x0
 .v4_bx         0x08005e7c        0x0 linker stubs

.iplt           0x08005e7c        0x0
 .iplt          0x08005e7c        0x0 c:/arm_gcc/bin/../lib/gcc/arm-none-eabi/7.3.1/thumb/v7-m/crtbegin.o

.rodata         0x08005e7c       0x44
                0x08005e7c                . = ALIGN (0x4)
 *(.rodata)
 .rodata        0x08005e7c       0x12 CMakeFiles/hoverGate_fw.elf.dir/Drivers/STM32F1xx_HAL_Driver/Src/stm32f1xx_hal_rcc.c.obj
 *fill*         0x08005e8e        0x2 
 .rodata        0x08005e90       0x12 CMakeFiles/hoverGate_fw.elf.dir/Drivers/STM32F1xx_HAL_Driver/Src/stm32f1xx_hal_rcc_ex.c.obj
 *fill*         0x08005ea2        0x2 
 .rodata        0x08005ea4        0x4 CMakeFiles/hoverGate_fw.elf.dir/Src/BLDC_driver.cpp.obj
 *(.rodata*)
 .rodata.AHBPrescTable
                0x08005ea8       0x10 CMakeFiles/hoverGate_fw.elf.dir/Src/system_stm32f1xx.c.obj
                0x08005ea8                AHBPrescTable
 .rodata.APBPrescTable
                0x08005eb8        0x8 CMakeFiles/hoverGate_fw.elf.dir/Src/system_stm32f1xx.c.obj
                0x08005eb8                APBPrescTable
                0x08005ec0                . = ALIGN (0x4)

.ARM.extab      0x08005ec0       0x6c
 *(.ARM.extab* .gnu.linkonce.armextab.*)
 .ARM.extab.text._ZN11BLDC_driver15phase_set_floatEh
                0x08005ec0        0xc CMakeFiles/hoverGate_fw.elf.dir/Src/BLDC_driver.cpp.obj
 .ARM.extab.text._ZN11BLDC_driver13phase_set_lowEh
                0x08005ecc        0xc CMakeFiles/hoverGate_fw.elf.dir/Src/BLDC_driver.cpp.obj
 .ARM.extab.text._ZN11BLDC_driver13phase_set_pwmEht
                0x08005ed8        0xc CMakeFiles/hoverGate_fw.elf.dir/Src/BLDC_driver.cpp.obj
 .ARM.extab.text._ZN11BLDC_driver10set_phasesEhtbb
                0x08005ee4        0xc CMakeFiles/hoverGate_fw.elf.dir/Src/BLDC_driver.cpp.obj
 .ARM.extab.text._ZN11BLDC_driver5beginEv
                0x08005ef0        0xc CMakeFiles/hoverGate_fw.elf.dir/Src/BLDC_driver.cpp.obj
 .ARM.extab.text._ZN11BLDC_driver17interrupt_handlerEv
                0x08005efc        0xc CMakeFiles/hoverGate_fw.elf.dir/Src/BLDC_driver.cpp.obj
 .ARM.extab.text._Z18SystemClock_Configv
                0x08005f08        0xc CMakeFiles/hoverGate_fw.elf.dir/Src/main.cpp.obj
 .ARM.extab     0x08005f14       0x18 c:/arm_gcc/bin/../lib/gcc/arm-none-eabi/7.3.1/thumb/v7-m\libgcc.a(pr-support.o)

.ARM            0x08005f2c      0x118
                0x08005f2c                __exidx_start = .
 *(.ARM.exidx*)
 .ARM.exidx.text._ZN11BLDC_driverC2Ev
                0x08005fe4        0x0 CMakeFiles/hoverGate_fw.elf.dir/Src/BLDC_driver.cpp.obj
                                  0x8 (size before relaxing)
 .ARM.exidx.text._ZN11BLDC_driver15phase_set_floatEh
                0x08005fe4        0x8 CMakeFiles/hoverGate_fw.elf.dir/Src/BLDC_driver.cpp.obj
 .ARM.exidx.text._ZN11BLDC_driver13phase_set_lowEh
                0x08005fec        0x8 CMakeFiles/hoverGate_fw.elf.dir/Src/BLDC_driver.cpp.obj
 .ARM.exidx.text._ZN11BLDC_driver13phase_set_pwmEht
                0x08005ff4        0x8 CMakeFiles/hoverGate_fw.elf.dir/Src/BLDC_driver.cpp.obj
 .ARM.exidx.text._ZN11BLDC_driver10set_phasesEhtbb
                0x08005ffc        0x8 CMakeFiles/hoverGate_fw.elf.dir/Src/BLDC_driver.cpp.obj
 .ARM.exidx.text._ZN11BLDC_driver6enableEv
                0x08006004        0x8 CMakeFiles/hoverGate_fw.elf.dir/Src/BLDC_driver.cpp.obj
 .ARM.exidx.text._ZN11BLDC_driver7disableEv
                0x0800600c        0x0 CMakeFiles/hoverGate_fw.elf.dir/Src/BLDC_driver.cpp.obj
                                  0x8 (size before relaxing)
 .ARM.exidx.text._ZN11BLDC_driver5beginEv
                0x0800600c        0x8 CMakeFiles/hoverGate_fw.elf.dir/Src/BLDC_driver.cpp.obj
 .ARM.exidx.text._ZN11BLDC_driver7set_pwmEs
                0x08006014        0x8 CMakeFiles/hoverGate_fw.elf.dir/Src/BLDC_driver.cpp.obj
 .ARM.exidx.text._ZN11BLDC_driver8ramp_pwmEssm
                0x0800601c        0x0 CMakeFiles/hoverGate_fw.elf.dir/Src/BLDC_driver.cpp.obj
                                  0x8 (size before relaxing)
 .ARM.exidx.text._ZN11BLDC_driver16auto_pwm_handlerEv
                0x0800601c        0x0 CMakeFiles/hoverGate_fw.elf.dir/Src/BLDC_driver.cpp.obj
                                  0x8 (size before relaxing)
 .ARM.exidx.text._ZN11BLDC_driver17interrupt_handlerEv
                0x0800601c       0x10 CMakeFiles/hoverGate_fw.elf.dir/Src/BLDC_driver.cpp.obj
                                  0x8 (size before relaxing)
 .ARM.exidx.text.TIM3_IRQHandler
                0x0800602c        0x8 CMakeFiles/hoverGate_fw.elf.dir/Src/main.cpp.obj
 .ARM.exidx.text.main
                0x08006034        0x0 CMakeFiles/hoverGate_fw.elf.dir/Src/main.cpp.obj
                                  0x8 (size before relaxing)
 .ARM.exidx.text._Z18SystemClock_Configv
                0x08006034        0x8 CMakeFiles/hoverGate_fw.elf.dir/Src/main.cpp.obj
 .ARM.exidx.text.Error_Handler
                0x0800603c        0x8 CMakeFiles/hoverGate_fw.elf.dir/Src/main.cpp.obj
 .ARM.exidx.text._Z41__static_initialization_and_destruction_0ii
                0x08006044        0x0 CMakeFiles/hoverGate_fw.elf.dir/Src/main.cpp.obj
                                  0x8 (size before relaxing)
 .ARM.exidx.text._GLOBAL__sub_I_ADC_buffer
                0x08006044        0x0 CMakeFiles/hoverGate_fw.elf.dir/Src/main.cpp.obj
                                  0x8 (size before relaxing)
 .ARM.exidx     0x08005f2c       0x80 c:/arm_gcc/bin/../lib/gcc/arm-none-eabi/7.3.1/thumb/v7-m\libgcc.a(unwind-arm.o)
                                 0xd8 (size before relaxing)
 .ARM.exidx     0x08005fac       0x38 c:/arm_gcc/bin/../lib/gcc/arm-none-eabi/7.3.1/thumb/v7-m\libgcc.a(pr-support.o)
                                 0x48 (size before relaxing)
                0x08006044                __exidx_end = .

.rel.dyn        0x08006044        0x0
 .rel.iplt      0x08006044        0x0 c:/arm_gcc/bin/../lib/gcc/arm-none-eabi/7.3.1/thumb/v7-m/crtbegin.o

.preinit_array  0x08006044        0x0
                0x08006044                PROVIDE (__preinit_array_start = .)
 *(.preinit_array*)
                0x08006044                PROVIDE (__preinit_array_end = .)

.init_array     0x08006044        0x8
                0x08006044                PROVIDE (__init_array_start = .)
 *(SORT_BY_NAME(.init_array.*))
 *(.init_array*)
 .init_array    0x08006044        0x4 c:/arm_gcc/bin/../lib/gcc/arm-none-eabi/7.3.1/thumb/v7-m/crtbegin.o
 .init_array    0x08006048        0x4 CMakeFiles/hoverGate_fw.elf.dir/Src/main.cpp.obj
                0x0800604c                PROVIDE (__init_array_end = .)

.fini_array     0x0800604c        0x4
                [!provide]                PROVIDE (__fini_array_start = .)
 *(SORT_BY_NAME(.fini_array.*))
 *(.fini_array*)
 .fini_array    0x0800604c        0x4 c:/arm_gcc/bin/../lib/gcc/arm-none-eabi/7.3.1/thumb/v7-m/crtbegin.o
                [!provide]                PROVIDE (__fini_array_end = .)
                0x08006050                _sidata = LOADADDR (.data)

.data           0x20000000       0x70 load address 0x08006050
                0x20000000                . = ALIGN (0x4)
                0x20000000                _sdata = .
 *(.data)
 *(.data*)
 .data.uwTickPrio
                0x20000000        0x4 CMakeFiles/hoverGate_fw.elf.dir/Drivers/STM32F1xx_HAL_Driver/Src/stm32f1xx_hal.c.obj
                0x20000000                uwTickPrio
 .data.uwTickFreq
                0x20000004        0x1 CMakeFiles/hoverGate_fw.elf.dir/Drivers/STM32F1xx_HAL_Driver/Src/stm32f1xx_hal.c.obj
                0x20000004                uwTickFreq
 *fill*         0x20000005        0x3 
 .data.SystemCoreClock
                0x20000008        0x4 CMakeFiles/hoverGate_fw.elf.dir/Src/system_stm32f1xx.c.obj
                0x20000008                SystemCoreClock
 .data._impure_ptr
                0x2000000c        0x4 c:/arm_gcc/bin/../lib/gcc/arm-none-eabi/7.3.1/../../../../arm-none-eabi/lib/thumb/v7-m\libg_nano.a(lib_a-impure.o)
                0x2000000c                _impure_ptr
 .data.impure_data
                0x20000010       0x60 c:/arm_gcc/bin/../lib/gcc/arm-none-eabi/7.3.1/../../../../arm-none-eabi/lib/thumb/v7-m\libg_nano.a(lib_a-impure.o)
                0x20000070                . = ALIGN (0x4)
                0x20000070                _edata = .

.igot.plt       0x20000070        0x0 load address 0x080060c0
 .igot.plt      0x20000070        0x0 c:/arm_gcc/bin/../lib/gcc/arm-none-eabi/7.3.1/thumb/v7-m/crtbegin.o
                0x20000070                . = ALIGN (0x4)

.bss            0x20000070      0x150 load address 0x080060c0
                0x20000070                _sbss = .
                0x20000070                __bss_start__ = _sbss
 *(.bss)
 .bss           0x20000070       0x1c c:/arm_gcc/bin/../lib/gcc/arm-none-eabi/7.3.1/thumb/v7-m/crtbegin.o
 *(.bss*)
 .bss.uwTick    0x2000008c        0x4 CMakeFiles/hoverGate_fw.elf.dir/Drivers/STM32F1xx_HAL_Driver/Src/stm32f1xx_hal.c.obj
                0x2000008c                uwTick
 .bss._ZZN11BLDC_driver16auto_pwm_handlerEvE16prev_auto_pwm_en
                0x20000090        0x1 CMakeFiles/hoverGate_fw.elf.dir/Src/BLDC_driver.cpp.obj
 *fill*         0x20000091        0x3 
 .bss._ZZN11BLDC_driver16auto_pwm_handlerEvE11stepCounter
                0x20000094        0x4 CMakeFiles/hoverGate_fw.elf.dir/Src/BLDC_driver.cpp.obj
 .bss._ZZN11BLDC_driver17interrupt_handlerEvE10prevPwmLoc
                0x20000098        0x1 CMakeFiles/hoverGate_fw.elf.dir/Src/BLDC_driver.cpp.obj
 *fill*         0x20000099        0x3 
 .bss._ZGVZN11BLDC_driver17interrupt_handlerEvE10prevPwmLoc
                0x2000009c        0x4 CMakeFiles/hoverGate_fw.elf.dir/Src/BLDC_driver.cpp.obj
 .bss.hadc1     0x200000a0       0x30 CMakeFiles/hoverGate_fw.elf.dir/Src/adc.c.obj
                0x200000a0                hadc1
 .bss.hdma_adc1
                0x200000d0       0x44 CMakeFiles/hoverGate_fw.elf.dir/Src/adc.c.obj
                0x200000d0                hdma_adc1
 .bss.ADC_buffer
                0x20000114        0xc CMakeFiles/hoverGate_fw.elf.dir/Src/main.cpp.obj
                0x20000114                ADC_buffer
 .bss.BLDC      0x20000120       0x1c CMakeFiles/hoverGate_fw.elf.dir/Src/main.cpp.obj
                0x20000120                BLDC
 .bss.htim1     0x2000013c       0x40 CMakeFiles/hoverGate_fw.elf.dir/Src/tim.c.obj
                0x2000013c                htim1
 .bss.htim3     0x2000017c       0x40 CMakeFiles/hoverGate_fw.elf.dir/Src/tim.c.obj
                0x2000017c                htim3
 *(COMMON)
 COMMON         0x200001bc        0x4 c:/arm_gcc/bin/../lib/gcc/arm-none-eabi/7.3.1/../../../../arm-none-eabi/lib/thumb/v7-m\libg_nano.a(lib_a-reent.o)
                0x200001bc                errno
                0x200001c0                . = ALIGN (0x4)
                0x200001c0                _ebss = .
                0x200001c0                __bss_end__ = _ebss

._user_heap_stack
                0x200001c0      0x600 load address 0x080060c0
                0x200001c0                . = ALIGN (0x8)
                0x200001c0                PROVIDE (end = .)
                [!provide]                PROVIDE (_end = .)
                0x200003c0                . = (. + _Min_Heap_Size)
 *fill*         0x200001c0      0x200 
                0x200007c0                . = (. + _Min_Stack_Size)
 *fill*         0x200003c0      0x400 
                0x200007c0                . = ALIGN (0x8)

/DISCARD/
 libc.a(*)
 libm.a(*)
 libgcc.a(*)

.ARM.attributes
                0x00000000       0x29
 *(.ARM.attributes)
 .ARM.attributes
                0x00000000       0x1d c:/arm_gcc/bin/../lib/gcc/arm-none-eabi/7.3.1/thumb/v7-m/crti.o
 .ARM.attributes
                0x0000001d       0x2d c:/arm_gcc/bin/../lib/gcc/arm-none-eabi/7.3.1/thumb/v7-m/crtbegin.o
 .ARM.attributes
                0x0000004a       0x33 CMakeFiles/hoverGate_fw.elf.dir/Drivers/STM32F1xx_HAL_Driver/Src/stm32f1xx_hal.c.obj
 .ARM.attributes
                0x0000007d       0x33 CMakeFiles/hoverGate_fw.elf.dir/Drivers/STM32F1xx_HAL_Driver/Src/stm32f1xx_hal_adc.c.obj
 .ARM.attributes
                0x000000b0       0x33 CMakeFiles/hoverGate_fw.elf.dir/Drivers/STM32F1xx_HAL_Driver/Src/stm32f1xx_hal_adc_ex.c.obj
 .ARM.attributes
                0x000000e3       0x33 CMakeFiles/hoverGate_fw.elf.dir/Drivers/STM32F1xx_HAL_Driver/Src/stm32f1xx_hal_cortex.c.obj
 .ARM.attributes
                0x00000116       0x33 CMakeFiles/hoverGate_fw.elf.dir/Drivers/STM32F1xx_HAL_Driver/Src/stm32f1xx_hal_dma.c.obj
 .ARM.attributes
                0x00000149       0x33 CMakeFiles/hoverGate_fw.elf.dir/Drivers/STM32F1xx_HAL_Driver/Src/stm32f1xx_hal_gpio.c.obj
 .ARM.attributes
                0x0000017c       0x33 CMakeFiles/hoverGate_fw.elf.dir/Drivers/STM32F1xx_HAL_Driver/Src/stm32f1xx_hal_rcc.c.obj
 .ARM.attributes
                0x000001af       0x33 CMakeFiles/hoverGate_fw.elf.dir/Drivers/STM32F1xx_HAL_Driver/Src/stm32f1xx_hal_rcc_ex.c.obj
 .ARM.attributes
                0x000001e2       0x33 CMakeFiles/hoverGate_fw.elf.dir/Drivers/STM32F1xx_HAL_Driver/Src/stm32f1xx_hal_tim.c.obj
 .ARM.attributes
                0x00000215       0x33 CMakeFiles/hoverGate_fw.elf.dir/Drivers/STM32F1xx_HAL_Driver/Src/stm32f1xx_hal_tim_ex.c.obj
 .ARM.attributes
                0x00000248       0x33 CMakeFiles/hoverGate_fw.elf.dir/Src/BLDC_driver.cpp.obj
 .ARM.attributes
                0x0000027b       0x33 CMakeFiles/hoverGate_fw.elf.dir/Src/adc.c.obj
 .ARM.attributes
                0x000002ae       0x33 CMakeFiles/hoverGate_fw.elf.dir/Src/dma.c.obj
 .ARM.attributes
                0x000002e1       0x33 CMakeFiles/hoverGate_fw.elf.dir/Src/gpio.c.obj
 .ARM.attributes
                0x00000314       0x33 CMakeFiles/hoverGate_fw.elf.dir/Src/main.cpp.obj
 .ARM.attributes
                0x00000347       0x33 CMakeFiles/hoverGate_fw.elf.dir/Src/stm32f1xx_hal_msp.c.obj
 .ARM.attributes
                0x0000037a       0x33 CMakeFiles/hoverGate_fw.elf.dir/Src/stm32f1xx_it.c.obj
 .ARM.attributes
                0x000003ad       0x33 CMakeFiles/hoverGate_fw.elf.dir/Src/system_stm32f1xx.c.obj
 .ARM.attributes
                0x000003e0       0x33 CMakeFiles/hoverGate_fw.elf.dir/Src/tim.c.obj
 .ARM.attributes
                0x00000413       0x21 CMakeFiles/hoverGate_fw.elf.dir/startup/startup_stm32f103xb.s.obj
 .ARM.attributes
                0x00000434       0x2d c:/arm_gcc/bin/../lib/gcc/arm-none-eabi/7.3.1/../../../../arm-none-eabi/lib/thumb/v7-m\libstdc++_nano.a(guard.o)
 .ARM.attributes
                0x00000461       0x1d c:/arm_gcc/bin/../lib/gcc/arm-none-eabi/7.3.1/thumb/v7-m\libgcc.a(_arm_addsubdf3.o)
 .ARM.attributes
                0x0000047e       0x1d c:/arm_gcc/bin/../lib/gcc/arm-none-eabi/7.3.1/thumb/v7-m\libgcc.a(_arm_muldivdf3.o)
 .ARM.attributes
                0x0000049b       0x1d c:/arm_gcc/bin/../lib/gcc/arm-none-eabi/7.3.1/thumb/v7-m\libgcc.a(_arm_fixunsdfsi.o)
 .ARM.attributes
                0x000004b8       0x1d c:/arm_gcc/bin/../lib/gcc/arm-none-eabi/7.3.1/thumb/v7-m\libgcc.a(_arm_addsubsf3.o)
 .ARM.attributes
                0x000004d5       0x1d c:/arm_gcc/bin/../lib/gcc/arm-none-eabi/7.3.1/thumb/v7-m\libgcc.a(_arm_muldivsf3.o)
 .ARM.attributes
                0x000004f2       0x1d c:/arm_gcc/bin/../lib/gcc/arm-none-eabi/7.3.1/thumb/v7-m\libgcc.a(_arm_fixsfsi.o)
 .ARM.attributes
                0x0000050f       0x2d c:/arm_gcc/bin/../lib/gcc/arm-none-eabi/7.3.1/../../../../arm-none-eabi/lib/thumb/v7-m\libg_nano.a(lib_a-init.o)
 .ARM.attributes
                0x0000053c       0x2d c:/arm_gcc/bin/../lib/gcc/arm-none-eabi/7.3.1/../../../../arm-none-eabi/lib/thumb/v7-m\libg_nano.a(lib_a-memset.o)
 .ARM.attributes
                0x00000569       0x1d c:/arm_gcc/bin/../lib/gcc/arm-none-eabi/7.3.1/thumb/v7-m/crtn.o
OUTPUT(hoverGate_fw.elf elf32-littlearm)

.debug_info     0x00000000     0xbc9e
 .debug_info    0x00000000      0x6f3 CMakeFiles/hoverGate_fw.elf.dir/Drivers/STM32F1xx_HAL_Driver/Src/stm32f1xx_hal.c.obj
 .debug_info    0x000006f3      0xc56 CMakeFiles/hoverGate_fw.elf.dir/Drivers/STM32F1xx_HAL_Driver/Src/stm32f1xx_hal_adc.c.obj
 .debug_info    0x00001349      0x9f0 CMakeFiles/hoverGate_fw.elf.dir/Drivers/STM32F1xx_HAL_Driver/Src/stm32f1xx_hal_adc_ex.c.obj
 .debug_info    0x00001d39      0xb3b CMakeFiles/hoverGate_fw.elf.dir/Drivers/STM32F1xx_HAL_Driver/Src/stm32f1xx_hal_cortex.c.obj
 .debug_info    0x00002874      0x79b CMakeFiles/hoverGate_fw.elf.dir/Drivers/STM32F1xx_HAL_Driver/Src/stm32f1xx_hal_dma.c.obj
 .debug_info    0x0000300f      0x676 CMakeFiles/hoverGate_fw.elf.dir/Drivers/STM32F1xx_HAL_Driver/Src/stm32f1xx_hal_gpio.c.obj
 .debug_info    0x00003685      0x7f9 CMakeFiles/hoverGate_fw.elf.dir/Drivers/STM32F1xx_HAL_Driver/Src/stm32f1xx_hal_rcc.c.obj
 .debug_info    0x00003e7e      0x42e CMakeFiles/hoverGate_fw.elf.dir/Drivers/STM32F1xx_HAL_Driver/Src/stm32f1xx_hal_rcc_ex.c.obj
 .debug_info    0x000042ac     0x244b CMakeFiles/hoverGate_fw.elf.dir/Drivers/STM32F1xx_HAL_Driver/Src/stm32f1xx_hal_tim.c.obj
 .debug_info    0x000066f7     0x10f9 CMakeFiles/hoverGate_fw.elf.dir/Drivers/STM32F1xx_HAL_Driver/Src/stm32f1xx_hal_tim_ex.c.obj
 .debug_info    0x000077f0      0xdc6 CMakeFiles/hoverGate_fw.elf.dir/Src/BLDC_driver.cpp.obj
 .debug_info    0x000085b6      0x7f4 CMakeFiles/hoverGate_fw.elf.dir/Src/adc.c.obj
 .debug_info    0x00008daa      0x362 CMakeFiles/hoverGate_fw.elf.dir/Src/dma.c.obj
 .debug_info    0x0000910c      0x3eb CMakeFiles/hoverGate_fw.elf.dir/Src/gpio.c.obj
 .debug_info    0x000094f7      0xe74 CMakeFiles/hoverGate_fw.elf.dir/Src/main.cpp.obj
 .debug_info    0x0000a36b      0x2c0 CMakeFiles/hoverGate_fw.elf.dir/Src/stm32f1xx_hal_msp.c.obj
 .debug_info    0x0000a62b      0x698 CMakeFiles/hoverGate_fw.elf.dir/Src/stm32f1xx_it.c.obj
 .debug_info    0x0000acc3      0x428 CMakeFiles/hoverGate_fw.elf.dir/Src/system_stm32f1xx.c.obj
 .debug_info    0x0000b0eb      0xb91 CMakeFiles/hoverGate_fw.elf.dir/Src/tim.c.obj
 .debug_info    0x0000bc7c       0x22 CMakeFiles/hoverGate_fw.elf.dir/startup/startup_stm32f103xb.s.obj

.debug_abbrev   0x00000000     0x2226
 .debug_abbrev  0x00000000      0x1d5 CMakeFiles/hoverGate_fw.elf.dir/Drivers/STM32F1xx_HAL_Driver/Src/stm32f1xx_hal.c.obj
 .debug_abbrev  0x000001d5      0x1d2 CMakeFiles/hoverGate_fw.elf.dir/Drivers/STM32F1xx_HAL_Driver/Src/stm32f1xx_hal_adc.c.obj
 .debug_abbrev  0x000003a7      0x1f2 CMakeFiles/hoverGate_fw.elf.dir/Drivers/STM32F1xx_HAL_Driver/Src/stm32f1xx_hal_adc_ex.c.obj
 .debug_abbrev  0x00000599      0x2d2 CMakeFiles/hoverGate_fw.elf.dir/Drivers/STM32F1xx_HAL_Driver/Src/stm32f1xx_hal_cortex.c.obj
 .debug_abbrev  0x0000086b      0x1fb CMakeFiles/hoverGate_fw.elf.dir/Drivers/STM32F1xx_HAL_Driver/Src/stm32f1xx_hal_dma.c.obj
 .debug_abbrev  0x00000a66      0x1bd CMakeFiles/hoverGate_fw.elf.dir/Drivers/STM32F1xx_HAL_Driver/Src/stm32f1xx_hal_gpio.c.obj
 .debug_abbrev  0x00000c23      0x240 CMakeFiles/hoverGate_fw.elf.dir/Drivers/STM32F1xx_HAL_Driver/Src/stm32f1xx_hal_rcc.c.obj
 .debug_abbrev  0x00000e63      0x172 CMakeFiles/hoverGate_fw.elf.dir/Drivers/STM32F1xx_HAL_Driver/Src/stm32f1xx_hal_rcc_ex.c.obj
 .debug_abbrev  0x00000fd5      0x22d CMakeFiles/hoverGate_fw.elf.dir/Drivers/STM32F1xx_HAL_Driver/Src/stm32f1xx_hal_tim.c.obj
 .debug_abbrev  0x00001202      0x21b CMakeFiles/hoverGate_fw.elf.dir/Drivers/STM32F1xx_HAL_Driver/Src/stm32f1xx_hal_tim_ex.c.obj
 .debug_abbrev  0x0000141d      0x26e CMakeFiles/hoverGate_fw.elf.dir/Src/BLDC_driver.cpp.obj
 .debug_abbrev  0x0000168b      0x1a7 CMakeFiles/hoverGate_fw.elf.dir/Src/adc.c.obj
 .debug_abbrev  0x00001832      0x104 CMakeFiles/hoverGate_fw.elf.dir/Src/dma.c.obj
 .debug_abbrev  0x00001936      0x131 CMakeFiles/hoverGate_fw.elf.dir/Src/gpio.c.obj
 .debug_abbrev  0x00001a67      0x26f CMakeFiles/hoverGate_fw.elf.dir/Src/main.cpp.obj
 .debug_abbrev  0x00001cd6      0x106 CMakeFiles/hoverGate_fw.elf.dir/Src/stm32f1xx_hal_msp.c.obj
 .debug_abbrev  0x00001ddc      0x157 CMakeFiles/hoverGate_fw.elf.dir/Src/stm32f1xx_it.c.obj
 .debug_abbrev  0x00001f33      0x131 CMakeFiles/hoverGate_fw.elf.dir/Src/system_stm32f1xx.c.obj
 .debug_abbrev  0x00002064      0x1b0 CMakeFiles/hoverGate_fw.elf.dir/Src/tim.c.obj
 .debug_abbrev  0x00002214       0x12 CMakeFiles/hoverGate_fw.elf.dir/startup/startup_stm32f103xb.s.obj

.debug_aranges  0x00000000      0xc40
 .debug_aranges
                0x00000000       0xe0 CMakeFiles/hoverGate_fw.elf.dir/Drivers/STM32F1xx_HAL_Driver/Src/stm32f1xx_hal.c.obj
 .debug_aranges
                0x000000e0       0xf0 CMakeFiles/hoverGate_fw.elf.dir/Drivers/STM32F1xx_HAL_Driver/Src/stm32f1xx_hal_adc.c.obj
 .debug_aranges
                0x000001d0       0x80 CMakeFiles/hoverGate_fw.elf.dir/Drivers/STM32F1xx_HAL_Driver/Src/stm32f1xx_hal_adc_ex.c.obj
 .debug_aranges
                0x00000250      0x100 CMakeFiles/hoverGate_fw.elf.dir/Drivers/STM32F1xx_HAL_Driver/Src/stm32f1xx_hal_cortex.c.obj
 .debug_aranges
                0x00000350       0x80 CMakeFiles/hoverGate_fw.elf.dir/Drivers/STM32F1xx_HAL_Driver/Src/stm32f1xx_hal_dma.c.obj
 .debug_aranges
                0x000003d0       0x58 CMakeFiles/hoverGate_fw.elf.dir/Drivers/STM32F1xx_HAL_Driver/Src/stm32f1xx_hal_gpio.c.obj
 .debug_aranges
                0x00000428       0x90 CMakeFiles/hoverGate_fw.elf.dir/Drivers/STM32F1xx_HAL_Driver/Src/stm32f1xx_hal_rcc.c.obj
 .debug_aranges
                0x000004b8       0x30 CMakeFiles/hoverGate_fw.elf.dir/Drivers/STM32F1xx_HAL_Driver/Src/stm32f1xx_hal_rcc_ex.c.obj
 .debug_aranges
                0x000004e8      0x3a8 CMakeFiles/hoverGate_fw.elf.dir/Drivers/STM32F1xx_HAL_Driver/Src/stm32f1xx_hal_tim.c.obj
 .debug_aranges
                0x00000890      0x150 CMakeFiles/hoverGate_fw.elf.dir/Drivers/STM32F1xx_HAL_Driver/Src/stm32f1xx_hal_tim_ex.c.obj
 .debug_aranges
                0x000009e0       0x90 CMakeFiles/hoverGate_fw.elf.dir/Src/BLDC_driver.cpp.obj
 .debug_aranges
                0x00000a70       0x30 CMakeFiles/hoverGate_fw.elf.dir/Src/adc.c.obj
 .debug_aranges
                0x00000aa0       0x20 CMakeFiles/hoverGate_fw.elf.dir/Src/dma.c.obj
 .debug_aranges
                0x00000ac0       0x20 CMakeFiles/hoverGate_fw.elf.dir/Src/gpio.c.obj
 .debug_aranges
                0x00000ae0       0x48 CMakeFiles/hoverGate_fw.elf.dir/Src/main.cpp.obj
 .debug_aranges
                0x00000b28       0x20 CMakeFiles/hoverGate_fw.elf.dir/Src/stm32f1xx_hal_msp.c.obj
 .debug_aranges
                0x00000b48       0x68 CMakeFiles/hoverGate_fw.elf.dir/Src/stm32f1xx_it.c.obj
 .debug_aranges
                0x00000bb0       0x28 CMakeFiles/hoverGate_fw.elf.dir/Src/system_stm32f1xx.c.obj
 .debug_aranges
                0x00000bd8       0x40 CMakeFiles/hoverGate_fw.elf.dir/Src/tim.c.obj
 .debug_aranges
                0x00000c18       0x28 CMakeFiles/hoverGate_fw.elf.dir/startup/startup_stm32f103xb.s.obj

.debug_ranges   0x00000000      0xb08
 .debug_ranges  0x00000000       0xd0 CMakeFiles/hoverGate_fw.elf.dir/Drivers/STM32F1xx_HAL_Driver/Src/stm32f1xx_hal.c.obj
 .debug_ranges  0x000000d0       0xe0 CMakeFiles/hoverGate_fw.elf.dir/Drivers/STM32F1xx_HAL_Driver/Src/stm32f1xx_hal_adc.c.obj
 .debug_ranges  0x000001b0       0x70 CMakeFiles/hoverGate_fw.elf.dir/Drivers/STM32F1xx_HAL_Driver/Src/stm32f1xx_hal_adc_ex.c.obj
 .debug_ranges  0x00000220       0xf0 CMakeFiles/hoverGate_fw.elf.dir/Drivers/STM32F1xx_HAL_Driver/Src/stm32f1xx_hal_cortex.c.obj
 .debug_ranges  0x00000310       0x70 CMakeFiles/hoverGate_fw.elf.dir/Drivers/STM32F1xx_HAL_Driver/Src/stm32f1xx_hal_dma.c.obj
 .debug_ranges  0x00000380       0x48 CMakeFiles/hoverGate_fw.elf.dir/Drivers/STM32F1xx_HAL_Driver/Src/stm32f1xx_hal_gpio.c.obj
 .debug_ranges  0x000003c8       0x80 CMakeFiles/hoverGate_fw.elf.dir/Drivers/STM32F1xx_HAL_Driver/Src/stm32f1xx_hal_rcc.c.obj
 .debug_ranges  0x00000448       0x20 CMakeFiles/hoverGate_fw.elf.dir/Drivers/STM32F1xx_HAL_Driver/Src/stm32f1xx_hal_rcc_ex.c.obj
 .debug_ranges  0x00000468      0x398 CMakeFiles/hoverGate_fw.elf.dir/Drivers/STM32F1xx_HAL_Driver/Src/stm32f1xx_hal_tim.c.obj
 .debug_ranges  0x00000800      0x140 CMakeFiles/hoverGate_fw.elf.dir/Drivers/STM32F1xx_HAL_Driver/Src/stm32f1xx_hal_tim_ex.c.obj
 .debug_ranges  0x00000940       0x80 CMakeFiles/hoverGate_fw.elf.dir/Src/BLDC_driver.cpp.obj
 .debug_ranges  0x000009c0       0x20 CMakeFiles/hoverGate_fw.elf.dir/Src/adc.c.obj
 .debug_ranges  0x000009e0       0x10 CMakeFiles/hoverGate_fw.elf.dir/Src/dma.c.obj
 .debug_ranges  0x000009f0       0x10 CMakeFiles/hoverGate_fw.elf.dir/Src/gpio.c.obj
 .debug_ranges  0x00000a00       0x38 CMakeFiles/hoverGate_fw.elf.dir/Src/main.cpp.obj
 .debug_ranges  0x00000a38       0x10 CMakeFiles/hoverGate_fw.elf.dir/Src/stm32f1xx_hal_msp.c.obj
 .debug_ranges  0x00000a48       0x58 CMakeFiles/hoverGate_fw.elf.dir/Src/stm32f1xx_it.c.obj
 .debug_ranges  0x00000aa0       0x18 CMakeFiles/hoverGate_fw.elf.dir/Src/system_stm32f1xx.c.obj
 .debug_ranges  0x00000ab8       0x30 CMakeFiles/hoverGate_fw.elf.dir/Src/tim.c.obj
 .debug_ranges  0x00000ae8       0x20 CMakeFiles/hoverGate_fw.elf.dir/startup/startup_stm32f103xb.s.obj

.debug_line     0x00000000     0x618a
 .debug_line    0x00000000      0x41e CMakeFiles/hoverGate_fw.elf.dir/Drivers/STM32F1xx_HAL_Driver/Src/stm32f1xx_hal.c.obj
 .debug_line    0x0000041e      0x7ad CMakeFiles/hoverGate_fw.elf.dir/Drivers/STM32F1xx_HAL_Driver/Src/stm32f1xx_hal_adc.c.obj
 .debug_line    0x00000bcb      0x60b CMakeFiles/hoverGate_fw.elf.dir/Drivers/STM32F1xx_HAL_Driver/Src/stm32f1xx_hal_adc_ex.c.obj
 .debug_line    0x000011d6      0x4ef CMakeFiles/hoverGate_fw.elf.dir/Drivers/STM32F1xx_HAL_Driver/Src/stm32f1xx_hal_cortex.c.obj
 .debug_line    0x000016c5      0x6ab CMakeFiles/hoverGate_fw.elf.dir/Drivers/STM32F1xx_HAL_Driver/Src/stm32f1xx_hal_dma.c.obj
 .debug_line    0x00001d70      0x436 CMakeFiles/hoverGate_fw.elf.dir/Drivers/STM32F1xx_HAL_Driver/Src/stm32f1xx_hal_gpio.c.obj
 .debug_line    0x000021a6      0x538 CMakeFiles/hoverGate_fw.elf.dir/Drivers/STM32F1xx_HAL_Driver/Src/stm32f1xx_hal_rcc.c.obj
 .debug_line    0x000026de      0x327 CMakeFiles/hoverGate_fw.elf.dir/Drivers/STM32F1xx_HAL_Driver/Src/stm32f1xx_hal_rcc_ex.c.obj
 .debug_line    0x00002a05     0x1321 CMakeFiles/hoverGate_fw.elf.dir/Drivers/STM32F1xx_HAL_Driver/Src/stm32f1xx_hal_tim.c.obj
 .debug_line    0x00003d26      0x888 CMakeFiles/hoverGate_fw.elf.dir/Drivers/STM32F1xx_HAL_Driver/Src/stm32f1xx_hal_tim_ex.c.obj
 .debug_line    0x000045ae      0x546 CMakeFiles/hoverGate_fw.elf.dir/Src/BLDC_driver.cpp.obj
 .debug_line    0x00004af4      0x305 CMakeFiles/hoverGate_fw.elf.dir/Src/adc.c.obj
 .debug_line    0x00004df9      0x211 CMakeFiles/hoverGate_fw.elf.dir/Src/dma.c.obj
 .debug_line    0x0000500a      0x24a CMakeFiles/hoverGate_fw.elf.dir/Src/gpio.c.obj
 .debug_line    0x00005254      0x3b0 CMakeFiles/hoverGate_fw.elf.dir/Src/main.cpp.obj
 .debug_line    0x00005604      0x220 CMakeFiles/hoverGate_fw.elf.dir/Src/stm32f1xx_hal_msp.c.obj
 .debug_line    0x00005824      0x308 CMakeFiles/hoverGate_fw.elf.dir/Src/stm32f1xx_it.c.obj
 .debug_line    0x00005b2c      0x269 CMakeFiles/hoverGate_fw.elf.dir/Src/system_stm32f1xx.c.obj
 .debug_line    0x00005d95      0x34c CMakeFiles/hoverGate_fw.elf.dir/Src/tim.c.obj
 .debug_line    0x000060e1       0xa9 CMakeFiles/hoverGate_fw.elf.dir/startup/startup_stm32f103xb.s.obj

.debug_str      0x00000000     0x3dbf
 .debug_str     0x00000000      0x7e2 CMakeFiles/hoverGate_fw.elf.dir/Drivers/STM32F1xx_HAL_Driver/Src/stm32f1xx_hal.c.obj
                                0x86c (size before relaxing)
 .debug_str     0x000007e2      0x598 CMakeFiles/hoverGate_fw.elf.dir/Drivers/STM32F1xx_HAL_Driver/Src/stm32f1xx_hal_adc.c.obj
                                0x96c (size before relaxing)
 .debug_str     0x00000d7a      0x2e0 CMakeFiles/hoverGate_fw.elf.dir/Drivers/STM32F1xx_HAL_Driver/Src/stm32f1xx_hal_adc_ex.c.obj
                                0x91c (size before relaxing)
 .debug_str     0x0000105a      0x42d CMakeFiles/hoverGate_fw.elf.dir/Drivers/STM32F1xx_HAL_Driver/Src/stm32f1xx_hal_cortex.c.obj
                                0x9d3 (size before relaxing)
 .debug_str     0x00001487      0x26b CMakeFiles/hoverGate_fw.elf.dir/Drivers/STM32F1xx_HAL_Driver/Src/stm32f1xx_hal_dma.c.obj
                                0x715 (size before relaxing)
 .debug_str     0x000016f2      0x1db CMakeFiles/hoverGate_fw.elf.dir/Drivers/STM32F1xx_HAL_Driver/Src/stm32f1xx_hal_gpio.c.obj
                                0x524 (size before relaxing)
 .debug_str     0x000018cd      0x303 CMakeFiles/hoverGate_fw.elf.dir/Drivers/STM32F1xx_HAL_Driver/Src/stm32f1xx_hal_rcc.c.obj
                                0x6df (size before relaxing)
 .debug_str     0x00001bd0      0x13e CMakeFiles/hoverGate_fw.elf.dir/Drivers/STM32F1xx_HAL_Driver/Src/stm32f1xx_hal_rcc_ex.c.obj
                                0x4c4 (size before relaxing)
 .debug_str     0x00001d0e      0xf85 CMakeFiles/hoverGate_fw.elf.dir/Drivers/STM32F1xx_HAL_Driver/Src/stm32f1xx_hal_tim.c.obj
                               0x1502 (size before relaxing)
 .debug_str     0x00002c93      0x5a5 CMakeFiles/hoverGate_fw.elf.dir/Drivers/STM32F1xx_HAL_Driver/Src/stm32f1xx_hal_tim_ex.c.obj
                                0xd02 (size before relaxing)
 .debug_str     0x00003238      0x680 CMakeFiles/hoverGate_fw.elf.dir/Src/BLDC_driver.cpp.obj
                                0xc99 (size before relaxing)
 .debug_str     0x000038b8       0x70 CMakeFiles/hoverGate_fw.elf.dir/Src/adc.c.obj
                                0x6f9 (size before relaxing)
 .debug_str     0x00003928       0x45 CMakeFiles/hoverGate_fw.elf.dir/Src/dma.c.obj
                                0x5d7 (size before relaxing)
 .debug_str     0x0000396d       0x47 CMakeFiles/hoverGate_fw.elf.dir/Src/gpio.c.obj
                                0x3aa (size before relaxing)
 .debug_str     0x000039b4      0x17b CMakeFiles/hoverGate_fw.elf.dir/Src/main.cpp.obj
                               0x1011 (size before relaxing)
 .debug_str     0x00003b2f       0x47 CMakeFiles/hoverGate_fw.elf.dir/Src/stm32f1xx_hal_msp.c.obj
                                0x33e (size before relaxing)
 .debug_str     0x00003b76       0xeb CMakeFiles/hoverGate_fw.elf.dir/Src/stm32f1xx_it.c.obj
                                0x724 (size before relaxing)
 .debug_str     0x00003c61       0x79 CMakeFiles/hoverGate_fw.elf.dir/Src/system_stm32f1xx.c.obj
                                0x393 (size before relaxing)
 .debug_str     0x00003cda       0x8a CMakeFiles/hoverGate_fw.elf.dir/Src/tim.c.obj
                                0xc24 (size before relaxing)
 .debug_str     0x00003d64       0x5b CMakeFiles/hoverGate_fw.elf.dir/startup/startup_stm32f103xb.s.obj
                                 0x9c (size before relaxing)

.comment        0x00000000       0x7f
 .comment       0x00000000       0x7f CMakeFiles/hoverGate_fw.elf.dir/Drivers/STM32F1xx_HAL_Driver/Src/stm32f1xx_hal.c.obj
                                 0x80 (size before relaxing)
 .comment       0x0000007f       0x80 CMakeFiles/hoverGate_fw.elf.dir/Drivers/STM32F1xx_HAL_Driver/Src/stm32f1xx_hal_adc.c.obj
 .comment       0x0000007f       0x80 CMakeFiles/hoverGate_fw.elf.dir/Drivers/STM32F1xx_HAL_Driver/Src/stm32f1xx_hal_adc_ex.c.obj
 .comment       0x0000007f       0x80 CMakeFiles/hoverGate_fw.elf.dir/Drivers/STM32F1xx_HAL_Driver/Src/stm32f1xx_hal_cortex.c.obj
 .comment       0x0000007f       0x80 CMakeFiles/hoverGate_fw.elf.dir/Drivers/STM32F1xx_HAL_Driver/Src/stm32f1xx_hal_dma.c.obj
 .comment       0x0000007f       0x80 CMakeFiles/hoverGate_fw.elf.dir/Drivers/STM32F1xx_HAL_Driver/Src/stm32f1xx_hal_gpio.c.obj
 .comment       0x0000007f       0x80 CMakeFiles/hoverGate_fw.elf.dir/Drivers/STM32F1xx_HAL_Driver/Src/stm32f1xx_hal_rcc.c.obj
 .comment       0x0000007f       0x80 CMakeFiles/hoverGate_fw.elf.dir/Drivers/STM32F1xx_HAL_Driver/Src/stm32f1xx_hal_rcc_ex.c.obj
 .comment       0x0000007f       0x80 CMakeFiles/hoverGate_fw.elf.dir/Drivers/STM32F1xx_HAL_Driver/Src/stm32f1xx_hal_tim.c.obj
 .comment       0x0000007f       0x80 CMakeFiles/hoverGate_fw.elf.dir/Drivers/STM32F1xx_HAL_Driver/Src/stm32f1xx_hal_tim_ex.c.obj
 .comment       0x0000007f       0x80 CMakeFiles/hoverGate_fw.elf.dir/Src/BLDC_driver.cpp.obj
 .comment       0x0000007f       0x80 CMakeFiles/hoverGate_fw.elf.dir/Src/adc.c.obj
 .comment       0x0000007f       0x80 CMakeFiles/hoverGate_fw.elf.dir/Src/dma.c.obj
 .comment       0x0000007f       0x80 CMakeFiles/hoverGate_fw.elf.dir/Src/gpio.c.obj
 .comment       0x0000007f       0x80 CMakeFiles/hoverGate_fw.elf.dir/Src/main.cpp.obj
 .comment       0x0000007f       0x80 CMakeFiles/hoverGate_fw.elf.dir/Src/stm32f1xx_hal_msp.c.obj
 .comment       0x0000007f       0x80 CMakeFiles/hoverGate_fw.elf.dir/Src/stm32f1xx_it.c.obj
 .comment       0x0000007f       0x80 CMakeFiles/hoverGate_fw.elf.dir/Src/system_stm32f1xx.c.obj
 .comment       0x0000007f       0x80 CMakeFiles/hoverGate_fw.elf.dir/Src/tim.c.obj

.debug_frame    0x00000000     0x32e4
 .debug_frame   0x00000000      0x334 CMakeFiles/hoverGate_fw.elf.dir/Drivers/STM32F1xx_HAL_Driver/Src/stm32f1xx_hal.c.obj
 .debug_frame   0x00000334      0x40c CMakeFiles/hoverGate_fw.elf.dir/Drivers/STM32F1xx_HAL_Driver/Src/stm32f1xx_hal_adc.c.obj
 .debug_frame   0x00000740      0x204 CMakeFiles/hoverGate_fw.elf.dir/Drivers/STM32F1xx_HAL_Driver/Src/stm32f1xx_hal_adc_ex.c.obj
 .debug_frame   0x00000944      0x428 CMakeFiles/hoverGate_fw.elf.dir/Drivers/STM32F1xx_HAL_Driver/Src/stm32f1xx_hal_cortex.c.obj
 .debug_frame   0x00000d6c      0x208 CMakeFiles/hoverGate_fw.elf.dir/Drivers/STM32F1xx_HAL_Driver/Src/stm32f1xx_hal_dma.c.obj
 .debug_frame   0x00000f74      0x14c CMakeFiles/hoverGate_fw.elf.dir/Drivers/STM32F1xx_HAL_Driver/Src/stm32f1xx_hal_gpio.c.obj
 .debug_frame   0x000010c0      0x21c CMakeFiles/hoverGate_fw.elf.dir/Drivers/STM32F1xx_HAL_Driver/Src/stm32f1xx_hal_rcc.c.obj
 .debug_frame   0x000012dc       0x84 CMakeFiles/hoverGate_fw.elf.dir/Drivers/STM32F1xx_HAL_Driver/Src/stm32f1xx_hal_rcc_ex.c.obj
 .debug_frame   0x00001360     0x10e8 CMakeFiles/hoverGate_fw.elf.dir/Drivers/STM32F1xx_HAL_Driver/Src/stm32f1xx_hal_tim.c.obj
 .debug_frame   0x00002448      0x5c0 CMakeFiles/hoverGate_fw.elf.dir/Drivers/STM32F1xx_HAL_Driver/Src/stm32f1xx_hal_tim_ex.c.obj
 .debug_frame   0x00002a08      0x25c CMakeFiles/hoverGate_fw.elf.dir/Src/BLDC_driver.cpp.obj
 .debug_frame   0x00002c64       0x7c CMakeFiles/hoverGate_fw.elf.dir/Src/adc.c.obj
 .debug_frame   0x00002ce0       0x34 CMakeFiles/hoverGate_fw.elf.dir/Src/dma.c.obj
 .debug_frame   0x00002d14       0x34 CMakeFiles/hoverGate_fw.elf.dir/Src/gpio.c.obj
 .debug_frame   0x00002d48       0xcc CMakeFiles/hoverGate_fw.elf.dir/Src/main.cpp.obj
 .debug_frame   0x00002e14       0x38 CMakeFiles/hoverGate_fw.elf.dir/Src/stm32f1xx_hal_msp.c.obj
 .debug_frame   0x00002e4c      0x128 CMakeFiles/hoverGate_fw.elf.dir/Src/stm32f1xx_it.c.obj
 .debug_frame   0x00002f74       0x58 CMakeFiles/hoverGate_fw.elf.dir/Src/system_stm32f1xx.c.obj
 .debug_frame   0x00002fcc       0xc4 CMakeFiles/hoverGate_fw.elf.dir/Src/tim.c.obj
 .debug_frame   0x00003090       0x40 c:/arm_gcc/bin/../lib/gcc/arm-none-eabi/7.3.1/../../../../arm-none-eabi/lib/thumb/v7-m\libstdc++_nano.a(guard.o)
 .debug_frame   0x000030d0       0xac c:/arm_gcc/bin/../lib/gcc/arm-none-eabi/7.3.1/thumb/v7-m\libgcc.a(_arm_addsubdf3.o)
 .debug_frame   0x0000317c       0x50 c:/arm_gcc/bin/../lib/gcc/arm-none-eabi/7.3.1/thumb/v7-m\libgcc.a(_arm_muldivdf3.o)
 .debug_frame   0x000031cc       0x24 c:/arm_gcc/bin/../lib/gcc/arm-none-eabi/7.3.1/thumb/v7-m\libgcc.a(_arm_fixunsdfsi.o)
 .debug_frame   0x000031f0       0x4c c:/arm_gcc/bin/../lib/gcc/arm-none-eabi/7.3.1/thumb/v7-m\libgcc.a(_arm_addsubsf3.o)
 .debug_frame   0x0000323c       0x38 c:/arm_gcc/bin/../lib/gcc/arm-none-eabi/7.3.1/thumb/v7-m\libgcc.a(_arm_muldivsf3.o)
 .debug_frame   0x00003274       0x24 c:/arm_gcc/bin/../lib/gcc/arm-none-eabi/7.3.1/thumb/v7-m\libgcc.a(_arm_fixsfsi.o)
 .debug_frame   0x00003298       0x2c c:/arm_gcc/bin/../lib/gcc/arm-none-eabi/7.3.1/../../../../arm-none-eabi/lib/thumb/v7-m\libg_nano.a(lib_a-init.o)
 .debug_frame   0x000032c4       0x20 c:/arm_gcc/bin/../lib/gcc/arm-none-eabi/7.3.1/../../../../arm-none-eabi/lib/thumb/v7-m\libg_nano.a(lib_a-memset.o)
