Archive member included to satisfy reference by file (symbol)

c:/arm_gcc/bin/../lib/gcc/arm-none-eabi/7.3.1/thumb/v7-m\libgcc.a(unwind-arm.o)
                              CMakeFiles/hoverGate_fw.elf.dir/Src/main.cpp.obj (__aeabi_unwind_cpp_pr0)
c:/arm_gcc/bin/../lib/gcc/arm-none-eabi/7.3.1/thumb/v7-m\libgcc.a(libunwind.o)
                              c:/arm_gcc/bin/../lib/gcc/arm-none-eabi/7.3.1/thumb/v7-m\libgcc.a(unwind-arm.o) (restore_core_regs)
c:/arm_gcc/bin/../lib/gcc/arm-none-eabi/7.3.1/thumb/v7-m\libgcc.a(pr-support.o)
                              c:/arm_gcc/bin/../lib/gcc/arm-none-eabi/7.3.1/thumb/v7-m\libgcc.a(unwind-arm.o) (__gnu_unwind_execute)
c:/arm_gcc/bin/../lib/gcc/arm-none-eabi/7.3.1/../../../../arm-none-eabi/lib/thumb/v7-m\libg_nano.a(lib_a-abort.o)
                              c:/arm_gcc/bin/../lib/gcc/arm-none-eabi/7.3.1/thumb/v7-m\libgcc.a(unwind-arm.o) (abort)
c:/arm_gcc/bin/../lib/gcc/arm-none-eabi/7.3.1/../../../../arm-none-eabi/lib/thumb/v7-m\libg_nano.a(lib_a-errno.o)
                              CMakeFiles/hoverGate_fw.elf.dir/Src/syscalls.c.obj (__errno)
c:/arm_gcc/bin/../lib/gcc/arm-none-eabi/7.3.1/../../../../arm-none-eabi/lib/thumb/v7-m\libg_nano.a(lib_a-exit.o)
                              c:/arm_gcc/bin/../lib/gcc/arm-none-eabi/7.3.1/../../../../arm-none-eabi/lib/thumb/v7-m/crt0.o (exit)
c:/arm_gcc/bin/../lib/gcc/arm-none-eabi/7.3.1/../../../../arm-none-eabi/lib/thumb/v7-m\libg_nano.a(lib_a-impure.o)
                              c:/arm_gcc/bin/../lib/gcc/arm-none-eabi/7.3.1/../../../../arm-none-eabi/lib/thumb/v7-m\libg_nano.a(lib_a-exit.o) (_global_impure_ptr)
c:/arm_gcc/bin/../lib/gcc/arm-none-eabi/7.3.1/../../../../arm-none-eabi/lib/thumb/v7-m\libg_nano.a(lib_a-init.o)
                              c:/arm_gcc/bin/../lib/gcc/arm-none-eabi/7.3.1/../../../../arm-none-eabi/lib/thumb/v7-m/crt0.o (__libc_init_array)
c:/arm_gcc/bin/../lib/gcc/arm-none-eabi/7.3.1/../../../../arm-none-eabi/lib/thumb/v7-m\libg_nano.a(lib_a-memcpy-stub.o)
                              c:/arm_gcc/bin/../lib/gcc/arm-none-eabi/7.3.1/thumb/v7-m\libgcc.a(unwind-arm.o) (memcpy)
c:/arm_gcc/bin/../lib/gcc/arm-none-eabi/7.3.1/../../../../arm-none-eabi/lib/thumb/v7-m\libg_nano.a(lib_a-memset.o)
                              c:/arm_gcc/bin/../lib/gcc/arm-none-eabi/7.3.1/../../../../arm-none-eabi/lib/thumb/v7-m/crt0.o (memset)
c:/arm_gcc/bin/../lib/gcc/arm-none-eabi/7.3.1/../../../../arm-none-eabi/lib/thumb/v7-m\libg_nano.a(lib_a-signal.o)
                              c:/arm_gcc/bin/../lib/gcc/arm-none-eabi/7.3.1/../../../../arm-none-eabi/lib/thumb/v7-m\libg_nano.a(lib_a-abort.o) (raise)
c:/arm_gcc/bin/../lib/gcc/arm-none-eabi/7.3.1/../../../../arm-none-eabi/lib/thumb/v7-m\libg_nano.a(lib_a-signalr.o)
                              c:/arm_gcc/bin/../lib/gcc/arm-none-eabi/7.3.1/../../../../arm-none-eabi/lib/thumb/v7-m\libg_nano.a(lib_a-signal.o) (_kill_r)
c:/arm_gcc/bin/../lib/gcc/arm-none-eabi/7.3.1/../../../../arm-none-eabi/lib/thumb/v7-m\libg_nano.a(lib_a-nano-mallocr.o)
                              c:/arm_gcc/bin/../lib/gcc/arm-none-eabi/7.3.1/../../../../arm-none-eabi/lib/thumb/v7-m\libg_nano.a(lib_a-signal.o) (_malloc_r)
c:/arm_gcc/bin/../lib/gcc/arm-none-eabi/7.3.1/../../../../arm-none-eabi/lib/thumb/v7-m\libg_nano.a(lib_a-reent.o)
                              c:/arm_gcc/bin/../lib/gcc/arm-none-eabi/7.3.1/../../../../arm-none-eabi/lib/thumb/v7-m\libg_nano.a(lib_a-signalr.o) (errno)
c:/arm_gcc/bin/../lib/gcc/arm-none-eabi/7.3.1/../../../../arm-none-eabi/lib/thumb/v7-m\libg_nano.a(lib_a-sbrkr.o)
                              c:/arm_gcc/bin/../lib/gcc/arm-none-eabi/7.3.1/../../../../arm-none-eabi/lib/thumb/v7-m\libg_nano.a(lib_a-nano-mallocr.o) (_sbrk_r)
c:/arm_gcc/bin/../lib/gcc/arm-none-eabi/7.3.1/../../../../arm-none-eabi/lib/thumb/v7-m\libg_nano.a(lib_a-mlock.o)
                              c:/arm_gcc/bin/../lib/gcc/arm-none-eabi/7.3.1/../../../../arm-none-eabi/lib/thumb/v7-m\libg_nano.a(lib_a-nano-mallocr.o) (__malloc_lock)
c:/arm_gcc/bin/../lib/gcc/arm-none-eabi/7.3.1/../../../../arm-none-eabi/lib/thumb/v7-m\libg_nano.a(lib_a-nano-freer.o)
                              c:/arm_gcc/bin/../lib/gcc/arm-none-eabi/7.3.1/../../../../arm-none-eabi/lib/thumb/v7-m\libg_nano.a(lib_a-reent.o) (_free_r)

Allocating common symbols
Common symbol       size              file

errno               0x4               c:/arm_gcc/bin/../lib/gcc/arm-none-eabi/7.3.1/../../../../arm-none-eabi/lib/thumb/v7-m\libg_nano.a(lib_a-reent.o)

Discarded input sections

 .text          0x00000000        0x0 c:/arm_gcc/bin/../lib/gcc/arm-none-eabi/7.3.1/thumb/v7-m/crti.o
 .data          0x00000000        0x0 c:/arm_gcc/bin/../lib/gcc/arm-none-eabi/7.3.1/thumb/v7-m/crti.o
 .bss           0x00000000        0x0 c:/arm_gcc/bin/../lib/gcc/arm-none-eabi/7.3.1/thumb/v7-m/crti.o
 .data          0x00000000        0x4 c:/arm_gcc/bin/../lib/gcc/arm-none-eabi/7.3.1/thumb/v7-m/crtbegin.o
[...]
Memory Configuration

Name             Origin             Length             Attributes
RAM              0x20000000         0x00005000         xrw
FLASH            0x08000000         0x00010000         xr
*default*        0x00000000         0xffffffff

Linker script and memory map

LOAD c:/arm_gcc/bin/../lib/gcc/arm-none-eabi/7.3.1/thumb/v7-m/crti.o
LOAD c:/arm_gcc/bin/../lib/gcc/arm-none-eabi/7.3.1/thumb/v7-m/crtbegin.o
LOAD c:/arm_gcc/bin/../lib/gcc/arm-none-eabi/7.3.1/../../../../arm-none-eabi/lib/thumb/v7-m/crt0.o
LOAD CMakeFiles/hoverGate_fw.elf.dir/Drivers/STM32F1xx_HAL_Driver/Src/stm32f1xx_hal.c.obj
LOAD CMakeFiles/hoverGate_fw.elf.dir/Drivers/STM32F1xx_HAL_Driver/Src/stm32f1xx_hal_adc.c.obj
LOAD CMakeFiles/hoverGate_fw.elf.dir/Drivers/STM32F1xx_HAL_Driver/Src/stm32f1xx_hal_adc_ex.c.obj
LOAD CMakeFiles/hoverGate_fw.elf.dir/Drivers/STM32F1xx_HAL_Driver/Src/stm32f1xx_hal_cortex.c.obj
LOAD CMakeFiles/hoverGate_fw.elf.dir/Drivers/STM32F1xx_HAL_Driver/Src/stm32f1xx_hal_dma.c.obj
LOAD CMakeFiles/hoverGate_fw.elf.dir/Drivers/STM32F1xx_HAL_Driver/Src/stm32f1xx_hal_exti.c.obj
LOAD CMakeFiles/hoverGate_fw.elf.dir/Drivers/STM32F1xx_HAL_Driver/Src/stm32f1xx_hal_flash.c.obj
LOAD CMakeFiles/hoverGate_fw.elf.dir/Drivers/STM32F1xx_HAL_Driver/Src/stm32f1xx_hal_flash_ex.c.obj
LOAD CMakeFiles/hoverGate_fw.elf.dir/Drivers/STM32F1xx_HAL_Driver/Src/stm32f1xx_hal_gpio.c.obj
LOAD CMakeFiles/hoverGate_fw.elf.dir/Drivers/STM32F1xx_HAL_Driver/Src/stm32f1xx_hal_gpio_ex.c.obj
LOAD CMakeFiles/hoverGate_fw.elf.dir/Drivers/STM32F1xx_HAL_Driver/Src/stm32f1xx_hal_pwr.c.obj
LOAD CMakeFiles/hoverGate_fw.elf.dir/Drivers/STM32F1xx_HAL_Driver/Src/stm32f1xx_hal_rcc.c.obj
LOAD CMakeFiles/hoverGate_fw.elf.dir/Drivers/STM32F1xx_HAL_Driver/Src/stm32f1xx_hal_rcc_ex.c.obj
LOAD CMakeFiles/hoverGate_fw.elf.dir/Drivers/STM32F1xx_HAL_Driver/Src/stm32f1xx_hal_tim.c.obj
LOAD CMakeFiles/hoverGate_fw.elf.dir/Drivers/STM32F1xx_HAL_Driver/Src/stm32f1xx_hal_tim_ex.c.obj
LOAD CMakeFiles/hoverGate_fw.elf.dir/Drivers/STM32F1xx_HAL_Driver/Src/stm32f1xx_hal_uart.c.obj
LOAD CMakeFiles/hoverGate_fw.elf.dir/Src/adc.c.obj
LOAD CMakeFiles/hoverGate_fw.elf.dir/Src/dma.c.obj
LOAD CMakeFiles/hoverGate_fw.elf.dir/Src/gpio.c.obj
LOAD CMakeFiles/hoverGate_fw.elf.dir/Src/main.cpp.obj
LOAD CMakeFiles/hoverGate_fw.elf.dir/Src/stm32f1xx_hal_msp.c.obj
LOAD CMakeFiles/hoverGate_fw.elf.dir/Src/stm32f1xx_it.c.obj
LOAD CMakeFiles/hoverGate_fw.elf.dir/Src/syscalls.c.obj
LOAD CMakeFiles/hoverGate_fw.elf.dir/Src/system_stm32f1xx.c.obj
LOAD CMakeFiles/hoverGate_fw.elf.dir/Src/tim.c.obj
LOAD CMakeFiles/hoverGate_fw.elf.dir/Src/usart.c.obj
LOAD CMakeFiles/hoverGate_fw.elf.dir/startup/startup_stm32f103xb.s.obj
LOAD c:/arm_gcc/bin/../lib/gcc/arm-none-eabi/7.3.1/../../../../arm-none-eabi/lib/thumb/v7-m\libstdc++_nano.a
LOAD c:/arm_gcc/bin/../lib/gcc/arm-none-eabi/7.3.1/../../../../arm-none-eabi/lib/thumb/v7-m\libm.a
START GROUP
LOAD c:/arm_gcc/bin/../lib/gcc/arm-none-eabi/7.3.1/thumb/v7-m\libgcc.a
LOAD c:/arm_gcc/bin/../lib/gcc/arm-none-eabi/7.3.1/../../../../arm-none-eabi/lib/thumb/v7-m\libg_nano.a
LOAD c:/arm_gcc/bin/../lib/gcc/arm-none-eabi/7.3.1/../../../../arm-none-eabi/lib/thumb/v7-m\libc_nano.a
END GROUP
START GROUP
LOAD c:/arm_gcc/bin/../lib/gcc/arm-none-eabi/7.3.1/thumb/v7-m\libgcc.a
LOAD c:/arm_gcc/bin/../lib/gcc/arm-none-eabi/7.3.1/../../../../arm-none-eabi/lib/thumb/v7-m\libc_nano.a
LOAD c:/arm_gcc/bin/../lib/gcc/arm-none-eabi/7.3.1/../../../../arm-none-eabi/lib/thumb/v7-m\libnosys.a
END GROUP
START GROUP
LOAD c:/arm_gcc/bin/../lib/gcc/arm-none-eabi/7.3.1/thumb/v7-m\libgcc.a
LOAD c:/arm_gcc/bin/../lib/gcc/arm-none-eabi/7.3.1/../../../../arm-none-eabi/lib/thumb/v7-m\libc_nano.a
LOAD c:/arm_gcc/bin/../lib/gcc/arm-none-eabi/7.3.1/../../../../arm-none-eabi/lib/thumb/v7-m\libnosys.a
END GROUP
LOAD c:/arm_gcc/bin/../lib/gcc/arm-none-eabi/7.3.1/thumb/v7-m/crtend.o
LOAD c:/arm_gcc/bin/../lib/gcc/arm-none-eabi/7.3.1/thumb/v7-m/crtn.o
                0x20005000                _estack = 0x20005000
                0x00000200                _Min_Heap_Size = 0x200
                0x00000400                _Min_Stack_Size = 0x400

.isr_vector     0x08000000      0x10c
                0x08000000                . = ALIGN (0x4)
 *(.isr_vector)
 .isr_vector    0x08000000      0x10c CMakeFiles/hoverGate_fw.elf.dir/startup/startup_stm32f103xb.s.obj
                0x08000000                g_pfnVectors
                0x0800010c                . = ALIGN (0x4)

.text           0x0800010c     0x4180
                0x0800010c                . = ALIGN (0x4)
 *(.text)
 .text          0x0800010c       0x40 c:/arm_gcc/bin/../lib/gcc/arm-none-eabi/7.3.1/thumb/v7-m/crtbegin.o
 .text          0x0800014c      0xa00 c:/arm_gcc/bin/../lib/gcc/arm-none-eabi/7.3.1/thumb/v7-m\libgcc.a(unwind-arm.o)
                0x08000408                _Unwind_GetCFA
                0x0800040c                __gnu_Unwind_RaiseException
                0x0800046c                __gnu_Unwind_ForcedUnwind
                0x08000480                __gnu_Unwind_Resume
                0x080004c4                __gnu_Unwind_Resume_or_Rethrow
                0x080004d8                _Unwind_Complete
                0x080004dc                _Unwind_DeleteException
                0x080004e8                _Unwind_VRS_Get
                0x0800052c                _Unwind_VRS_Set
                0x08000574                __gnu_Unwind_Backtrace
                0x080008bc                __aeabi_unwind_cpp_pr0
                0x080008c0                __aeabi_unwind_cpp_pr1
                0x080008c4                __aeabi_unwind_cpp_pr2
                0x080008c8                _Unwind_VRS_Pop
 .text          0x08000b4c      0x1ac c:/arm_gcc/bin/../lib/gcc/arm-none-eabi/7.3.1/thumb/v7-m\libgcc.a(libunwind.o)
                0x08000b4c                __restore_core_regs
                0x08000b4c                restore_core_regs
                0x08000b64                __gnu_Unwind_Restore_VFP
                0x08000b6c                __gnu_Unwind_Save_VFP
                0x08000b74                __gnu_Unwind_Restore_VFP_D
                0x08000b7c                __gnu_Unwind_Save_VFP_D
                0x08000b84                __gnu_Unwind_Restore_VFP_D_16_to_31
                0x08000b8c                __gnu_Unwind_Save_VFP_D_16_to_31
                0x08000b94                __gnu_Unwind_Restore_WMMXD
                0x08000bd8                __gnu_Unwind_Save_WMMXD
                0x08000c1c                __gnu_Unwind_Restore_WMMXC
                0x08000c30                __gnu_Unwind_Save_WMMXC
                0x08000c44                ___Unwind_RaiseException
                0x08000c44                _Unwind_RaiseException
                0x08000c68                _Unwind_Resume
                0x08000c68                ___Unwind_Resume
                0x08000c8c                _Unwind_Resume_or_Rethrow
                0x08000c8c                ___Unwind_Resume_or_Rethrow
                0x08000cb0                _Unwind_ForcedUnwind
                0x08000cb0                ___Unwind_ForcedUnwind
                0x08000cd4                ___Unwind_Backtrace
                0x08000cd4                _Unwind_Backtrace
 .text          0x08000cf8      0x378 c:/arm_gcc/bin/../lib/gcc/arm-none-eabi/7.3.1/thumb/v7-m\libgcc.a(pr-support.o)
                0x08000d50                __gnu_unwind_execute
                0x08001014                __gnu_unwind_frame
                0x08001040                _Unwind_GetRegionStart
                0x0800104c                _Unwind_GetLanguageSpecificData
                0x08001060                _Unwind_GetDataRelBase
                0x08001068                _Unwind_GetTextRelBase
 *(.text*)
 .text.HAL_Init
                0x08001070       0x2c CMakeFiles/hoverGate_fw.elf.dir/Drivers/STM32F1xx_HAL_Driver/Src/stm32f1xx_hal.c.obj
                0x08001070                HAL_Init
 .text.HAL_InitTick
                0x0800109c       0x60 CMakeFiles/hoverGate_fw.elf.dir/Drivers/STM32F1xx_HAL_Driver/Src/stm32f1xx_hal.c.obj
                0x0800109c                HAL_InitTick
 .text.HAL_IncTick
                0x080010fc       0x24 CMakeFiles/hoverGate_fw.elf.dir/Drivers/STM32F1xx_HAL_Driver/Src/stm32f1xx_hal.c.obj
                0x080010fc                HAL_IncTick
 .text.HAL_GetTick
                0x08001120       0x14 CMakeFiles/hoverGate_fw.elf.dir/Drivers/STM32F1xx_HAL_Driver/Src/stm32f1xx_hal.c.obj
                0x08001120                HAL_GetTick
 .text.HAL_ADC_Init
                0x08001134      0x1b0 CMakeFiles/hoverGate_fw.elf.dir/Drivers/STM32F1xx_HAL_Driver/Src/stm32f1xx_hal_adc.c.obj
                0x08001134                HAL_ADC_Init
 .text.HAL_ADC_ConfigChannel
                0x080012e4      0x1f0 CMakeFiles/hoverGate_fw.elf.dir/Drivers/STM32F1xx_HAL_Driver/Src/stm32f1xx_hal_adc.c.obj
                0x080012e4                HAL_ADC_ConfigChannel
 .text.ADC_ConversionStop_Disable
                0x080014d4       0x74 CMakeFiles/hoverGate_fw.elf.dir/Drivers/STM32F1xx_HAL_Driver/Src/stm32f1xx_hal_adc.c.obj
                0x080014d4                ADC_ConversionStop_Disable
 .text.__NVIC_SetPriorityGrouping
                0x08001548       0x48 CMakeFiles/hoverGate_fw.elf.dir/Drivers/STM32F1xx_HAL_Driver/Src/stm32f1xx_hal_cortex.c.obj
 .text.__NVIC_GetPriorityGrouping
                0x08001590       0x1c CMakeFiles/hoverGate_fw.elf.dir/Drivers/STM32F1xx_HAL_Driver/Src/stm32f1xx_hal_cortex.c.obj
 .text.__NVIC_EnableIRQ
                0x080015ac       0x38 CMakeFiles/hoverGate_fw.elf.dir/Drivers/STM32F1xx_HAL_Driver/Src/stm32f1xx_hal_cortex.c.obj
 .text.__NVIC_SetPriority
                0x080015e4       0x54 CMakeFiles/hoverGate_fw.elf.dir/Drivers/STM32F1xx_HAL_Driver/Src/stm32f1xx_hal_cortex.c.obj
 .text.NVIC_EncodePriority
                0x08001638       0x64 CMakeFiles/hoverGate_fw.elf.dir/Drivers/STM32F1xx_HAL_Driver/Src/stm32f1xx_hal_cortex.c.obj
 .text.SysTick_Config
                0x0800169c       0x44 CMakeFiles/hoverGate_fw.elf.dir/Drivers/STM32F1xx_HAL_Driver/Src/stm32f1xx_hal_cortex.c.obj
 .text.HAL_NVIC_SetPriorityGrouping
                0x080016e0       0x16 CMakeFiles/hoverGate_fw.elf.dir/Drivers/STM32F1xx_HAL_Driver/Src/stm32f1xx_hal_cortex.c.obj
                0x080016e0                HAL_NVIC_SetPriorityGrouping
 .text.HAL_NVIC_SetPriority
                0x080016f6       0x38 CMakeFiles/hoverGate_fw.elf.dir/Drivers/STM32F1xx_HAL_Driver/Src/stm32f1xx_hal_cortex.c.obj
                0x080016f6                HAL_NVIC_SetPriority
 .text.HAL_NVIC_EnableIRQ
                0x0800172e       0x1c CMakeFiles/hoverGate_fw.elf.dir/Drivers/STM32F1xx_HAL_Driver/Src/stm32f1xx_hal_cortex.c.obj
                0x0800172e                HAL_NVIC_EnableIRQ
 .text.HAL_SYSTICK_Config
                0x0800174a       0x18 CMakeFiles/hoverGate_fw.elf.dir/Drivers/STM32F1xx_HAL_Driver/Src/stm32f1xx_hal_cortex.c.obj
                0x0800174a                HAL_SYSTICK_Config
 *fill*         0x08001762        0x2 
 .text.HAL_DMA_Init
                0x08001764       0xb4 CMakeFiles/hoverGate_fw.elf.dir/Drivers/STM32F1xx_HAL_Driver/Src/stm32f1xx_hal_dma.c.obj
                0x08001764                HAL_DMA_Init
 .text.HAL_DMA_Abort_IT
                0x08001818       0xec CMakeFiles/hoverGate_fw.elf.dir/Drivers/STM32F1xx_HAL_Driver/Src/stm32f1xx_hal_dma.c.obj
                0x08001818                HAL_DMA_Abort_IT
 .text.HAL_DMA_IRQHandler
                0x08001904      0x20c CMakeFiles/hoverGate_fw.elf.dir/Drivers/STM32F1xx_HAL_Driver/Src/stm32f1xx_hal_dma.c.obj
                0x08001904                HAL_DMA_IRQHandler
 .text.HAL_GPIO_Init
                0x08001b10      0x2b4 CMakeFiles/hoverGate_fw.elf.dir/Drivers/STM32F1xx_HAL_Driver/Src/stm32f1xx_hal_gpio.c.obj
                0x08001b10                HAL_GPIO_Init
 .text.HAL_GPIO_WritePin
                0x08001dc4       0x30 CMakeFiles/hoverGate_fw.elf.dir/Drivers/STM32F1xx_HAL_Driver/Src/stm32f1xx_hal_gpio.c.obj
                0x08001dc4                HAL_GPIO_WritePin
 .text.HAL_RCC_OscConfig
                0x08001df4      0x500 CMakeFiles/hoverGate_fw.elf.dir/Drivers/STM32F1xx_HAL_Driver/Src/stm32f1xx_hal_rcc.c.obj
                0x08001df4                HAL_RCC_OscConfig
 .text.HAL_RCC_ClockConfig
                0x080022f4      0x1d4 CMakeFiles/hoverGate_fw.elf.dir/Drivers/STM32F1xx_HAL_Driver/Src/stm32f1xx_hal_rcc.c.obj
                0x080022f4                HAL_RCC_ClockConfig
 .text.HAL_RCC_GetSysClockFreq
                0x080024c8       0xc4 CMakeFiles/hoverGate_fw.elf.dir/Drivers/STM32F1xx_HAL_Driver/Src/stm32f1xx_hal_rcc.c.obj
                0x080024c8                HAL_RCC_GetSysClockFreq
 .text.HAL_RCC_GetHCLKFreq
                0x0800258c       0x14 CMakeFiles/hoverGate_fw.elf.dir/Drivers/STM32F1xx_HAL_Driver/Src/stm32f1xx_hal_rcc.c.obj
                0x0800258c                HAL_RCC_GetHCLKFreq
 .text.HAL_RCC_GetPCLK1Freq
                0x080025a0       0x28 CMakeFiles/hoverGate_fw.elf.dir/Drivers/STM32F1xx_HAL_Driver/Src/stm32f1xx_hal_rcc.c.obj
                0x080025a0                HAL_RCC_GetPCLK1Freq
 .text.HAL_RCC_GetPCLK2Freq
                0x080025c8       0x28 CMakeFiles/hoverGate_fw.elf.dir/Drivers/STM32F1xx_HAL_Driver/Src/stm32f1xx_hal_rcc.c.obj
                0x080025c8                HAL_RCC_GetPCLK2Freq
 .text.RCC_Delay
                0x080025f0       0x3c CMakeFiles/hoverGate_fw.elf.dir/Drivers/STM32F1xx_HAL_Driver/Src/stm32f1xx_hal_rcc.c.obj
 .text.HAL_RCCEx_PeriphCLKConfig
                0x0800262c      0x16c CMakeFiles/hoverGate_fw.elf.dir/Drivers/STM32F1xx_HAL_Driver/Src/stm32f1xx_hal_rcc_ex.c.obj
                0x0800262c                HAL_RCCEx_PeriphCLKConfig
 .text.HAL_TIM_Base_Init
                0x08002798       0x56 CMakeFiles/hoverGate_fw.elf.dir/Drivers/STM32F1xx_HAL_Driver/Src/stm32f1xx_hal_tim.c.obj
                0x08002798                HAL_TIM_Base_Init
 .text.HAL_TIM_PWM_Init
                0x080027ee       0x56 CMakeFiles/hoverGate_fw.elf.dir/Drivers/STM32F1xx_HAL_Driver/Src/stm32f1xx_hal_tim.c.obj
                0x080027ee                HAL_TIM_PWM_Init
 .text.HAL_TIM_PWM_MspInit
                0x08002844       0x12 CMakeFiles/hoverGate_fw.elf.dir/Drivers/STM32F1xx_HAL_Driver/Src/stm32f1xx_hal_tim.c.obj
                0x08002844                HAL_TIM_PWM_MspInit
 *fill*         0x08002856        0x2 
 .text.HAL_TIM_PWM_ConfigChannel
                0x08002858      0x18c CMakeFiles/hoverGate_fw.elf.dir/Drivers/STM32F1xx_HAL_Driver/Src/stm32f1xx_hal_tim.c.obj
                0x08002858                HAL_TIM_PWM_ConfigChannel
 .text.HAL_TIM_ConfigClockSource
                0x080029e4      0x16e CMakeFiles/hoverGate_fw.elf.dir/Drivers/STM32F1xx_HAL_Driver/Src/stm32f1xx_hal_tim.c.obj
                0x080029e4                HAL_TIM_ConfigClockSource
 *fill*         0x08002b52        0x2 
 .text.TIM_Base_SetConfig
                0x08002b54       0xc4 CMakeFiles/hoverGate_fw.elf.dir/Drivers/STM32F1xx_HAL_Driver/Src/stm32f1xx_hal_tim.c.obj
                0x08002b54                TIM_Base_SetConfig
 .text.TIM_OC1_SetConfig
                0x08002c18       0xcc CMakeFiles/hoverGate_fw.elf.dir/Drivers/STM32F1xx_HAL_Driver/Src/stm32f1xx_hal_tim.c.obj
 .text.TIM_OC2_SetConfig
                0x08002ce4       0xd4 CMakeFiles/hoverGate_fw.elf.dir/Drivers/STM32F1xx_HAL_Driver/Src/stm32f1xx_hal_tim.c.obj
                0x08002ce4                TIM_OC2_SetConfig
 .text.TIM_OC3_SetConfig
                0x08002db8       0xd4 CMakeFiles/hoverGate_fw.elf.dir/Drivers/STM32F1xx_HAL_Driver/Src/stm32f1xx_hal_tim.c.obj
 .text.TIM_OC4_SetConfig
                0x08002e8c       0x9c CMakeFiles/hoverGate_fw.elf.dir/Drivers/STM32F1xx_HAL_Driver/Src/stm32f1xx_hal_tim.c.obj
 .text.TIM_TI1_ConfigInputStage
                0x08002f28       0x5c CMakeFiles/hoverGate_fw.elf.dir/Drivers/STM32F1xx_HAL_Driver/Src/stm32f1xx_hal_tim.c.obj
 .text.TIM_TI2_ConfigInputStage
                0x08002f84       0x5e CMakeFiles/hoverGate_fw.elf.dir/Drivers/STM32F1xx_HAL_Driver/Src/stm32f1xx_hal_tim.c.obj
 .text.TIM_ITRx_SetConfig
                0x08002fe2       0x34 CMakeFiles/hoverGate_fw.elf.dir/Drivers/STM32F1xx_HAL_Driver/Src/stm32f1xx_hal_tim.c.obj
 .text.TIM_ETR_SetConfig
                0x08003016       0x3e CMakeFiles/hoverGate_fw.elf.dir/Drivers/STM32F1xx_HAL_Driver/Src/stm32f1xx_hal_tim.c.obj
                0x08003016                TIM_ETR_SetConfig
 .text.HAL_TIMEx_MasterConfigSynchronization
                0x08003054       0x88 CMakeFiles/hoverGate_fw.elf.dir/Drivers/STM32F1xx_HAL_Driver/Src/stm32f1xx_hal_tim_ex.c.obj
                0x08003054                HAL_TIMEx_MasterConfigSynchronization
 .text.HAL_TIMEx_ConfigBreakDeadTime
                0x080030dc       0xa2 CMakeFiles/hoverGate_fw.elf.dir/Drivers/STM32F1xx_HAL_Driver/Src/stm32f1xx_hal_tim_ex.c.obj
                0x080030dc                HAL_TIMEx_ConfigBreakDeadTime
 .text.HAL_UART_Init
                0x0800317e       0x9a CMakeFiles/hoverGate_fw.elf.dir/Drivers/STM32F1xx_HAL_Driver/Src/stm32f1xx_hal_uart.c.obj
                0x0800317e                HAL_UART_Init
 .text.HAL_UART_IRQHandler
                0x08003218      0x1f8 CMakeFiles/hoverGate_fw.elf.dir/Drivers/STM32F1xx_HAL_Driver/Src/stm32f1xx_hal_uart.c.obj
                0x08003218                HAL_UART_IRQHandler
 .text.HAL_UART_TxCpltCallback
                0x08003410       0x12 CMakeFiles/hoverGate_fw.elf.dir/Drivers/STM32F1xx_HAL_Driver/Src/stm32f1xx_hal_uart.c.obj
                0x08003410                HAL_UART_TxCpltCallback
 .text.HAL_UART_RxCpltCallback
                0x08003422       0x12 CMakeFiles/hoverGate_fw.elf.dir/Drivers/STM32F1xx_HAL_Driver/Src/stm32f1xx_hal_uart.c.obj
                0x08003422                HAL_UART_RxCpltCallback
 .text.HAL_UART_ErrorCallback
                0x08003434       0x12 CMakeFiles/hoverGate_fw.elf.dir/Drivers/STM32F1xx_HAL_Driver/Src/stm32f1xx_hal_uart.c.obj
                0x08003434                HAL_UART_ErrorCallback
 .text.UART_EndRxTransfer
                0x08003446       0x3a CMakeFiles/hoverGate_fw.elf.dir/Drivers/STM32F1xx_HAL_Driver/Src/stm32f1xx_hal_uart.c.obj
 .text.UART_DMAAbortOnError
                0x08003480       0x28 CMakeFiles/hoverGate_fw.elf.dir/Drivers/STM32F1xx_HAL_Driver/Src/stm32f1xx_hal_uart.c.obj
 .text.UART_Transmit_IT
                0x080034a8       0xaa CMakeFiles/hoverGate_fw.elf.dir/Drivers/STM32F1xx_HAL_Driver/Src/stm32f1xx_hal_uart.c.obj
 .text.UART_EndTransmit_IT
                0x08003552       0x30 CMakeFiles/hoverGate_fw.elf.dir/Drivers/STM32F1xx_HAL_Driver/Src/stm32f1xx_hal_uart.c.obj
 .text.UART_Receive_IT
                0x08003582      0x102 CMakeFiles/hoverGate_fw.elf.dir/Drivers/STM32F1xx_HAL_Driver/Src/stm32f1xx_hal_uart.c.obj
 .text.UART_SetConfig
                0x08003684      0x1b4 CMakeFiles/hoverGate_fw.elf.dir/Drivers/STM32F1xx_HAL_Driver/Src/stm32f1xx_hal_uart.c.obj
 .text.MX_ADC1_Init
                0x08003838       0x9c CMakeFiles/hoverGate_fw.elf.dir/Src/adc.c.obj
                0x08003838                MX_ADC1_Init
 .text.HAL_ADC_MspInit
                0x080038d4       0xd0 CMakeFiles/hoverGate_fw.elf.dir/Src/adc.c.obj
                0x080038d4                HAL_ADC_MspInit
 .text.MX_DMA_Init
                0x080039a4       0x3c CMakeFiles/hoverGate_fw.elf.dir/Src/dma.c.obj
                0x080039a4                MX_DMA_Init
 .text.MX_GPIO_Init
                0x080039e0      0x168 CMakeFiles/hoverGate_fw.elf.dir/Src/gpio.c.obj
                0x080039e0                MX_GPIO_Init
 .text.main     0x08003b48       0x22 CMakeFiles/hoverGate_fw.elf.dir/Src/main.cpp.obj
                0x08003b48                main
 .text._Z18SystemClock_Configv
                0x08003b6a       0xcc CMakeFiles/hoverGate_fw.elf.dir/Src/main.cpp.obj
                0x08003b6a                SystemClock_Config()
 .text.Error_Handler
                0x08003c36        0xc CMakeFiles/hoverGate_fw.elf.dir/Src/main.cpp.obj
                0x08003c36                Error_Handler
 *fill*         0x08003c42        0x2 
 .text.HAL_MspInit
                0x08003c44       0x64 CMakeFiles/hoverGate_fw.elf.dir/Src/stm32f1xx_hal_msp.c.obj
                0x08003c44                HAL_MspInit
 .text.NMI_Handler
                0x08003ca8        0xc CMakeFiles/hoverGate_fw.elf.dir/Src/stm32f1xx_it.c.obj
                0x08003ca8                NMI_Handler
 .text.HardFault_Handler
                0x08003cb4        0x6 CMakeFiles/hoverGate_fw.elf.dir/Src/stm32f1xx_it.c.obj
                0x08003cb4                HardFault_Handler
 .text.MemManage_Handler
                0x08003cba        0x6 CMakeFiles/hoverGate_fw.elf.dir/Src/stm32f1xx_it.c.obj
                0x08003cba                MemManage_Handler
 .text.BusFault_Handler
                0x08003cc0        0x6 CMakeFiles/hoverGate_fw.elf.dir/Src/stm32f1xx_it.c.obj
                0x08003cc0                BusFault_Handler
 .text.UsageFault_Handler
                0x08003cc6        0x6 CMakeFiles/hoverGate_fw.elf.dir/Src/stm32f1xx_it.c.obj
                0x08003cc6                UsageFault_Handler
 .text.SVC_Handler
                0x08003ccc        0xc CMakeFiles/hoverGate_fw.elf.dir/Src/stm32f1xx_it.c.obj
                0x08003ccc                SVC_Handler
 .text.DebugMon_Handler
                0x08003cd8        0xc CMakeFiles/hoverGate_fw.elf.dir/Src/stm32f1xx_it.c.obj
                0x08003cd8                DebugMon_Handler
 .text.PendSV_Handler
                0x08003ce4        0xc CMakeFiles/hoverGate_fw.elf.dir/Src/stm32f1xx_it.c.obj
                0x08003ce4                PendSV_Handler
 .text.SysTick_Handler
                0x08003cf0        0xc CMakeFiles/hoverGate_fw.elf.dir/Src/stm32f1xx_it.c.obj
                0x08003cf0                SysTick_Handler
 .text.DMA1_Channel1_IRQHandler
                0x08003cfc       0x14 CMakeFiles/hoverGate_fw.elf.dir/Src/stm32f1xx_it.c.obj
                0x08003cfc                DMA1_Channel1_IRQHandler
 .text.USART2_IRQHandler
                0x08003d10       0x14 CMakeFiles/hoverGate_fw.elf.dir/Src/stm32f1xx_it.c.obj
                0x08003d10                USART2_IRQHandler
 .text._getpid  0x08003d24        0xe CMakeFiles/hoverGate_fw.elf.dir/Src/syscalls.c.obj
                0x08003d24                _getpid
 .text._kill    0x08003d32       0x20 CMakeFiles/hoverGate_fw.elf.dir/Src/syscalls.c.obj
                0x08003d32                _kill
 .text._exit    0x08003d52       0x14 CMakeFiles/hoverGate_fw.elf.dir/Src/syscalls.c.obj
                0x08003d52                _exit
 *fill*         0x08003d66        0x2 
 .text.SystemInit
                0x08003d68       0x68 CMakeFiles/hoverGate_fw.elf.dir/Src/system_stm32f1xx.c.obj
                0x08003d68                SystemInit
 .text.MX_TIM1_Init
                0x08003dd0      0x178 CMakeFiles/hoverGate_fw.elf.dir/Src/tim.c.obj
                0x08003dd0                MX_TIM1_Init
 .text.HAL_TIM_Base_MspInit
                0x08003f48       0x3c CMakeFiles/hoverGate_fw.elf.dir/Src/tim.c.obj
                0x08003f48                HAL_TIM_Base_MspInit
 .text.HAL_TIM_MspPostInit
                0x08003f84       0x9c CMakeFiles/hoverGate_fw.elf.dir/Src/tim.c.obj
                0x08003f84                HAL_TIM_MspPostInit
 .text.MX_USART2_UART_Init
                0x08004020       0x54 CMakeFiles/hoverGate_fw.elf.dir/Src/usart.c.obj
                0x08004020                MX_USART2_UART_Init
 .text.HAL_UART_MspInit
                0x08004074       0xa4 CMakeFiles/hoverGate_fw.elf.dir/Src/usart.c.obj
                0x08004074                HAL_UART_MspInit
 .text.Reset_Handler
                0x08004118       0x48 CMakeFiles/hoverGate_fw.elf.dir/startup/startup_stm32f103xb.s.obj
                0x08004118                Reset_Handler
 .text.Default_Handler
                0x08004160        0x2 CMakeFiles/hoverGate_fw.elf.dir/startup/startup_stm32f103xb.s.obj
                0x08004160                RTC_Alarm_IRQHandler
                0x08004160                EXTI2_IRQHandler
                0x08004160                TIM1_CC_IRQHandler
                0x08004160                PVD_IRQHandler
                0x08004160                EXTI3_IRQHandler
                0x08004160                EXTI0_IRQHandler
                0x08004160                I2C2_EV_IRQHandler
                0x08004160                ADC1_2_IRQHandler
                0x08004160                SPI1_IRQHandler
                0x08004160                TAMPER_IRQHandler
                0x08004160                DMA1_Channel4_IRQHandler
                0x08004160                USART3_IRQHandler
                0x08004160                RTC_IRQHandler
                0x08004160                DMA1_Channel7_IRQHandler
                0x08004160                CAN1_RX1_IRQHandler
                0x08004160                TIM4_IRQHandler
                0x08004160                I2C1_EV_IRQHandler
                0x08004160                DMA1_Channel6_IRQHandler
                0x08004160                TIM3_IRQHandler
                0x08004160                RCC_IRQHandler
                0x08004160                TIM1_TRG_COM_IRQHandler
                0x08004160                Default_Handler
                0x08004160                EXTI15_10_IRQHandler
                0x08004160                EXTI9_5_IRQHandler
                0x08004160                SPI2_IRQHandler
                0x08004160                DMA1_Channel5_IRQHandler
                0x08004160                EXTI4_IRQHandler
                0x08004160                USB_LP_CAN1_RX0_IRQHandler
                0x08004160                USB_HP_CAN1_TX_IRQHandler
                0x08004160                DMA1_Channel3_IRQHandler
                0x08004160                TIM1_UP_IRQHandler
                0x08004160                WWDG_IRQHandler
                0x08004160                TIM2_IRQHandler
                0x08004160                TIM1_BRK_IRQHandler
                0x08004160                EXTI1_IRQHandler
                0x08004160                I2C2_ER_IRQHandler
                0x08004160                DMA1_Channel2_IRQHandler
                0x08004160                CAN1_SCE_IRQHandler
                0x08004160                FLASH_IRQHandler
                0x08004160                USART1_IRQHandler
                0x08004160                I2C1_ER_IRQHandler
                0x08004160                USBWakeUp_IRQHandler
 .text.abort    0x08004162        0xe c:/arm_gcc/bin/../lib/gcc/arm-none-eabi/7.3.1/../../../../arm-none-eabi/lib/thumb/v7-m\libg_nano.a(lib_a-abort.o)
                0x08004162                abort
 .text.__errno  0x08004170        0xc c:/arm_gcc/bin/../lib/gcc/arm-none-eabi/7.3.1/../../../../arm-none-eabi/lib/thumb/v7-m\libg_nano.a(lib_a-errno.o)
                0x08004170                __errno
 .text.__libc_init_array
                0x0800417c       0x48 c:/arm_gcc/bin/../lib/gcc/arm-none-eabi/7.3.1/../../../../arm-none-eabi/lib/thumb/v7-m\libg_nano.a(lib_a-init.o)
                0x0800417c                __libc_init_array
 .text.memcpy   0x080041c4       0x16 c:/arm_gcc/bin/../lib/gcc/arm-none-eabi/7.3.1/../../../../arm-none-eabi/lib/thumb/v7-m\libg_nano.a(lib_a-memcpy-stub.o)
                0x080041c4                memcpy
 .text.memset   0x080041da       0x10 c:/arm_gcc/bin/../lib/gcc/arm-none-eabi/7.3.1/../../../../arm-none-eabi/lib/thumb/v7-m\libg_nano.a(lib_a-memset.o)
                0x080041da                memset
 .text._raise_r
                0x080041ea       0x50 c:/arm_gcc/bin/../lib/gcc/arm-none-eabi/7.3.1/../../../../arm-none-eabi/lib/thumb/v7-m\libg_nano.a(lib_a-signal.o)
                0x080041ea                _raise_r
 *fill*         0x0800423a        0x2 
 .text.raise    0x0800423c       0x10 c:/arm_gcc/bin/../lib/gcc/arm-none-eabi/7.3.1/../../../../arm-none-eabi/lib/thumb/v7-m\libg_nano.a(lib_a-signal.o)
                0x0800423c                raise
 .text._kill_r  0x0800424c       0x24 c:/arm_gcc/bin/../lib/gcc/arm-none-eabi/7.3.1/../../../../arm-none-eabi/lib/thumb/v7-m\libg_nano.a(lib_a-signalr.o)
                0x0800424c                _kill_r
 .text._getpid_r
                0x08004270        0x4 c:/arm_gcc/bin/../lib/gcc/arm-none-eabi/7.3.1/../../../../arm-none-eabi/lib/thumb/v7-m\libg_nano.a(lib_a-signalr.o)
                0x08004270                _getpid_r
 *(.glue_7)
 .glue_7        0x08004274        0x0 linker stubs
 *(.glue_7t)
 .glue_7t       0x08004274        0x0 linker stubs
 *(.eh_frame)
 .eh_frame      0x08004274        0x0 c:/arm_gcc/bin/../lib/gcc/arm-none-eabi/7.3.1/thumb/v7-m/crtbegin.o
 *(.init)
 .init          0x08004274        0x4 c:/arm_gcc/bin/../lib/gcc/arm-none-eabi/7.3.1/thumb/v7-m/crti.o
                0x08004274                _init
 .init          0x08004278        0x8 c:/arm_gcc/bin/../lib/gcc/arm-none-eabi/7.3.1/thumb/v7-m/crtn.o
 *(.fini)
 .fini          0x08004280        0x4 c:/arm_gcc/bin/../lib/gcc/arm-none-eabi/7.3.1/thumb/v7-m/crti.o
                0x08004280                _fini
 .fini          0x08004284        0x8 c:/arm_gcc/bin/../lib/gcc/arm-none-eabi/7.3.1/thumb/v7-m/crtn.o
                0x0800428c                . = ALIGN (0x4)
                0x0800428c                _etext = .

.vfp11_veneer   0x0800428c        0x0
 .vfp11_veneer  0x0800428c        0x0 linker stubs

.v4_bx          0x0800428c        0x0
 .v4_bx         0x0800428c        0x0 linker stubs

.iplt           0x0800428c        0x0
 .iplt          0x0800428c        0x0 c:/arm_gcc/bin/../lib/gcc/arm-none-eabi/7.3.1/thumb/v7-m/crtbegin.o

.rodata         0x0800428c       0x2c
                0x0800428c                . = ALIGN (0x4)
 *(.rodata)
 .rodata        0x0800428c       0x12 CMakeFiles/hoverGate_fw.elf.dir/Drivers/STM32F1xx_HAL_Driver/Src/stm32f1xx_hal_rcc.c.obj
 *(.rodata*)
 *fill*         0x0800429e        0x2 
 .rodata.AHBPrescTable
                0x080042a0       0x10 CMakeFiles/hoverGate_fw.elf.dir/Src/system_stm32f1xx.c.obj
                0x080042a0                AHBPrescTable
 .rodata.APBPrescTable
                0x080042b0        0x8 CMakeFiles/hoverGate_fw.elf.dir/Src/system_stm32f1xx.c.obj
                0x080042b0                APBPrescTable
                0x080042b8                . = ALIGN (0x4)

.ARM.extab      0x080042b8       0x24
 *(.ARM.extab* .gnu.linkonce.armextab.*)
 .ARM.extab.text._Z18SystemClock_Configv
                0x080042b8        0xc CMakeFiles/hoverGate_fw.elf.dir/Src/main.cpp.obj
 .ARM.extab     0x080042c4       0x18 c:/arm_gcc/bin/../lib/gcc/arm-none-eabi/7.3.1/thumb/v7-m\libgcc.a(pr-support.o)

.ARM            0x080042dc       0xd0
                0x080042dc                __exidx_start = .
 *(.ARM.exidx*)
 .ARM.exidx.text.main
                0x08004394        0x8 CMakeFiles/hoverGate_fw.elf.dir/Src/main.cpp.obj
 .ARM.exidx.text._Z18SystemClock_Configv
                0x0800439c        0x8 CMakeFiles/hoverGate_fw.elf.dir/Src/main.cpp.obj
 .ARM.exidx.text.Error_Handler
                0x080043a4        0x8 CMakeFiles/hoverGate_fw.elf.dir/Src/main.cpp.obj
 .ARM.exidx     0x080042dc       0x80 c:/arm_gcc/bin/../lib/gcc/arm-none-eabi/7.3.1/thumb/v7-m\libgcc.a(unwind-arm.o)
                                 0xd8 (size before relaxing)
 .ARM.exidx     0x0800435c       0x38 c:/arm_gcc/bin/../lib/gcc/arm-none-eabi/7.3.1/thumb/v7-m\libgcc.a(pr-support.o)
                                 0x48 (size before relaxing)
                0x080043ac                __exidx_end = .

.rel.dyn        0x080043ac        0x0
 .rel.iplt      0x080043ac        0x0 c:/arm_gcc/bin/../lib/gcc/arm-none-eabi/7.3.1/thumb/v7-m/crtbegin.o

.preinit_array  0x080043ac        0x0
                0x080043ac                PROVIDE (__preinit_array_start = .)
 *(.preinit_array*)
                0x080043ac                PROVIDE (__preinit_array_end = .)

.init_array     0x080043ac        0x4
                0x080043ac                PROVIDE (__init_array_start = .)
 *(SORT_BY_NAME(.init_array.*))
 *(.init_array*)
 .init_array    0x080043ac        0x4 c:/arm_gcc/bin/../lib/gcc/arm-none-eabi/7.3.1/thumb/v7-m/crtbegin.o
                0x080043b0                PROVIDE (__init_array_end = .)

.fini_array     0x080043b0        0x4
                [!provide]                PROVIDE (__fini_array_start = .)
 *(SORT_BY_NAME(.fini_array.*))
 *(.fini_array*)
 .fini_array    0x080043b0        0x4 c:/arm_gcc/bin/../lib/gcc/arm-none-eabi/7.3.1/thumb/v7-m/crtbegin.o
                [!provide]                PROVIDE (__fini_array_end = .)
                0x080043b4                _sidata = LOADADDR (.data)

.data           0x20000000       0x70 load address 0x080043b4
                0x20000000                . = ALIGN (0x4)
                0x20000000                _sdata = .
 *(.data)
 *(.data*)
 .data.uwTickPrio
                0x20000000        0x4 CMakeFiles/hoverGate_fw.elf.dir/Drivers/STM32F1xx_HAL_Driver/Src/stm32f1xx_hal.c.obj
                0x20000000                uwTickPrio
 .data.uwTickFreq
                0x20000004        0x1 CMakeFiles/hoverGate_fw.elf.dir/Drivers/STM32F1xx_HAL_Driver/Src/stm32f1xx_hal.c.obj
                0x20000004                uwTickFreq
 *fill*         0x20000005        0x3 
 .data.SystemCoreClock
                0x20000008        0x4 CMakeFiles/hoverGate_fw.elf.dir/Src/system_stm32f1xx.c.obj
                0x20000008                SystemCoreClock
 .data._impure_ptr
                0x2000000c        0x4 c:/arm_gcc/bin/../lib/gcc/arm-none-eabi/7.3.1/../../../../arm-none-eabi/lib/thumb/v7-m\libg_nano.a(lib_a-impure.o)
                0x2000000c                _impure_ptr
 .data.impure_data
                0x20000010       0x60 c:/arm_gcc/bin/../lib/gcc/arm-none-eabi/7.3.1/../../../../arm-none-eabi/lib/thumb/v7-m\libg_nano.a(lib_a-impure.o)
                0x20000070                . = ALIGN (0x4)
                0x20000070                _edata = .

.igot.plt       0x20000070        0x0 load address 0x08004424
 .igot.plt      0x20000070        0x0 c:/arm_gcc/bin/../lib/gcc/arm-none-eabi/7.3.1/thumb/v7-m/crtbegin.o
                0x20000070                . = ALIGN (0x4)

.bss            0x20000070      0x118 load address 0x08004424
                0x20000070                _sbss = .
                0x20000070                __bss_start__ = _sbss
 *(.bss)
 .bss           0x20000070       0x1c c:/arm_gcc/bin/../lib/gcc/arm-none-eabi/7.3.1/thumb/v7-m/crtbegin.o
 *(.bss*)
 .bss.uwTick    0x2000008c        0x4 CMakeFiles/hoverGate_fw.elf.dir/Drivers/STM32F1xx_HAL_Driver/Src/stm32f1xx_hal.c.obj
                0x2000008c                uwTick
 .bss.hadc1     0x20000090       0x30 CMakeFiles/hoverGate_fw.elf.dir/Src/adc.c.obj
                0x20000090                hadc1
 .bss.hdma_adc1
                0x200000c0       0x44 CMakeFiles/hoverGate_fw.elf.dir/Src/adc.c.obj
                0x200000c0                hdma_adc1
 .bss.htim1     0x20000104       0x40 CMakeFiles/hoverGate_fw.elf.dir/Src/tim.c.obj
                0x20000104                htim1
 .bss.huart2    0x20000144       0x40 CMakeFiles/hoverGate_fw.elf.dir/Src/usart.c.obj
                0x20000144                huart2
 *(COMMON)
 COMMON         0x20000184        0x4 c:/arm_gcc/bin/../lib/gcc/arm-none-eabi/7.3.1/../../../../arm-none-eabi/lib/thumb/v7-m\libg_nano.a(lib_a-reent.o)
                0x20000184                errno
                0x20000188                . = ALIGN (0x4)
                0x20000188                _ebss = .
                0x20000188                __bss_end__ = _ebss

._user_heap_stack
                0x20000188      0x600 load address 0x08004424
                0x20000188                . = ALIGN (0x8)
                0x20000188                PROVIDE (end = .)
                [!provide]                PROVIDE (_end = .)
                0x20000388                . = (. + _Min_Heap_Size)
 *fill*         0x20000188      0x200 
                0x20000788                . = (. + _Min_Stack_Size)
 *fill*         0x20000388      0x400 
                0x20000788                . = ALIGN (0x8)

/DISCARD/
 libc.a(*)
 libm.a(*)
 libgcc.a(*)

.ARM.attributes
                0x00000000       0x29
 *(.ARM.attributes)
 .ARM.attributes
                0x00000000       0x1d c:/arm_gcc/bin/../lib/gcc/arm-none-eabi/7.3.1/thumb/v7-m/crti.o
 .ARM.attributes
                0x0000001d       0x2d c:/arm_gcc/bin/../lib/gcc/arm-none-eabi/7.3.1/thumb/v7-m/crtbegin.o
 .ARM.attributes
                0x0000004a       0x33 CMakeFiles/hoverGate_fw.elf.dir/Drivers/STM32F1xx_HAL_Driver/Src/stm32f1xx_hal.c.obj
 .ARM.attributes
                0x0000007d       0x33 CMakeFiles/hoverGate_fw.elf.dir/Drivers/STM32F1xx_HAL_Driver/Src/stm32f1xx_hal_adc.c.obj
 .ARM.attributes
                0x000000b0       0x33 CMakeFiles/hoverGate_fw.elf.dir/Drivers/STM32F1xx_HAL_Driver/Src/stm32f1xx_hal_cortex.c.obj
 .ARM.attributes
                0x000000e3       0x33 CMakeFiles/hoverGate_fw.elf.dir/Drivers/STM32F1xx_HAL_Driver/Src/stm32f1xx_hal_dma.c.obj
 .ARM.attributes
                0x00000116       0x33 CMakeFiles/hoverGate_fw.elf.dir/Drivers/STM32F1xx_HAL_Driver/Src/stm32f1xx_hal_gpio.c.obj
 .ARM.attributes
                0x00000149       0x33 CMakeFiles/hoverGate_fw.elf.dir/Drivers/STM32F1xx_HAL_Driver/Src/stm32f1xx_hal_rcc.c.obj
 .ARM.attributes
                0x0000017c       0x33 CMakeFiles/hoverGate_fw.elf.dir/Drivers/STM32F1xx_HAL_Driver/Src/stm32f1xx_hal_rcc_ex.c.obj
 .ARM.attributes
                0x000001af       0x33 CMakeFiles/hoverGate_fw.elf.dir/Drivers/STM32F1xx_HAL_Driver/Src/stm32f1xx_hal_tim.c.obj
 .ARM.attributes
                0x000001e2       0x33 CMakeFiles/hoverGate_fw.elf.dir/Drivers/STM32F1xx_HAL_Driver/Src/stm32f1xx_hal_tim_ex.c.obj
 .ARM.attributes
                0x00000215       0x33 CMakeFiles/hoverGate_fw.elf.dir/Drivers/STM32F1xx_HAL_Driver/Src/stm32f1xx_hal_uart.c.obj
 .ARM.attributes
                0x00000248       0x33 CMakeFiles/hoverGate_fw.elf.dir/Src/adc.c.obj
 .ARM.attributes
                0x0000027b       0x33 CMakeFiles/hoverGate_fw.elf.dir/Src/dma.c.obj
 .ARM.attributes
                0x000002ae       0x33 CMakeFiles/hoverGate_fw.elf.dir/Src/gpio.c.obj
 .ARM.attributes
                0x000002e1       0x33 CMakeFiles/hoverGate_fw.elf.dir/Src/main.cpp.obj
 .ARM.attributes
                0x00000314       0x33 CMakeFiles/hoverGate_fw.elf.dir/Src/stm32f1xx_hal_msp.c.obj
 .ARM.attributes
                0x00000347       0x33 CMakeFiles/hoverGate_fw.elf.dir/Src/stm32f1xx_it.c.obj
 .ARM.attributes
                0x0000037a       0x33 CMakeFiles/hoverGate_fw.elf.dir/Src/system_stm32f1xx.c.obj
 .ARM.attributes
                0x000003ad       0x33 CMakeFiles/hoverGate_fw.elf.dir/Src/tim.c.obj
 .ARM.attributes
                0x000003e0       0x33 CMakeFiles/hoverGate_fw.elf.dir/Src/usart.c.obj
 .ARM.attributes
                0x00000413       0x21 CMakeFiles/hoverGate_fw.elf.dir/startup/startup_stm32f103xb.s.obj
 .ARM.attributes
                0x00000434       0x2d c:/arm_gcc/bin/../lib/gcc/arm-none-eabi/7.3.1/../../../../arm-none-eabi/lib/thumb/v7-m\libg_nano.a(lib_a-init.o)
 .ARM.attributes
                0x00000461       0x2d c:/arm_gcc/bin/../lib/gcc/arm-none-eabi/7.3.1/../../../../arm-none-eabi/lib/thumb/v7-m\libg_nano.a(lib_a-memset.o)
 .ARM.attributes
                0x0000048e       0x1d c:/arm_gcc/bin/../lib/gcc/arm-none-eabi/7.3.1/thumb/v7-m/crtn.o
OUTPUT(hoverGate_fw.elf elf32-littlearm)

.debug_info     0x00000000     0xbb4f
 .debug_info    0x00000000      0x6f3 CMakeFiles/hoverGate_fw.elf.dir/Drivers/STM32F1xx_HAL_Driver/Src/stm32f1xx_hal.c.obj
 .debug_info    0x000006f3      0xc56 CMakeFiles/hoverGate_fw.elf.dir/Drivers/STM32F1xx_HAL_Driver/Src/stm32f1xx_hal_adc.c.obj
 .debug_info    0x00001349      0xb3b CMakeFiles/hoverGate_fw.elf.dir/Drivers/STM32F1xx_HAL_Driver/Src/stm32f1xx_hal_cortex.c.obj
 .debug_info    0x00001e84      0x79b CMakeFiles/hoverGate_fw.elf.dir/Drivers/STM32F1xx_HAL_Driver/Src/stm32f1xx_hal_dma.c.obj
 .debug_info    0x0000261f      0x676 CMakeFiles/hoverGate_fw.elf.dir/Drivers/STM32F1xx_HAL_Driver/Src/stm32f1xx_hal_gpio.c.obj
 .debug_info    0x00002c95      0x7f9 CMakeFiles/hoverGate_fw.elf.dir/Drivers/STM32F1xx_HAL_Driver/Src/stm32f1xx_hal_rcc.c.obj
 .debug_info    0x0000348e      0x42e CMakeFiles/hoverGate_fw.elf.dir/Drivers/STM32F1xx_HAL_Driver/Src/stm32f1xx_hal_rcc_ex.c.obj
 .debug_info    0x000038bc     0x244b CMakeFiles/hoverGate_fw.elf.dir/Drivers/STM32F1xx_HAL_Driver/Src/stm32f1xx_hal_tim.c.obj
 .debug_info    0x00005d07     0x10f9 CMakeFiles/hoverGate_fw.elf.dir/Drivers/STM32F1xx_HAL_Driver/Src/stm32f1xx_hal_tim_ex.c.obj
 .debug_info    0x00006e00     0x11d8 CMakeFiles/hoverGate_fw.elf.dir/Drivers/STM32F1xx_HAL_Driver/Src/stm32f1xx_hal_uart.c.obj
 .debug_info    0x00007fd8      0x7f4 CMakeFiles/hoverGate_fw.elf.dir/Src/adc.c.obj
 .debug_info    0x000087cc      0x362 CMakeFiles/hoverGate_fw.elf.dir/Src/dma.c.obj
 .debug_info    0x00008b2e      0x3eb CMakeFiles/hoverGate_fw.elf.dir/Src/gpio.c.obj
 .debug_info    0x00008f19      0xc43 CMakeFiles/hoverGate_fw.elf.dir/Src/main.cpp.obj
 .debug_info    0x00009b5c      0x2c0 CMakeFiles/hoverGate_fw.elf.dir/Src/stm32f1xx_hal_msp.c.obj
 .debug_info    0x00009e1c      0x643 CMakeFiles/hoverGate_fw.elf.dir/Src/stm32f1xx_it.c.obj
 .debug_info    0x0000a45f      0x428 CMakeFiles/hoverGate_fw.elf.dir/Src/system_stm32f1xx.c.obj
 .debug_info    0x0000a887      0x9e5 CMakeFiles/hoverGate_fw.elf.dir/Src/tim.c.obj
 .debug_info    0x0000b26c      0x8e3 CMakeFiles/hoverGate_fw.elf.dir/Src/usart.c.obj

.debug_abbrev   0x00000000     0x20bd
 .debug_abbrev  0x00000000      0x1d5 CMakeFiles/hoverGate_fw.elf.dir/Drivers/STM32F1xx_HAL_Driver/Src/stm32f1xx_hal.c.obj
 .debug_abbrev  0x000001d5      0x1d2 CMakeFiles/hoverGate_fw.elf.dir/Drivers/STM32F1xx_HAL_Driver/Src/stm32f1xx_hal_adc.c.obj
 .debug_abbrev  0x000003a7      0x2d2 CMakeFiles/hoverGate_fw.elf.dir/Drivers/STM32F1xx_HAL_Driver/Src/stm32f1xx_hal_cortex.c.obj
 .debug_abbrev  0x00000679      0x1fb CMakeFiles/hoverGate_fw.elf.dir/Drivers/STM32F1xx_HAL_Driver/Src/stm32f1xx_hal_dma.c.obj
 .debug_abbrev  0x00000874      0x1bd CMakeFiles/hoverGate_fw.elf.dir/Drivers/STM32F1xx_HAL_Driver/Src/stm32f1xx_hal_gpio.c.obj
 .debug_abbrev  0x00000a31      0x240 CMakeFiles/hoverGate_fw.elf.dir/Drivers/STM32F1xx_HAL_Driver/Src/stm32f1xx_hal_rcc.c.obj
 .debug_abbrev  0x00000c71      0x172 CMakeFiles/hoverGate_fw.elf.dir/Drivers/STM32F1xx_HAL_Driver/Src/stm32f1xx_hal_rcc_ex.c.obj
 .debug_abbrev  0x00000de3      0x22d CMakeFiles/hoverGate_fw.elf.dir/Drivers/STM32F1xx_HAL_Driver/Src/stm32f1xx_hal_tim.c.obj
 .debug_abbrev  0x00001010      0x21b CMakeFiles/hoverGate_fw.elf.dir/Drivers/STM32F1xx_HAL_Driver/Src/stm32f1xx_hal_tim_ex.c.obj
 .debug_abbrev  0x0000122b      0x23f CMakeFiles/hoverGate_fw.elf.dir/Drivers/STM32F1xx_HAL_Driver/Src/stm32f1xx_hal_uart.c.obj
 .debug_abbrev  0x0000146a      0x1a7 CMakeFiles/hoverGate_fw.elf.dir/Src/adc.c.obj
 .debug_abbrev  0x00001611      0x104 CMakeFiles/hoverGate_fw.elf.dir/Src/dma.c.obj
 .debug_abbrev  0x00001715      0x131 CMakeFiles/hoverGate_fw.elf.dir/Src/gpio.c.obj
 .debug_abbrev  0x00001846      0x19a CMakeFiles/hoverGate_fw.elf.dir/Src/main.cpp.obj
 .debug_abbrev  0x000019e0      0x106 CMakeFiles/hoverGate_fw.elf.dir/Src/stm32f1xx_hal_msp.c.obj
 .debug_abbrev  0x00001ae6      0x146 CMakeFiles/hoverGate_fw.elf.dir/Src/stm32f1xx_it.c.obj
 .debug_abbrev  0x00001c2c      0x131 CMakeFiles/hoverGate_fw.elf.dir/Src/system_stm32f1xx.c.obj
 .debug_abbrev  0x00001d5d      0x1c1 CMakeFiles/hoverGate_fw.elf.dir/Src/tim.c.obj
 .debug_abbrev  0x00001f1e      0x19f CMakeFiles/hoverGate_fw.elf.dir/Src/usart.c.obj

.debug_aranges  0x00000000      0xcf0
 .debug_aranges
                0x00000000       0xe0 CMakeFiles/hoverGate_fw.elf.dir/Drivers/STM32F1xx_HAL_Driver/Src/stm32f1xx_hal.c.obj
 .debug_aranges
                0x000000e0       0xf0 CMakeFiles/hoverGate_fw.elf.dir/Drivers/STM32F1xx_HAL_Driver/Src/stm32f1xx_hal_adc.c.obj
 .debug_aranges
                0x000001d0      0x100 CMakeFiles/hoverGate_fw.elf.dir/Drivers/STM32F1xx_HAL_Driver/Src/stm32f1xx_hal_cortex.c.obj
 .debug_aranges
                0x000002d0       0x80 CMakeFiles/hoverGate_fw.elf.dir/Drivers/STM32F1xx_HAL_Driver/Src/stm32f1xx_hal_dma.c.obj
 .debug_aranges
                0x00000350       0x58 CMakeFiles/hoverGate_fw.elf.dir/Drivers/STM32F1xx_HAL_Driver/Src/stm32f1xx_hal_gpio.c.obj
 .debug_aranges
                0x000003a8       0x90 CMakeFiles/hoverGate_fw.elf.dir/Drivers/STM32F1xx_HAL_Driver/Src/stm32f1xx_hal_rcc.c.obj
 .debug_aranges
                0x00000438       0x30 CMakeFiles/hoverGate_fw.elf.dir/Drivers/STM32F1xx_HAL_Driver/Src/stm32f1xx_hal_rcc_ex.c.obj
 .debug_aranges
                0x00000468      0x3a8 CMakeFiles/hoverGate_fw.elf.dir/Drivers/STM32F1xx_HAL_Driver/Src/stm32f1xx_hal_tim.c.obj
 .debug_aranges
                0x00000810      0x150 CMakeFiles/hoverGate_fw.elf.dir/Drivers/STM32F1xx_HAL_Driver/Src/stm32f1xx_hal_tim_ex.c.obj
 .debug_aranges
                0x00000960      0x1d0 CMakeFiles/hoverGate_fw.elf.dir/Drivers/STM32F1xx_HAL_Driver/Src/stm32f1xx_hal_uart.c.obj
 .debug_aranges
                0x00000b30       0x30 CMakeFiles/hoverGate_fw.elf.dir/Src/adc.c.obj
 .debug_aranges
                0x00000b60       0x20 CMakeFiles/hoverGate_fw.elf.dir/Src/dma.c.obj
 .debug_aranges
                0x00000b80       0x20 CMakeFiles/hoverGate_fw.elf.dir/Src/gpio.c.obj
 .debug_aranges
                0x00000ba0       0x30 CMakeFiles/hoverGate_fw.elf.dir/Src/main.cpp.obj
 .debug_aranges
                0x00000bd0       0x20 CMakeFiles/hoverGate_fw.elf.dir/Src/stm32f1xx_hal_msp.c.obj
 .debug_aranges
                0x00000bf0       0x70 CMakeFiles/hoverGate_fw.elf.dir/Src/stm32f1xx_it.c.obj
 .debug_aranges
                0x00000c60       0x28 CMakeFiles/hoverGate_fw.elf.dir/Src/system_stm32f1xx.c.obj
 .debug_aranges
                0x00000c88       0x38 CMakeFiles/hoverGate_fw.elf.dir/Src/tim.c.obj
 .debug_aranges
                0x00000cc0       0x30 CMakeFiles/hoverGate_fw.elf.dir/Src/usart.c.obj

.debug_ranges   0x00000000      0xbc0
 .debug_ranges  0x00000000       0xd0 CMakeFiles/hoverGate_fw.elf.dir/Drivers/STM32F1xx_HAL_Driver/Src/stm32f1xx_hal.c.obj
 .debug_ranges  0x000000d0       0xe0 CMakeFiles/hoverGate_fw.elf.dir/Drivers/STM32F1xx_HAL_Driver/Src/stm32f1xx_hal_adc.c.obj
 .debug_ranges  0x000001b0       0xf0 CMakeFiles/hoverGate_fw.elf.dir/Drivers/STM32F1xx_HAL_Driver/Src/stm32f1xx_hal_cortex.c.obj
 .debug_ranges  0x000002a0       0x70 CMakeFiles/hoverGate_fw.elf.dir/Drivers/STM32F1xx_HAL_Driver/Src/stm32f1xx_hal_dma.c.obj
 .debug_ranges  0x00000310       0x48 CMakeFiles/hoverGate_fw.elf.dir/Drivers/STM32F1xx_HAL_Driver/Src/stm32f1xx_hal_gpio.c.obj
 .debug_ranges  0x00000358       0x80 CMakeFiles/hoverGate_fw.elf.dir/Drivers/STM32F1xx_HAL_Driver/Src/stm32f1xx_hal_rcc.c.obj
 .debug_ranges  0x000003d8       0x20 CMakeFiles/hoverGate_fw.elf.dir/Drivers/STM32F1xx_HAL_Driver/Src/stm32f1xx_hal_rcc_ex.c.obj
 .debug_ranges  0x000003f8      0x398 CMakeFiles/hoverGate_fw.elf.dir/Drivers/STM32F1xx_HAL_Driver/Src/stm32f1xx_hal_tim.c.obj
 .debug_ranges  0x00000790      0x140 CMakeFiles/hoverGate_fw.elf.dir/Drivers/STM32F1xx_HAL_Driver/Src/stm32f1xx_hal_tim_ex.c.obj
 .debug_ranges  0x000008d0      0x1c0 CMakeFiles/hoverGate_fw.elf.dir/Drivers/STM32F1xx_HAL_Driver/Src/stm32f1xx_hal_uart.c.obj
 .debug_ranges  0x00000a90       0x20 CMakeFiles/hoverGate_fw.elf.dir/Src/adc.c.obj
 .debug_ranges  0x00000ab0       0x10 CMakeFiles/hoverGate_fw.elf.dir/Src/dma.c.obj
 .debug_ranges  0x00000ac0       0x10 CMakeFiles/hoverGate_fw.elf.dir/Src/gpio.c.obj
 .debug_ranges  0x00000ad0       0x20 CMakeFiles/hoverGate_fw.elf.dir/Src/main.cpp.obj
 .debug_ranges  0x00000af0       0x10 CMakeFiles/hoverGate_fw.elf.dir/Src/stm32f1xx_hal_msp.c.obj
 .debug_ranges  0x00000b00       0x60 CMakeFiles/hoverGate_fw.elf.dir/Src/stm32f1xx_it.c.obj
 .debug_ranges  0x00000b60       0x18 CMakeFiles/hoverGate_fw.elf.dir/Src/system_stm32f1xx.c.obj
 .debug_ranges  0x00000b78       0x28 CMakeFiles/hoverGate_fw.elf.dir/Src/tim.c.obj
 .debug_ranges  0x00000ba0       0x20 CMakeFiles/hoverGate_fw.elf.dir/Src/usart.c.obj

.debug_line     0x00000000     0x6367
 .debug_line    0x00000000      0x41e CMakeFiles/hoverGate_fw.elf.dir/Drivers/STM32F1xx_HAL_Driver/Src/stm32f1xx_hal.c.obj
 .debug_line    0x0000041e      0x7ad CMakeFiles/hoverGate_fw.elf.dir/Drivers/STM32F1xx_HAL_Driver/Src/stm32f1xx_hal_adc.c.obj
 .debug_line    0x00000bcb      0x4ef CMakeFiles/hoverGate_fw.elf.dir/Drivers/STM32F1xx_HAL_Driver/Src/stm32f1xx_hal_cortex.c.obj
 .debug_line    0x000010ba      0x6ab CMakeFiles/hoverGate_fw.elf.dir/Drivers/STM32F1xx_HAL_Driver/Src/stm32f1xx_hal_dma.c.obj
 .debug_line    0x00001765      0x436 CMakeFiles/hoverGate_fw.elf.dir/Drivers/STM32F1xx_HAL_Driver/Src/stm32f1xx_hal_gpio.c.obj
 .debug_line    0x00001b9b      0x538 CMakeFiles/hoverGate_fw.elf.dir/Drivers/STM32F1xx_HAL_Driver/Src/stm32f1xx_hal_rcc.c.obj
 .debug_line    0x000020d3      0x327 CMakeFiles/hoverGate_fw.elf.dir/Drivers/STM32F1xx_HAL_Driver/Src/stm32f1xx_hal_rcc_ex.c.obj
 .debug_line    0x000023fa     0x1321 CMakeFiles/hoverGate_fw.elf.dir/Drivers/STM32F1xx_HAL_Driver/Src/stm32f1xx_hal_tim.c.obj
 .debug_line    0x0000371b      0x888 CMakeFiles/hoverGate_fw.elf.dir/Drivers/STM32F1xx_HAL_Driver/Src/stm32f1xx_hal_tim_ex.c.obj
 .debug_line    0x00003fa3      0xb67 CMakeFiles/hoverGate_fw.elf.dir/Drivers/STM32F1xx_HAL_Driver/Src/stm32f1xx_hal_uart.c.obj
 .debug_line    0x00004b0a      0x301 CMakeFiles/hoverGate_fw.elf.dir/Src/adc.c.obj
 .debug_line    0x00004e0b      0x211 CMakeFiles/hoverGate_fw.elf.dir/Src/dma.c.obj
 .debug_line    0x0000501c      0x24a CMakeFiles/hoverGate_fw.elf.dir/Src/gpio.c.obj
 .debug_line    0x00005266      0x35b CMakeFiles/hoverGate_fw.elf.dir/Src/main.cpp.obj
 .debug_line    0x000055c1      0x220 CMakeFiles/hoverGate_fw.elf.dir/Src/stm32f1xx_hal_msp.c.obj
 .debug_line    0x000057e1      0x31b CMakeFiles/hoverGate_fw.elf.dir/Src/stm32f1xx_it.c.obj
 .debug_line    0x00005afc      0x269 CMakeFiles/hoverGate_fw.elf.dir/Src/system_stm32f1xx.c.obj
 .debug_line    0x00005d65      0x319 CMakeFiles/hoverGate_fw.elf.dir/Src/tim.c.obj
 .debug_line    0x0000607e      0x2e9 CMakeFiles/hoverGate_fw.elf.dir/Src/usart.c.obj

.debug_str      0x00000000     0x3d48
 .debug_str     0x00000000      0x7df CMakeFiles/hoverGate_fw.elf.dir/Drivers/STM32F1xx_HAL_Driver/Src/stm32f1xx_hal.c.obj
                                0x869 (size before relaxing)
 .debug_str     0x000007df      0x5c8 CMakeFiles/hoverGate_fw.elf.dir/Drivers/STM32F1xx_HAL_Driver/Src/stm32f1xx_hal_adc.c.obj
                                0x969 (size before relaxing)
 .debug_str     0x00000da7      0x436 CMakeFiles/hoverGate_fw.elf.dir/Drivers/STM32F1xx_HAL_Driver/Src/stm32f1xx_hal_cortex.c.obj
                                0x9d0 (size before relaxing)
 .debug_str     0x000011dd      0x26b CMakeFiles/hoverGate_fw.elf.dir/Drivers/STM32F1xx_HAL_Driver/Src/stm32f1xx_hal_dma.c.obj
                                0x712 (size before relaxing)
 .debug_str     0x00001448      0x1f6 CMakeFiles/hoverGate_fw.elf.dir/Drivers/STM32F1xx_HAL_Driver/Src/stm32f1xx_hal_gpio.c.obj
                                0x521 (size before relaxing)
 .debug_str     0x0000163e      0x30e CMakeFiles/hoverGate_fw.elf.dir/Drivers/STM32F1xx_HAL_Driver/Src/stm32f1xx_hal_rcc.c.obj
                                0x6dc (size before relaxing)
 .debug_str     0x0000194c      0x13e CMakeFiles/hoverGate_fw.elf.dir/Drivers/STM32F1xx_HAL_Driver/Src/stm32f1xx_hal_rcc_ex.c.obj
                                0x4c1 (size before relaxing)
 .debug_str     0x00001a8a      0xf85 CMakeFiles/hoverGate_fw.elf.dir/Drivers/STM32F1xx_HAL_Driver/Src/stm32f1xx_hal_tim.c.obj
                               0x14ff (size before relaxing)
 .debug_str     0x00002a0f      0x5a5 CMakeFiles/hoverGate_fw.elf.dir/Drivers/STM32F1xx_HAL_Driver/Src/stm32f1xx_hal_tim_ex.c.obj
                                0xcff (size before relaxing)
 .debug_str     0x00002fb4      0x6d4 CMakeFiles/hoverGate_fw.elf.dir/Drivers/STM32F1xx_HAL_Driver/Src/stm32f1xx_hal_uart.c.obj
                                0xc23 (size before relaxing)
 .debug_str     0x00003688       0x70 CMakeFiles/hoverGate_fw.elf.dir/Src/adc.c.obj
                                0x6f6 (size before relaxing)
 .debug_str     0x000036f8       0x45 CMakeFiles/hoverGate_fw.elf.dir/Src/dma.c.obj
                                0x5d4 (size before relaxing)
 .debug_str     0x0000373d       0x47 CMakeFiles/hoverGate_fw.elf.dir/Src/gpio.c.obj
                                0x3a7 (size before relaxing)
 .debug_str     0x00003784      0x330 CMakeFiles/hoverGate_fw.elf.dir/Src/main.cpp.obj
                                0xd43 (size before relaxing)
 .debug_str     0x00003ab4       0x47 CMakeFiles/hoverGate_fw.elf.dir/Src/stm32f1xx_hal_msp.c.obj
                                0x33b (size before relaxing)
 .debug_str     0x00003afb       0xfd CMakeFiles/hoverGate_fw.elf.dir/Src/stm32f1xx_it.c.obj
                                0x71d (size before relaxing)
 .debug_str     0x00003bf8       0x79 CMakeFiles/hoverGate_fw.elf.dir/Src/system_stm32f1xx.c.obj
                                0x390 (size before relaxing)
 .debug_str     0x00003c71       0x7d CMakeFiles/hoverGate_fw.elf.dir/Src/tim.c.obj
                                0x939 (size before relaxing)
 .debug_str     0x00003cee       0x5a CMakeFiles/hoverGate_fw.elf.dir/Src/usart.c.obj
                                0xa18 (size before relaxing)

.comment        0x00000000       0x7f
 .comment       0x00000000       0x7f CMakeFiles/hoverGate_fw.elf.dir/Drivers/STM32F1xx_HAL_Driver/Src/stm32f1xx_hal.c.obj
                                 0x80 (size before relaxing)
 .comment       0x0000007f       0x80 CMakeFiles/hoverGate_fw.elf.dir/Drivers/STM32F1xx_HAL_Driver/Src/stm32f1xx_hal_adc.c.obj
 .comment       0x0000007f       0x80 CMakeFiles/hoverGate_fw.elf.dir/Drivers/STM32F1xx_HAL_Driver/Src/stm32f1xx_hal_cortex.c.obj
 .comment       0x0000007f       0x80 CMakeFiles/hoverGate_fw.elf.dir/Drivers/STM32F1xx_HAL_Driver/Src/stm32f1xx_hal_dma.c.obj
 .comment       0x0000007f       0x80 CMakeFiles/hoverGate_fw.elf.dir/Drivers/STM32F1xx_HAL_Driver/Src/stm32f1xx_hal_gpio.c.obj
 .comment       0x0000007f       0x80 CMakeFiles/hoverGate_fw.elf.dir/Drivers/STM32F1xx_HAL_Driver/Src/stm32f1xx_hal_rcc.c.obj
 .comment       0x0000007f       0x80 CMakeFiles/hoverGate_fw.elf.dir/Drivers/STM32F1xx_HAL_Driver/Src/stm32f1xx_hal_rcc_ex.c.obj
 .comment       0x0000007f       0x80 CMakeFiles/hoverGate_fw.elf.dir/Drivers/STM32F1xx_HAL_Driver/Src/stm32f1xx_hal_tim.c.obj
 .comment       0x0000007f       0x80 CMakeFiles/hoverGate_fw.elf.dir/Drivers/STM32F1xx_HAL_Driver/Src/stm32f1xx_hal_tim_ex.c.obj
 .comment       0x0000007f       0x80 CMakeFiles/hoverGate_fw.elf.dir/Drivers/STM32F1xx_HAL_Driver/Src/stm32f1xx_hal_uart.c.obj
 .comment       0x0000007f       0x80 CMakeFiles/hoverGate_fw.elf.dir/Src/adc.c.obj
 .comment       0x0000007f       0x80 CMakeFiles/hoverGate_fw.elf.dir/Src/dma.c.obj
 .comment       0x0000007f       0x80 CMakeFiles/hoverGate_fw.elf.dir/Src/gpio.c.obj
 .comment       0x0000007f       0x80 CMakeFiles/hoverGate_fw.elf.dir/Src/main.cpp.obj
 .comment       0x0000007f       0x80 CMakeFiles/hoverGate_fw.elf.dir/Src/stm32f1xx_hal_msp.c.obj
 .comment       0x0000007f       0x80 CMakeFiles/hoverGate_fw.elf.dir/Src/stm32f1xx_it.c.obj
 .comment       0x0000007f       0x80 CMakeFiles/hoverGate_fw.elf.dir/Src/system_stm32f1xx.c.obj
 .comment       0x0000007f       0x80 CMakeFiles/hoverGate_fw.elf.dir/Src/tim.c.obj
 .comment       0x0000007f       0x80 CMakeFiles/hoverGate_fw.elf.dir/Src/usart.c.obj

.debug_frame    0x00000000     0x34c8
 .debug_frame   0x00000000      0x334 CMakeFiles/hoverGate_fw.elf.dir/Drivers/STM32F1xx_HAL_Driver/Src/stm32f1xx_hal.c.obj
 .debug_frame   0x00000334      0x40c CMakeFiles/hoverGate_fw.elf.dir/Drivers/STM32F1xx_HAL_Driver/Src/stm32f1xx_hal_adc.c.obj
 .debug_frame   0x00000740      0x428 CMakeFiles/hoverGate_fw.elf.dir/Drivers/STM32F1xx_HAL_Driver/Src/stm32f1xx_hal_cortex.c.obj
 .debug_frame   0x00000b68      0x208 CMakeFiles/hoverGate_fw.elf.dir/Drivers/STM32F1xx_HAL_Driver/Src/stm32f1xx_hal_dma.c.obj
 .debug_frame   0x00000d70      0x14c CMakeFiles/hoverGate_fw.elf.dir/Drivers/STM32F1xx_HAL_Driver/Src/stm32f1xx_hal_gpio.c.obj
 .debug_frame   0x00000ebc      0x21c CMakeFiles/hoverGate_fw.elf.dir/Drivers/STM32F1xx_HAL_Driver/Src/stm32f1xx_hal_rcc.c.obj
 .debug_frame   0x000010d8       0x84 CMakeFiles/hoverGate_fw.elf.dir/Drivers/STM32F1xx_HAL_Driver/Src/stm32f1xx_hal_rcc_ex.c.obj
 .debug_frame   0x0000115c     0x10e8 CMakeFiles/hoverGate_fw.elf.dir/Drivers/STM32F1xx_HAL_Driver/Src/stm32f1xx_hal_tim.c.obj
 .debug_frame   0x00002244      0x5c0 CMakeFiles/hoverGate_fw.elf.dir/Drivers/STM32F1xx_HAL_Driver/Src/stm32f1xx_hal_tim_ex.c.obj
 .debug_frame   0x00002804      0x834 CMakeFiles/hoverGate_fw.elf.dir/Drivers/STM32F1xx_HAL_Driver/Src/stm32f1xx_hal_uart.c.obj
 .debug_frame   0x00003038       0x7c CMakeFiles/hoverGate_fw.elf.dir/Src/adc.c.obj
 .debug_frame   0x000030b4       0x34 CMakeFiles/hoverGate_fw.elf.dir/Src/dma.c.obj
 .debug_frame   0x000030e8       0x34 CMakeFiles/hoverGate_fw.elf.dir/Src/gpio.c.obj
 .debug_frame   0x0000311c       0x70 CMakeFiles/hoverGate_fw.elf.dir/Src/main.cpp.obj
 .debug_frame   0x0000318c       0x38 CMakeFiles/hoverGate_fw.elf.dir/Src/stm32f1xx_hal_msp.c.obj
 .debug_frame   0x000031c4      0x144 CMakeFiles/hoverGate_fw.elf.dir/Src/stm32f1xx_it.c.obj
 .debug_frame   0x00003308       0x58 CMakeFiles/hoverGate_fw.elf.dir/Src/system_stm32f1xx.c.obj
 .debug_frame   0x00003360       0xa8 CMakeFiles/hoverGate_fw.elf.dir/Src/tim.c.obj
 .debug_frame   0x00003408       0x74 CMakeFiles/hoverGate_fw.elf.dir/Src/usart.c.obj
 .debug_frame   0x0000347c       0x2c c:/arm_gcc/bin/../lib/gcc/arm-none-eabi/7.3.1/../../../../arm-none-eabi/lib/thumb/v7-m\libg_nano.a(lib_a-init.o)
 .debug_frame   0x000034a8       0x20 c:/arm_gcc/bin/../lib/gcc/arm-none-eabi/7.3.1/../../../../arm-none-eabi/lib/thumb/v7-m\libg_nano.a(lib_a-memset.o)
