Archive member included to satisfy reference by file (symbol)

c:/arm_gcc/bin/../lib/gcc/arm-none-eabi/7.3.1/../../../../arm-none-eabi/lib/thumb/v7-m\libg_nano.a(lib_a-errno.o)
                              CMakeFiles/hoverGate_fw.elf.dir/Src/syscalls.c.obj (__errno)
c:/arm_gcc/bin/../lib/gcc/arm-none-eabi/7.3.1/../../../../arm-none-eabi/lib/thumb/v7-m\libg_nano.a(lib_a-exit.o)
                              c:/arm_gcc/bin/../lib/gcc/arm-none-eabi/7.3.1/../../../../arm-none-eabi/lib/thumb/v7-m/crt0.o (exit)
c:/arm_gcc/bin/../lib/gcc/arm-none-eabi/7.3.1/../../../../arm-none-eabi/lib/thumb/v7-m\libg_nano.a(lib_a-impure.o)
                              c:/arm_gcc/bin/../lib/gcc/arm-none-eabi/7.3.1/../../../../arm-none-eabi/lib/thumb/v7-m\libg_nano.a(lib_a-exit.o) (_global_impure_ptr)
c:/arm_gcc/bin/../lib/gcc/arm-none-eabi/7.3.1/../../../../arm-none-eabi/lib/thumb/v7-m\libg_nano.a(lib_a-init.o)
                              c:/arm_gcc/bin/../lib/gcc/arm-none-eabi/7.3.1/../../../../arm-none-eabi/lib/thumb/v7-m/crt0.o (__libc_init_array)
c:/arm_gcc/bin/../lib/gcc/arm-none-eabi/7.3.1/../../../../arm-none-eabi/lib/thumb/v7-m\libg_nano.a(lib_a-memset.o)
                              c:/arm_gcc/bin/../lib/gcc/arm-none-eabi/7.3.1/../../../../arm-none-eabi/lib/thumb/v7-m/crt0.o (memset)

Discarded input sections

 .text          0x00000000        0x0 c:/arm_gcc/bin/../lib/gcc/arm-none-eabi/7.3.1/thumb/v7-m/crti.o
 .data          0x00000000        0x0 c:/arm_gcc/bin/../lib/gcc/arm-none-eabi/7.3.1/thumb/v7-m/crti.o
 .bss           0x00000000        0x0 c:/arm_gcc/bin/../lib/gcc/arm-none-eabi/7.3.1/thumb/v7-m/crti.o
 .data          0x00000000        0x4 c:/arm_gcc/bin/../lib/gcc/arm-none-eabi/7.3.1/thumb/v7-m/crtbegin.o
 .text          0x00000000       0x74 c:/arm_gcc/bin/../lib/gcc/arm-none-eabi/7.3.1/../../../../arm-none-eabi/lib/thumb/v7-m/crt0.o
 .data          0x00000000        0x0 c:/arm_gcc/bin/../lib/gcc/arm-none-eabi/7.3.1/../../../../arm-none-eabi/lib/thumb/v7-m/crt0.o
 .bss           0x00000000        0x0 c:/arm_gcc/bin/../lib/gcc/arm-none-eabi/7.3.1/../../../../arm-none-eabi/lib/thumb/v7-m/crt0.o
 .ARM.extab     0x00000000        0x0 c:/arm_gcc/bin/../lib/gcc/arm-none-eabi/7.3.1/../../../../arm-none-eabi/lib/thumb/v7-m/crt0.o
 .ARM.exidx     0x00000000        0x8 c:/arm_gcc/bin/../lib/gcc/arm-none-eabi/7.3.1/../../../../arm-none-eabi/lib/thumb/v7-m/crt0.o
 .ARM.attributes
                0x00000000       0x1b c:/arm_gcc/bin/../lib/gcc/arm-none-eabi/7.3.1/../../../../arm-none-eabi/lib/thumb/v7-m/crt0.o
 .text          0x00000000        0x0 CMakeFiles/hoverGate_fw.elf.dir/Drivers/STM32F1xx_HAL_Driver/Src/stm32f1xx_hal.c.obj
 .data          0x00000000        0x0 CMakeFiles/hoverGate_fw.elf.dir/Drivers/STM32F1xx_HAL_Driver/Src/stm32f1xx_hal.c.obj
 .bss           0x00000000        0x0 CMakeFiles/hoverGate_fw.elf.dir/Drivers/STM32F1xx_HAL_Driver/Src/stm32f1xx_hal.c.obj
 .text.HAL_DeInit
                0x00000000       0x30 CMakeFiles/hoverGate_fw.elf.dir/Drivers/STM32F1xx_HAL_Driver/Src/stm32f1xx_hal.c.obj
 .text.HAL_MspInit
                0x00000000        0xc CMakeFiles/hoverGate_fw.elf.dir/Drivers/STM32F1xx_HAL_Driver/Src/stm32f1xx_hal.c.obj
 .text.HAL_MspDeInit
                0x00000000        0xc CMakeFiles/hoverGate_fw.elf.dir/Drivers/STM32F1xx_HAL_Driver/Src/stm32f1xx_hal.c.obj
 .text.HAL_GetTickPrio
                0x00000000       0x14 CMakeFiles/hoverGate_fw.elf.dir/Drivers/STM32F1xx_HAL_Driver/Src/stm32f1xx_hal.c.obj
 .text.HAL_SetTickFreq
                0x00000000       0x44 CMakeFiles/hoverGate_fw.elf.dir/Drivers/STM32F1xx_HAL_Driver/Src/stm32f1xx_hal.c.obj
 .text.HAL_GetTickFreq
                0x00000000       0x14 CMakeFiles/hoverGate_fw.elf.dir/Drivers/STM32F1xx_HAL_Driver/Src/stm32f1xx_hal.c.obj
 .text.HAL_Delay
                0x00000000       0x44 CMakeFiles/hoverGate_fw.elf.dir/Drivers/STM32F1xx_HAL_Driver/Src/stm32f1xx_hal.c.obj
 .text.HAL_SuspendTick
                0x00000000       0x1c CMakeFiles/hoverGate_fw.elf.dir/Drivers/STM32F1xx_HAL_Driver/Src/stm32f1xx_hal.c.obj
 .text.HAL_ResumeTick
                0x00000000       0x1c CMakeFiles/hoverGate_fw.elf.dir/Drivers/STM32F1xx_HAL_Driver/Src/stm32f1xx_hal.c.obj
 .text.HAL_GetHalVersion
                0x00000000       0x14 CMakeFiles/hoverGate_fw.elf.dir/Drivers/STM32F1xx_HAL_Driver/Src/stm32f1xx_hal.c.obj
 .text.HAL_GetREVID
                0x00000000       0x18 CMakeFiles/hoverGate_fw.elf.dir/Drivers/STM32F1xx_HAL_Driver/Src/stm32f1xx_hal.c.obj
 .text.HAL_GetDEVID
                0x00000000       0x18 CMakeFiles/hoverGate_fw.elf.dir/Drivers/STM32F1xx_HAL_Driver/Src/stm32f1xx_hal.c.obj
 .text.HAL_GetUIDw0
                0x00000000       0x14 CMakeFiles/hoverGate_fw.elf.dir/Drivers/STM32F1xx_HAL_Driver/Src/stm32f1xx_hal.c.obj
 .text.HAL_GetUIDw1
                0x00000000       0x14 CMakeFiles/hoverGate_fw.elf.dir/Drivers/STM32F1xx_HAL_Driver/Src/stm32f1xx_hal.c.obj
 .text.HAL_GetUIDw2
[...]
Memory Configuration

Name             Origin             Length             Attributes
RAM              0x20000000         0x00005000         xrw
FLASH            0x08000000         0x00010000         xr
*default*        0x00000000         0xffffffff

Linker script and memory map

LOAD c:/arm_gcc/bin/../lib/gcc/arm-none-eabi/7.3.1/thumb/v7-m/crti.o
LOAD c:/arm_gcc/bin/../lib/gcc/arm-none-eabi/7.3.1/thumb/v7-m/crtbegin.o
LOAD c:/arm_gcc/bin/../lib/gcc/arm-none-eabi/7.3.1/../../../../arm-none-eabi/lib/thumb/v7-m/crt0.o
LOAD CMakeFiles/hoverGate_fw.elf.dir/Drivers/STM32F1xx_HAL_Driver/Src/stm32f1xx_hal.c.obj
LOAD CMakeFiles/hoverGate_fw.elf.dir/Drivers/STM32F1xx_HAL_Driver/Src/stm32f1xx_hal_adc.c.obj
LOAD CMakeFiles/hoverGate_fw.elf.dir/Drivers/STM32F1xx_HAL_Driver/Src/stm32f1xx_hal_adc_ex.c.obj
LOAD CMakeFiles/hoverGate_fw.elf.dir/Drivers/STM32F1xx_HAL_Driver/Src/stm32f1xx_hal_cortex.c.obj
LOAD CMakeFiles/hoverGate_fw.elf.dir/Drivers/STM32F1xx_HAL_Driver/Src/stm32f1xx_hal_dma.c.obj
LOAD CMakeFiles/hoverGate_fw.elf.dir/Drivers/STM32F1xx_HAL_Driver/Src/stm32f1xx_hal_exti.c.obj
LOAD CMakeFiles/hoverGate_fw.elf.dir/Drivers/STM32F1xx_HAL_Driver/Src/stm32f1xx_hal_flash.c.obj
LOAD CMakeFiles/hoverGate_fw.elf.dir/Drivers/STM32F1xx_HAL_Driver/Src/stm32f1xx_hal_flash_ex.c.obj
LOAD CMakeFiles/hoverGate_fw.elf.dir/Drivers/STM32F1xx_HAL_Driver/Src/stm32f1xx_hal_gpio.c.obj
LOAD CMakeFiles/hoverGate_fw.elf.dir/Drivers/STM32F1xx_HAL_Driver/Src/stm32f1xx_hal_gpio_ex.c.obj
LOAD CMakeFiles/hoverGate_fw.elf.dir/Drivers/STM32F1xx_HAL_Driver/Src/stm32f1xx_hal_pwr.c.obj
LOAD CMakeFiles/hoverGate_fw.elf.dir/Drivers/STM32F1xx_HAL_Driver/Src/stm32f1xx_hal_rcc.c.obj
LOAD CMakeFiles/hoverGate_fw.elf.dir/Drivers/STM32F1xx_HAL_Driver/Src/stm32f1xx_hal_rcc_ex.c.obj
LOAD CMakeFiles/hoverGate_fw.elf.dir/Drivers/STM32F1xx_HAL_Driver/Src/stm32f1xx_hal_tim.c.obj
LOAD CMakeFiles/hoverGate_fw.elf.dir/Drivers/STM32F1xx_HAL_Driver/Src/stm32f1xx_hal_tim_ex.c.obj
LOAD CMakeFiles/hoverGate_fw.elf.dir/Drivers/STM32F1xx_HAL_Driver/Src/stm32f1xx_hal_uart.c.obj
LOAD CMakeFiles/hoverGate_fw.elf.dir/Src/main.c.obj
LOAD CMakeFiles/hoverGate_fw.elf.dir/Src/stm32f1xx_hal_msp.c.obj
LOAD CMakeFiles/hoverGate_fw.elf.dir/Src/stm32f1xx_it.c.obj
LOAD CMakeFiles/hoverGate_fw.elf.dir/Src/syscalls.c.obj
LOAD CMakeFiles/hoverGate_fw.elf.dir/Src/system_stm32f1xx.c.obj
LOAD CMakeFiles/hoverGate_fw.elf.dir/startup/startup_stm32f103xb.s.obj
START GROUP
LOAD c:/arm_gcc/bin/../lib/gcc/arm-none-eabi/7.3.1/thumb/v7-m\libgcc.a
LOAD c:/arm_gcc/bin/../lib/gcc/arm-none-eabi/7.3.1/../../../../arm-none-eabi/lib/thumb/v7-m\libg_nano.a
LOAD c:/arm_gcc/bin/../lib/gcc/arm-none-eabi/7.3.1/../../../../arm-none-eabi/lib/thumb/v7-m\libc_nano.a
END GROUP
START GROUP
LOAD c:/arm_gcc/bin/../lib/gcc/arm-none-eabi/7.3.1/thumb/v7-m\libgcc.a
LOAD c:/arm_gcc/bin/../lib/gcc/arm-none-eabi/7.3.1/../../../../arm-none-eabi/lib/thumb/v7-m\libc_nano.a
LOAD c:/arm_gcc/bin/../lib/gcc/arm-none-eabi/7.3.1/../../../../arm-none-eabi/lib/thumb/v7-m\libnosys.a
END GROUP
START GROUP
LOAD c:/arm_gcc/bin/../lib/gcc/arm-none-eabi/7.3.1/thumb/v7-m\libgcc.a
LOAD c:/arm_gcc/bin/../lib/gcc/arm-none-eabi/7.3.1/../../../../arm-none-eabi/lib/thumb/v7-m\libc_nano.a
LOAD c:/arm_gcc/bin/../lib/gcc/arm-none-eabi/7.3.1/../../../../arm-none-eabi/lib/thumb/v7-m\libnosys.a
END GROUP
LOAD c:/arm_gcc/bin/../lib/gcc/arm-none-eabi/7.3.1/thumb/v7-m/crtend.o
LOAD c:/arm_gcc/bin/../lib/gcc/arm-none-eabi/7.3.1/thumb/v7-m/crtn.o
                0x20005000                _estack = 0x20005000
                0x00000200                _Min_Heap_Size = 0x200
                0x00000400                _Min_Stack_Size = 0x400

.isr_vector     0x08000000      0x10c
                0x08000000                . = ALIGN (0x4)
 *(.isr_vector)
 .isr_vector    0x08000000      0x10c CMakeFiles/hoverGate_fw.elf.dir/startup/startup_stm32f103xb.s.obj
                0x08000000                g_pfnVectors
                0x0800010c                . = ALIGN (0x4)

.text           0x0800010c     0x2a2c
                0x0800010c                . = ALIGN (0x4)
 *(.text)
 .text          0x0800010c       0x40 c:/arm_gcc/bin/../lib/gcc/arm-none-eabi/7.3.1/thumb/v7-m/crtbegin.o
 *(.text*)
 .text.HAL_Init
                0x0800014c       0x2c CMakeFiles/hoverGate_fw.elf.dir/Drivers/STM32F1xx_HAL_Driver/Src/stm32f1xx_hal.c.obj
                0x0800014c                HAL_Init
 .text.HAL_InitTick
                0x08000178       0x60 CMakeFiles/hoverGate_fw.elf.dir/Drivers/STM32F1xx_HAL_Driver/Src/stm32f1xx_hal.c.obj
                0x08000178                HAL_InitTick
 .text.HAL_IncTick
                0x080001d8       0x24 CMakeFiles/hoverGate_fw.elf.dir/Drivers/STM32F1xx_HAL_Driver/Src/stm32f1xx_hal.c.obj
                0x080001d8                HAL_IncTick
 .text.HAL_GetTick
                0x080001fc       0x14 CMakeFiles/hoverGate_fw.elf.dir/Drivers/STM32F1xx_HAL_Driver/Src/stm32f1xx_hal.c.obj
                0x080001fc                HAL_GetTick
 .text.HAL_ADC_Init
                0x08000210      0x1b0 CMakeFiles/hoverGate_fw.elf.dir/Drivers/STM32F1xx_HAL_Driver/Src/stm32f1xx_hal_adc.c.obj
                0x08000210                HAL_ADC_Init
 .text.HAL_ADC_ConfigChannel
                0x080003c0      0x1f0 CMakeFiles/hoverGate_fw.elf.dir/Drivers/STM32F1xx_HAL_Driver/Src/stm32f1xx_hal_adc.c.obj
                0x080003c0                HAL_ADC_ConfigChannel
 .text.ADC_ConversionStop_Disable
                0x080005b0       0x74 CMakeFiles/hoverGate_fw.elf.dir/Drivers/STM32F1xx_HAL_Driver/Src/stm32f1xx_hal_adc.c.obj
                0x080005b0                ADC_ConversionStop_Disable
 .text.__NVIC_SetPriorityGrouping
                0x08000624       0x48 CMakeFiles/hoverGate_fw.elf.dir/Drivers/STM32F1xx_HAL_Driver/Src/stm32f1xx_hal_cortex.c.obj
 .text.__NVIC_GetPriorityGrouping
                0x0800066c       0x1c CMakeFiles/hoverGate_fw.elf.dir/Drivers/STM32F1xx_HAL_Driver/Src/stm32f1xx_hal_cortex.c.obj
 .text.__NVIC_EnableIRQ
                0x08000688       0x38 CMakeFiles/hoverGate_fw.elf.dir/Drivers/STM32F1xx_HAL_Driver/Src/stm32f1xx_hal_cortex.c.obj
 .text.__NVIC_SetPriority
                0x080006c0       0x54 CMakeFiles/hoverGate_fw.elf.dir/Drivers/STM32F1xx_HAL_Driver/Src/stm32f1xx_hal_cortex.c.obj
 .text.NVIC_EncodePriority
                0x08000714       0x64 CMakeFiles/hoverGate_fw.elf.dir/Drivers/STM32F1xx_HAL_Driver/Src/stm32f1xx_hal_cortex.c.obj
 .text.SysTick_Config
                0x08000778       0x44 CMakeFiles/hoverGate_fw.elf.dir/Drivers/STM32F1xx_HAL_Driver/Src/stm32f1xx_hal_cortex.c.obj
 .text.HAL_NVIC_SetPriorityGrouping
                0x080007bc       0x16 CMakeFiles/hoverGate_fw.elf.dir/Drivers/STM32F1xx_HAL_Driver/Src/stm32f1xx_hal_cortex.c.obj
                0x080007bc                HAL_NVIC_SetPriorityGrouping
 .text.HAL_NVIC_SetPriority
                0x080007d2       0x38 CMakeFiles/hoverGate_fw.elf.dir/Drivers/STM32F1xx_HAL_Driver/Src/stm32f1xx_hal_cortex.c.obj
                0x080007d2                HAL_NVIC_SetPriority
 .text.HAL_NVIC_EnableIRQ
                0x0800080a       0x1c CMakeFiles/hoverGate_fw.elf.dir/Drivers/STM32F1xx_HAL_Driver/Src/stm32f1xx_hal_cortex.c.obj
                0x0800080a                HAL_NVIC_EnableIRQ
 .text.HAL_SYSTICK_Config
                0x08000826       0x18 CMakeFiles/hoverGate_fw.elf.dir/Drivers/STM32F1xx_HAL_Driver/Src/stm32f1xx_hal_cortex.c.obj
                0x08000826                HAL_SYSTICK_Config
 *fill*         0x0800083e        0x2 
 .text.HAL_DMA_Init
                0x08000840       0xb4 CMakeFiles/hoverGate_fw.elf.dir/Drivers/STM32F1xx_HAL_Driver/Src/stm32f1xx_hal_dma.c.obj
                0x08000840                HAL_DMA_Init
 .text.HAL_DMA_Abort_IT
                0x080008f4       0xec CMakeFiles/hoverGate_fw.elf.dir/Drivers/STM32F1xx_HAL_Driver/Src/stm32f1xx_hal_dma.c.obj
                0x080008f4                HAL_DMA_Abort_IT
 .text.HAL_DMA_IRQHandler
                0x080009e0      0x20c CMakeFiles/hoverGate_fw.elf.dir/Drivers/STM32F1xx_HAL_Driver/Src/stm32f1xx_hal_dma.c.obj
                0x080009e0                HAL_DMA_IRQHandler
 .text.HAL_GPIO_Init
                0x08000bec      0x2b4 CMakeFiles/hoverGate_fw.elf.dir/Drivers/STM32F1xx_HAL_Driver/Src/stm32f1xx_hal_gpio.c.obj
                0x08000bec                HAL_GPIO_Init
 .text.HAL_GPIO_WritePin
                0x08000ea0       0x30 CMakeFiles/hoverGate_fw.elf.dir/Drivers/STM32F1xx_HAL_Driver/Src/stm32f1xx_hal_gpio.c.obj
                0x08000ea0                HAL_GPIO_WritePin
 .text.HAL_RCC_OscConfig
                0x08000ed0      0x500 CMakeFiles/hoverGate_fw.elf.dir/Drivers/STM32F1xx_HAL_Driver/Src/stm32f1xx_hal_rcc.c.obj
                0x08000ed0                HAL_RCC_OscConfig
 .text.HAL_RCC_ClockConfig
                0x080013d0      0x1d4 CMakeFiles/hoverGate_fw.elf.dir/Drivers/STM32F1xx_HAL_Driver/Src/stm32f1xx_hal_rcc.c.obj
                0x080013d0                HAL_RCC_ClockConfig
 .text.HAL_RCC_GetSysClockFreq
                0x080015a4       0xc4 CMakeFiles/hoverGate_fw.elf.dir/Drivers/STM32F1xx_HAL_Driver/Src/stm32f1xx_hal_rcc.c.obj
                0x080015a4                HAL_RCC_GetSysClockFreq
 .text.HAL_RCC_GetHCLKFreq
                0x08001668       0x14 CMakeFiles/hoverGate_fw.elf.dir/Drivers/STM32F1xx_HAL_Driver/Src/stm32f1xx_hal_rcc.c.obj
                0x08001668                HAL_RCC_GetHCLKFreq
 .text.HAL_RCC_GetPCLK1Freq
                0x0800167c       0x28 CMakeFiles/hoverGate_fw.elf.dir/Drivers/STM32F1xx_HAL_Driver/Src/stm32f1xx_hal_rcc.c.obj
                0x0800167c                HAL_RCC_GetPCLK1Freq
 .text.HAL_RCC_GetPCLK2Freq
                0x080016a4       0x28 CMakeFiles/hoverGate_fw.elf.dir/Drivers/STM32F1xx_HAL_Driver/Src/stm32f1xx_hal_rcc.c.obj
                0x080016a4                HAL_RCC_GetPCLK2Freq
 .text.RCC_Delay
                0x080016cc       0x3c CMakeFiles/hoverGate_fw.elf.dir/Drivers/STM32F1xx_HAL_Driver/Src/stm32f1xx_hal_rcc.c.obj
 .text.HAL_RCCEx_PeriphCLKConfig
                0x08001708      0x16c CMakeFiles/hoverGate_fw.elf.dir/Drivers/STM32F1xx_HAL_Driver/Src/stm32f1xx_hal_rcc_ex.c.obj
                0x08001708                HAL_RCCEx_PeriphCLKConfig
 .text.HAL_TIM_Base_Init
                0x08001874       0x56 CMakeFiles/hoverGate_fw.elf.dir/Drivers/STM32F1xx_HAL_Driver/Src/stm32f1xx_hal_tim.c.obj
                0x08001874                HAL_TIM_Base_Init
 .text.HAL_TIM_ConfigClockSource
                0x080018ca      0x16e CMakeFiles/hoverGate_fw.elf.dir/Drivers/STM32F1xx_HAL_Driver/Src/stm32f1xx_hal_tim.c.obj
                0x080018ca                HAL_TIM_ConfigClockSource
 .text.TIM_Base_SetConfig
                0x08001a38       0xc4 CMakeFiles/hoverGate_fw.elf.dir/Drivers/STM32F1xx_HAL_Driver/Src/stm32f1xx_hal_tim.c.obj
                0x08001a38                TIM_Base_SetConfig
 .text.TIM_TI1_ConfigInputStage
                0x08001afc       0x5c CMakeFiles/hoverGate_fw.elf.dir/Drivers/STM32F1xx_HAL_Driver/Src/stm32f1xx_hal_tim.c.obj
 .text.TIM_TI2_ConfigInputStage
                0x08001b58       0x5e CMakeFiles/hoverGate_fw.elf.dir/Drivers/STM32F1xx_HAL_Driver/Src/stm32f1xx_hal_tim.c.obj
 .text.TIM_ITRx_SetConfig
                0x08001bb6       0x34 CMakeFiles/hoverGate_fw.elf.dir/Drivers/STM32F1xx_HAL_Driver/Src/stm32f1xx_hal_tim.c.obj
 .text.TIM_ETR_SetConfig
                0x08001bea       0x3e CMakeFiles/hoverGate_fw.elf.dir/Drivers/STM32F1xx_HAL_Driver/Src/stm32f1xx_hal_tim.c.obj
                0x08001bea                TIM_ETR_SetConfig
 .text.HAL_TIMEx_MasterConfigSynchronization
                0x08001c28       0x88 CMakeFiles/hoverGate_fw.elf.dir/Drivers/STM32F1xx_HAL_Driver/Src/stm32f1xx_hal_tim_ex.c.obj
                0x08001c28                HAL_TIMEx_MasterConfigSynchronization
 .text.HAL_UART_Init
                0x08001cb0       0x9a CMakeFiles/hoverGate_fw.elf.dir/Drivers/STM32F1xx_HAL_Driver/Src/stm32f1xx_hal_uart.c.obj
                0x08001cb0                HAL_UART_Init
 *fill*         0x08001d4a        0x2 
 .text.HAL_UART_IRQHandler
                0x08001d4c      0x1f8 CMakeFiles/hoverGate_fw.elf.dir/Drivers/STM32F1xx_HAL_Driver/Src/stm32f1xx_hal_uart.c.obj
                0x08001d4c                HAL_UART_IRQHandler
 .text.HAL_UART_TxCpltCallback
                0x08001f44       0x12 CMakeFiles/hoverGate_fw.elf.dir/Drivers/STM32F1xx_HAL_Driver/Src/stm32f1xx_hal_uart.c.obj
                0x08001f44                HAL_UART_TxCpltCallback
 .text.HAL_UART_RxCpltCallback
                0x08001f56       0x12 CMakeFiles/hoverGate_fw.elf.dir/Drivers/STM32F1xx_HAL_Driver/Src/stm32f1xx_hal_uart.c.obj
                0x08001f56                HAL_UART_RxCpltCallback
 .text.HAL_UART_ErrorCallback
                0x08001f68       0x12 CMakeFiles/hoverGate_fw.elf.dir/Drivers/STM32F1xx_HAL_Driver/Src/stm32f1xx_hal_uart.c.obj
                0x08001f68                HAL_UART_ErrorCallback
 .text.UART_EndRxTransfer
                0x08001f7a       0x3a CMakeFiles/hoverGate_fw.elf.dir/Drivers/STM32F1xx_HAL_Driver/Src/stm32f1xx_hal_uart.c.obj
 .text.UART_DMAAbortOnError
                0x08001fb4       0x28 CMakeFiles/hoverGate_fw.elf.dir/Drivers/STM32F1xx_HAL_Driver/Src/stm32f1xx_hal_uart.c.obj
 .text.UART_Transmit_IT
                0x08001fdc       0xaa CMakeFiles/hoverGate_fw.elf.dir/Drivers/STM32F1xx_HAL_Driver/Src/stm32f1xx_hal_uart.c.obj
 .text.UART_EndTransmit_IT
                0x08002086       0x30 CMakeFiles/hoverGate_fw.elf.dir/Drivers/STM32F1xx_HAL_Driver/Src/stm32f1xx_hal_uart.c.obj
 .text.UART_Receive_IT
                0x080020b6      0x102 CMakeFiles/hoverGate_fw.elf.dir/Drivers/STM32F1xx_HAL_Driver/Src/stm32f1xx_hal_uart.c.obj
 .text.UART_SetConfig
                0x080021b8      0x1b4 CMakeFiles/hoverGate_fw.elf.dir/Drivers/STM32F1xx_HAL_Driver/Src/stm32f1xx_hal_uart.c.obj
 .text.main     0x0800236c       0x22 CMakeFiles/hoverGate_fw.elf.dir/Src/main.c.obj
                0x0800236c                main
 .text.SystemClock_Config
                0x0800238e       0xb0 CMakeFiles/hoverGate_fw.elf.dir/Src/main.c.obj
                0x0800238e                SystemClock_Config
 *fill*         0x0800243e        0x2 
 .text.MX_ADC1_Init
                0x08002440       0xa0 CMakeFiles/hoverGate_fw.elf.dir/Src/main.c.obj
 .text.MX_TIM1_Init
                0x080024e0       0xa0 CMakeFiles/hoverGate_fw.elf.dir/Src/main.c.obj
 .text.MX_USART2_UART_Init
                0x08002580       0x54 CMakeFiles/hoverGate_fw.elf.dir/Src/main.c.obj
 .text.MX_DMA_Init
                0x080025d4       0x3c CMakeFiles/hoverGate_fw.elf.dir/Src/main.c.obj
 .text.MX_GPIO_Init
                0x08002610      0x124 CMakeFiles/hoverGate_fw.elf.dir/Src/main.c.obj
 .text.Error_Handler
                0x08002734        0xc CMakeFiles/hoverGate_fw.elf.dir/Src/main.c.obj
                0x08002734                Error_Handler
 .text.HAL_MspInit
                0x08002740       0x64 CMakeFiles/hoverGate_fw.elf.dir/Src/stm32f1xx_hal_msp.c.obj
                0x08002740                HAL_MspInit
 .text.HAL_ADC_MspInit
                0x080027a4       0xd0 CMakeFiles/hoverGate_fw.elf.dir/Src/stm32f1xx_hal_msp.c.obj
                0x080027a4                HAL_ADC_MspInit
 .text.HAL_TIM_Base_MspInit
                0x08002874       0x80 CMakeFiles/hoverGate_fw.elf.dir/Src/stm32f1xx_hal_msp.c.obj
                0x08002874                HAL_TIM_Base_MspInit
 .text.HAL_UART_MspInit
                0x080028f4       0xa4 CMakeFiles/hoverGate_fw.elf.dir/Src/stm32f1xx_hal_msp.c.obj
                0x080028f4                HAL_UART_MspInit
 .text.NMI_Handler
                0x08002998        0xc CMakeFiles/hoverGate_fw.elf.dir/Src/stm32f1xx_it.c.obj
                0x08002998                NMI_Handler
 .text.HardFault_Handler
                0x080029a4        0x6 CMakeFiles/hoverGate_fw.elf.dir/Src/stm32f1xx_it.c.obj
                0x080029a4                HardFault_Handler
 .text.MemManage_Handler
                0x080029aa        0x6 CMakeFiles/hoverGate_fw.elf.dir/Src/stm32f1xx_it.c.obj
                0x080029aa                MemManage_Handler
 .text.BusFault_Handler
                0x080029b0        0x6 CMakeFiles/hoverGate_fw.elf.dir/Src/stm32f1xx_it.c.obj
                0x080029b0                BusFault_Handler
 .text.UsageFault_Handler
                0x080029b6        0x6 CMakeFiles/hoverGate_fw.elf.dir/Src/stm32f1xx_it.c.obj
                0x080029b6                UsageFault_Handler
 .text.SVC_Handler
                0x080029bc        0xc CMakeFiles/hoverGate_fw.elf.dir/Src/stm32f1xx_it.c.obj
                0x080029bc                SVC_Handler
 .text.DebugMon_Handler
                0x080029c8        0xc CMakeFiles/hoverGate_fw.elf.dir/Src/stm32f1xx_it.c.obj
                0x080029c8                DebugMon_Handler
 .text.PendSV_Handler
                0x080029d4        0xc CMakeFiles/hoverGate_fw.elf.dir/Src/stm32f1xx_it.c.obj
                0x080029d4                PendSV_Handler
 .text.SysTick_Handler
                0x080029e0        0xc CMakeFiles/hoverGate_fw.elf.dir/Src/stm32f1xx_it.c.obj
                0x080029e0                SysTick_Handler
 .text.DMA1_Channel1_IRQHandler
                0x080029ec       0x14 CMakeFiles/hoverGate_fw.elf.dir/Src/stm32f1xx_it.c.obj
                0x080029ec                DMA1_Channel1_IRQHandler
 .text.USART2_IRQHandler
                0x08002a00       0x14 CMakeFiles/hoverGate_fw.elf.dir/Src/stm32f1xx_it.c.obj
                0x08002a00                USART2_IRQHandler
 .text.SystemInit
                0x08002a14       0x68 CMakeFiles/hoverGate_fw.elf.dir/Src/system_stm32f1xx.c.obj
                0x08002a14                SystemInit
 .text.Reset_Handler
                0x08002a7c       0x48 CMakeFiles/hoverGate_fw.elf.dir/startup/startup_stm32f103xb.s.obj
                0x08002a7c                Reset_Handler
 .text.Default_Handler
                0x08002ac4        0x2 CMakeFiles/hoverGate_fw.elf.dir/startup/startup_stm32f103xb.s.obj
                0x08002ac4                RTC_Alarm_IRQHandler
                0x08002ac4                EXTI2_IRQHandler
                0x08002ac4                TIM1_CC_IRQHandler
                0x08002ac4                PVD_IRQHandler
                0x08002ac4                EXTI3_IRQHandler
                0x08002ac4                EXTI0_IRQHandler
                0x08002ac4                I2C2_EV_IRQHandler
                0x08002ac4                ADC1_2_IRQHandler
                0x08002ac4                SPI1_IRQHandler
                0x08002ac4                TAMPER_IRQHandler
                0x08002ac4                DMA1_Channel4_IRQHandler
                0x08002ac4                USART3_IRQHandler
                0x08002ac4                RTC_IRQHandler
                0x08002ac4                DMA1_Channel7_IRQHandler
                0x08002ac4                CAN1_RX1_IRQHandler
                0x08002ac4                TIM4_IRQHandler
                0x08002ac4                I2C1_EV_IRQHandler
                0x08002ac4                DMA1_Channel6_IRQHandler
                0x08002ac4                TIM3_IRQHandler
                0x08002ac4                RCC_IRQHandler
                0x08002ac4                TIM1_TRG_COM_IRQHandler
                0x08002ac4                Default_Handler
                0x08002ac4                EXTI15_10_IRQHandler
                0x08002ac4                EXTI9_5_IRQHandler
                0x08002ac4                SPI2_IRQHandler
                0x08002ac4                DMA1_Channel5_IRQHandler
                0x08002ac4                EXTI4_IRQHandler
                0x08002ac4                USB_LP_CAN1_RX0_IRQHandler
                0x08002ac4                USB_HP_CAN1_TX_IRQHandler
                0x08002ac4                DMA1_Channel3_IRQHandler
                0x08002ac4                TIM1_UP_IRQHandler
                0x08002ac4                WWDG_IRQHandler
                0x08002ac4                TIM2_IRQHandler
                0x08002ac4                TIM1_BRK_IRQHandler
                0x08002ac4                EXTI1_IRQHandler
                0x08002ac4                I2C2_ER_IRQHandler
                0x08002ac4                DMA1_Channel2_IRQHandler
                0x08002ac4                CAN1_SCE_IRQHandler
                0x08002ac4                FLASH_IRQHandler
                0x08002ac4                USART1_IRQHandler
                0x08002ac4                I2C1_ER_IRQHandler
                0x08002ac4                USBWakeUp_IRQHandler
 *fill*         0x08002ac6        0x2 
 .text.__libc_init_array
                0x08002ac8       0x48 c:/arm_gcc/bin/../lib/gcc/arm-none-eabi/7.3.1/../../../../arm-none-eabi/lib/thumb/v7-m\libg_nano.a(lib_a-init.o)
                0x08002ac8                __libc_init_array
 .text.memset   0x08002b10       0x10 c:/arm_gcc/bin/../lib/gcc/arm-none-eabi/7.3.1/../../../../arm-none-eabi/lib/thumb/v7-m\libg_nano.a(lib_a-memset.o)
                0x08002b10                memset
 *(.glue_7)
 .glue_7        0x08002b20        0x0 linker stubs
 *(.glue_7t)
 .glue_7t       0x08002b20        0x0 linker stubs
 *(.eh_frame)
 .eh_frame      0x08002b20        0x0 c:/arm_gcc/bin/../lib/gcc/arm-none-eabi/7.3.1/thumb/v7-m/crtbegin.o
 *(.init)
 .init          0x08002b20        0x4 c:/arm_gcc/bin/../lib/gcc/arm-none-eabi/7.3.1/thumb/v7-m/crti.o
                0x08002b20                _init
 .init          0x08002b24        0x8 c:/arm_gcc/bin/../lib/gcc/arm-none-eabi/7.3.1/thumb/v7-m/crtn.o
 *(.fini)
 .fini          0x08002b2c        0x4 c:/arm_gcc/bin/../lib/gcc/arm-none-eabi/7.3.1/thumb/v7-m/crti.o
                0x08002b2c                _fini
 .fini          0x08002b30        0x8 c:/arm_gcc/bin/../lib/gcc/arm-none-eabi/7.3.1/thumb/v7-m/crtn.o
                0x08002b38                . = ALIGN (0x4)
                0x08002b38                _etext = .

.vfp11_veneer   0x08002b38        0x0
 .vfp11_veneer  0x08002b38        0x0 linker stubs

.v4_bx          0x08002b38        0x0
 .v4_bx         0x08002b38        0x0 linker stubs

.iplt           0x08002b38        0x0
 .iplt          0x08002b38        0x0 c:/arm_gcc/bin/../lib/gcc/arm-none-eabi/7.3.1/thumb/v7-m/crtbegin.o

.rodata         0x08002b38       0x2c
                0x08002b38                . = ALIGN (0x4)
 *(.rodata)
 .rodata        0x08002b38       0x12 CMakeFiles/hoverGate_fw.elf.dir/Drivers/STM32F1xx_HAL_Driver/Src/stm32f1xx_hal_rcc.c.obj
 *(.rodata*)
 *fill*         0x08002b4a        0x2 
 .rodata.AHBPrescTable
                0x08002b4c       0x10 CMakeFiles/hoverGate_fw.elf.dir/Src/system_stm32f1xx.c.obj
                0x08002b4c                AHBPrescTable
 .rodata.APBPrescTable
                0x08002b5c        0x8 CMakeFiles/hoverGate_fw.elf.dir/Src/system_stm32f1xx.c.obj
                0x08002b5c                APBPrescTable
                0x08002b64                . = ALIGN (0x4)

.rel.dyn        0x08002b64        0x0
 .rel.iplt      0x08002b64        0x0 c:/arm_gcc/bin/../lib/gcc/arm-none-eabi/7.3.1/thumb/v7-m/crtbegin.o

.ARM.extab
 *(.ARM.extab* .gnu.linkonce.armextab.*)

.ARM            0x08002b64        0x0
                0x08002b64                __exidx_start = .
 *(.ARM.exidx*)
                0x08002b64                __exidx_end = .

.preinit_array  0x08002b64        0x0
                0x08002b64                PROVIDE (__preinit_array_start = .)
 *(.preinit_array*)
                0x08002b64                PROVIDE (__preinit_array_end = .)

.init_array     0x08002b64        0x4
                0x08002b64                PROVIDE (__init_array_start = .)
 *(SORT_BY_NAME(.init_array.*))
 *(.init_array*)
 .init_array    0x08002b64        0x4 c:/arm_gcc/bin/../lib/gcc/arm-none-eabi/7.3.1/thumb/v7-m/crtbegin.o
                0x08002b68                PROVIDE (__init_array_end = .)

.fini_array     0x08002b68        0x4
                [!provide]                PROVIDE (__fini_array_start = .)
 *(SORT_BY_NAME(.fini_array.*))
 *(.fini_array*)
 .fini_array    0x08002b68        0x4 c:/arm_gcc/bin/../lib/gcc/arm-none-eabi/7.3.1/thumb/v7-m/crtbegin.o
                [!provide]                PROVIDE (__fini_array_end = .)
                0x08002b6c                _sidata = LOADADDR (.data)

.data           0x20000000        0xc load address 0x08002b6c
                0x20000000                . = ALIGN (0x4)
                0x20000000                _sdata = .
 *(.data)
 *(.data*)
 .data.uwTickPrio
                0x20000000        0x4 CMakeFiles/hoverGate_fw.elf.dir/Drivers/STM32F1xx_HAL_Driver/Src/stm32f1xx_hal.c.obj
                0x20000000                uwTickPrio
 .data.uwTickFreq
                0x20000004        0x1 CMakeFiles/hoverGate_fw.elf.dir/Drivers/STM32F1xx_HAL_Driver/Src/stm32f1xx_hal.c.obj
                0x20000004                uwTickFreq
 *fill*         0x20000005        0x3 
 .data.SystemCoreClock
                0x20000008        0x4 CMakeFiles/hoverGate_fw.elf.dir/Src/system_stm32f1xx.c.obj
                0x20000008                SystemCoreClock
                0x2000000c                . = ALIGN (0x4)
                0x2000000c                _edata = .

.igot.plt       0x2000000c        0x0 load address 0x08002b78
 .igot.plt      0x2000000c        0x0 c:/arm_gcc/bin/../lib/gcc/arm-none-eabi/7.3.1/thumb/v7-m/crtbegin.o
                0x2000000c                . = ALIGN (0x4)

.bss            0x2000000c      0x114 load address 0x08002b78
                0x2000000c                _sbss = .
                0x2000000c                __bss_start__ = _sbss
 *(.bss)
 .bss           0x2000000c       0x1c c:/arm_gcc/bin/../lib/gcc/arm-none-eabi/7.3.1/thumb/v7-m/crtbegin.o
 *(.bss*)
 .bss.uwTick    0x20000028        0x4 CMakeFiles/hoverGate_fw.elf.dir/Drivers/STM32F1xx_HAL_Driver/Src/stm32f1xx_hal.c.obj
                0x20000028                uwTick
 .bss.hadc1     0x2000002c       0x30 CMakeFiles/hoverGate_fw.elf.dir/Src/main.c.obj
                0x2000002c                hadc1
 .bss.hdma_adc1
                0x2000005c       0x44 CMakeFiles/hoverGate_fw.elf.dir/Src/main.c.obj
                0x2000005c                hdma_adc1
 .bss.htim1     0x200000a0       0x40 CMakeFiles/hoverGate_fw.elf.dir/Src/main.c.obj
                0x200000a0                htim1
 .bss.huart2    0x200000e0       0x40 CMakeFiles/hoverGate_fw.elf.dir/Src/main.c.obj
                0x200000e0                huart2
 *(COMMON)
                0x20000120                . = ALIGN (0x4)
                0x20000120                _ebss = .
                0x20000120                __bss_end__ = _ebss

._user_heap_stack
                0x20000120      0x600 load address 0x08002b78
                0x20000120                . = ALIGN (0x8)
                0x20000120                PROVIDE (end = .)
                [!provide]                PROVIDE (_end = .)
                0x20000320                . = (. + _Min_Heap_Size)
 *fill*         0x20000120      0x200 
                0x20000720                . = (. + _Min_Stack_Size)
 *fill*         0x20000320      0x400 
                0x20000720                . = ALIGN (0x8)

/DISCARD/
 libc.a(*)
 libm.a(*)
 libgcc.a(*)

.ARM.attributes
                0x00000000       0x29
 *(.ARM.attributes)
 .ARM.attributes
                0x00000000       0x1d c:/arm_gcc/bin/../lib/gcc/arm-none-eabi/7.3.1/thumb/v7-m/crti.o
 .ARM.attributes
                0x0000001d       0x2d c:/arm_gcc/bin/../lib/gcc/arm-none-eabi/7.3.1/thumb/v7-m/crtbegin.o
 .ARM.attributes
                0x0000004a       0x33 CMakeFiles/hoverGate_fw.elf.dir/Drivers/STM32F1xx_HAL_Driver/Src/stm32f1xx_hal.c.obj
 .ARM.attributes
                0x0000007d       0x33 CMakeFiles/hoverGate_fw.elf.dir/Drivers/STM32F1xx_HAL_Driver/Src/stm32f1xx_hal_adc.c.obj
 .ARM.attributes
                0x000000b0       0x33 CMakeFiles/hoverGate_fw.elf.dir/Drivers/STM32F1xx_HAL_Driver/Src/stm32f1xx_hal_cortex.c.obj
 .ARM.attributes
                0x000000e3       0x33 CMakeFiles/hoverGate_fw.elf.dir/Drivers/STM32F1xx_HAL_Driver/Src/stm32f1xx_hal_dma.c.obj
 .ARM.attributes
                0x00000116       0x33 CMakeFiles/hoverGate_fw.elf.dir/Drivers/STM32F1xx_HAL_Driver/Src/stm32f1xx_hal_gpio.c.obj
 .ARM.attributes
                0x00000149       0x33 CMakeFiles/hoverGate_fw.elf.dir/Drivers/STM32F1xx_HAL_Driver/Src/stm32f1xx_hal_rcc.c.obj
 .ARM.attributes
                0x0000017c       0x33 CMakeFiles/hoverGate_fw.elf.dir/Drivers/STM32F1xx_HAL_Driver/Src/stm32f1xx_hal_rcc_ex.c.obj
 .ARM.attributes
                0x000001af       0x33 CMakeFiles/hoverGate_fw.elf.dir/Drivers/STM32F1xx_HAL_Driver/Src/stm32f1xx_hal_tim.c.obj
 .ARM.attributes
                0x000001e2       0x33 CMakeFiles/hoverGate_fw.elf.dir/Drivers/STM32F1xx_HAL_Driver/Src/stm32f1xx_hal_tim_ex.c.obj
 .ARM.attributes
                0x00000215       0x33 CMakeFiles/hoverGate_fw.elf.dir/Drivers/STM32F1xx_HAL_Driver/Src/stm32f1xx_hal_uart.c.obj
 .ARM.attributes
                0x00000248       0x33 CMakeFiles/hoverGate_fw.elf.dir/Src/main.c.obj
 .ARM.attributes
                0x0000027b       0x33 CMakeFiles/hoverGate_fw.elf.dir/Src/stm32f1xx_hal_msp.c.obj
 .ARM.attributes
                0x000002ae       0x33 CMakeFiles/hoverGate_fw.elf.dir/Src/stm32f1xx_it.c.obj
 .ARM.attributes
                0x000002e1       0x33 CMakeFiles/hoverGate_fw.elf.dir/Src/system_stm32f1xx.c.obj
 .ARM.attributes
                0x00000314       0x21 CMakeFiles/hoverGate_fw.elf.dir/startup/startup_stm32f103xb.s.obj
 .ARM.attributes
                0x00000335       0x2d c:/arm_gcc/bin/../lib/gcc/arm-none-eabi/7.3.1/../../../../arm-none-eabi/lib/thumb/v7-m\libg_nano.a(lib_a-init.o)
 .ARM.attributes
                0x00000362       0x2d c:/arm_gcc/bin/../lib/gcc/arm-none-eabi/7.3.1/../../../../arm-none-eabi/lib/thumb/v7-m\libg_nano.a(lib_a-memset.o)
 .ARM.attributes
                0x0000038f       0x1d c:/arm_gcc/bin/../lib/gcc/arm-none-eabi/7.3.1/thumb/v7-m/crtn.o
OUTPUT(hoverGate_fw.elf elf32-littlearm)

.debug_info     0x00000000     0xaaad
 .debug_info    0x00000000      0x6f3 CMakeFiles/hoverGate_fw.elf.dir/Drivers/STM32F1xx_HAL_Driver/Src/stm32f1xx_hal.c.obj
 .debug_info    0x000006f3      0xc56 CMakeFiles/hoverGate_fw.elf.dir/Drivers/STM32F1xx_HAL_Driver/Src/stm32f1xx_hal_adc.c.obj
 .debug_info    0x00001349      0xb3b CMakeFiles/hoverGate_fw.elf.dir/Drivers/STM32F1xx_HAL_Driver/Src/stm32f1xx_hal_cortex.c.obj
 .debug_info    0x00001e84      0x79b CMakeFiles/hoverGate_fw.elf.dir/Drivers/STM32F1xx_HAL_Driver/Src/stm32f1xx_hal_dma.c.obj
 .debug_info    0x0000261f      0x676 CMakeFiles/hoverGate_fw.elf.dir/Drivers/STM32F1xx_HAL_Driver/Src/stm32f1xx_hal_gpio.c.obj
 .debug_info    0x00002c95      0x7f9 CMakeFiles/hoverGate_fw.elf.dir/Drivers/STM32F1xx_HAL_Driver/Src/stm32f1xx_hal_rcc.c.obj
 .debug_info    0x0000348e      0x42e CMakeFiles/hoverGate_fw.elf.dir/Drivers/STM32F1xx_HAL_Driver/Src/stm32f1xx_hal_rcc_ex.c.obj
 .debug_info    0x000038bc     0x244b CMakeFiles/hoverGate_fw.elf.dir/Drivers/STM32F1xx_HAL_Driver/Src/stm32f1xx_hal_tim.c.obj
 .debug_info    0x00005d07     0x10f9 CMakeFiles/hoverGate_fw.elf.dir/Drivers/STM32F1xx_HAL_Driver/Src/stm32f1xx_hal_tim_ex.c.obj
 .debug_info    0x00006e00     0x11d8 CMakeFiles/hoverGate_fw.elf.dir/Drivers/STM32F1xx_HAL_Driver/Src/stm32f1xx_hal_uart.c.obj
 .debug_info    0x00007fd8     0x10ff CMakeFiles/hoverGate_fw.elf.dir/Src/main.c.obj
 .debug_info    0x000090d7      0xf6b CMakeFiles/hoverGate_fw.elf.dir/Src/stm32f1xx_hal_msp.c.obj
 .debug_info    0x0000a042      0x643 CMakeFiles/hoverGate_fw.elf.dir/Src/stm32f1xx_it.c.obj
 .debug_info    0x0000a685      0x428 CMakeFiles/hoverGate_fw.elf.dir/Src/system_stm32f1xx.c.obj

.debug_abbrev   0x00000000     0x1ad0
 .debug_abbrev  0x00000000      0x1d5 CMakeFiles/hoverGate_fw.elf.dir/Drivers/STM32F1xx_HAL_Driver/Src/stm32f1xx_hal.c.obj
 .debug_abbrev  0x000001d5      0x1d2 CMakeFiles/hoverGate_fw.elf.dir/Drivers/STM32F1xx_HAL_Driver/Src/stm32f1xx_hal_adc.c.obj
 .debug_abbrev  0x000003a7      0x2d2 CMakeFiles/hoverGate_fw.elf.dir/Drivers/STM32F1xx_HAL_Driver/Src/stm32f1xx_hal_cortex.c.obj
 .debug_abbrev  0x00000679      0x1fb CMakeFiles/hoverGate_fw.elf.dir/Drivers/STM32F1xx_HAL_Driver/Src/stm32f1xx_hal_dma.c.obj
 .debug_abbrev  0x00000874      0x1bd CMakeFiles/hoverGate_fw.elf.dir/Drivers/STM32F1xx_HAL_Driver/Src/stm32f1xx_hal_gpio.c.obj
 .debug_abbrev  0x00000a31      0x240 CMakeFiles/hoverGate_fw.elf.dir/Drivers/STM32F1xx_HAL_Driver/Src/stm32f1xx_hal_rcc.c.obj
 .debug_abbrev  0x00000c71      0x172 CMakeFiles/hoverGate_fw.elf.dir/Drivers/STM32F1xx_HAL_Driver/Src/stm32f1xx_hal_rcc_ex.c.obj
 .debug_abbrev  0x00000de3      0x22d CMakeFiles/hoverGate_fw.elf.dir/Drivers/STM32F1xx_HAL_Driver/Src/stm32f1xx_hal_tim.c.obj
 .debug_abbrev  0x00001010      0x21b CMakeFiles/hoverGate_fw.elf.dir/Drivers/STM32F1xx_HAL_Driver/Src/stm32f1xx_hal_tim_ex.c.obj
 .debug_abbrev  0x0000122b      0x23f CMakeFiles/hoverGate_fw.elf.dir/Drivers/STM32F1xx_HAL_Driver/Src/stm32f1xx_hal_uart.c.obj
 .debug_abbrev  0x0000146a      0x214 CMakeFiles/hoverGate_fw.elf.dir/Src/main.c.obj
 .debug_abbrev  0x0000167e      0x1db CMakeFiles/hoverGate_fw.elf.dir/Src/stm32f1xx_hal_msp.c.obj
 .debug_abbrev  0x00001859      0x146 CMakeFiles/hoverGate_fw.elf.dir/Src/stm32f1xx_it.c.obj
 .debug_abbrev  0x0000199f      0x131 CMakeFiles/hoverGate_fw.elf.dir/Src/system_stm32f1xx.c.obj

.debug_aranges  0x00000000      0xc78
 .debug_aranges
                0x00000000       0xe0 CMakeFiles/hoverGate_fw.elf.dir/Drivers/STM32F1xx_HAL_Driver/Src/stm32f1xx_hal.c.obj
 .debug_aranges
                0x000000e0       0xf0 CMakeFiles/hoverGate_fw.elf.dir/Drivers/STM32F1xx_HAL_Driver/Src/stm32f1xx_hal_adc.c.obj
 .debug_aranges
                0x000001d0      0x100 CMakeFiles/hoverGate_fw.elf.dir/Drivers/STM32F1xx_HAL_Driver/Src/stm32f1xx_hal_cortex.c.obj
 .debug_aranges
                0x000002d0       0x80 CMakeFiles/hoverGate_fw.elf.dir/Drivers/STM32F1xx_HAL_Driver/Src/stm32f1xx_hal_dma.c.obj
 .debug_aranges
                0x00000350       0x58 CMakeFiles/hoverGate_fw.elf.dir/Drivers/STM32F1xx_HAL_Driver/Src/stm32f1xx_hal_gpio.c.obj
 .debug_aranges
                0x000003a8       0x90 CMakeFiles/hoverGate_fw.elf.dir/Drivers/STM32F1xx_HAL_Driver/Src/stm32f1xx_hal_rcc.c.obj
 .debug_aranges
                0x00000438       0x30 CMakeFiles/hoverGate_fw.elf.dir/Drivers/STM32F1xx_HAL_Driver/Src/stm32f1xx_hal_rcc_ex.c.obj
 .debug_aranges
                0x00000468      0x3a8 CMakeFiles/hoverGate_fw.elf.dir/Drivers/STM32F1xx_HAL_Driver/Src/stm32f1xx_hal_tim.c.obj
 .debug_aranges
                0x00000810      0x150 CMakeFiles/hoverGate_fw.elf.dir/Drivers/STM32F1xx_HAL_Driver/Src/stm32f1xx_hal_tim_ex.c.obj
 .debug_aranges
                0x00000960      0x1d0 CMakeFiles/hoverGate_fw.elf.dir/Drivers/STM32F1xx_HAL_Driver/Src/stm32f1xx_hal_uart.c.obj
 .debug_aranges
                0x00000b30       0x58 CMakeFiles/hoverGate_fw.elf.dir/Src/main.c.obj
 .debug_aranges
                0x00000b88       0x58 CMakeFiles/hoverGate_fw.elf.dir/Src/stm32f1xx_hal_msp.c.obj
 .debug_aranges
                0x00000be0       0x70 CMakeFiles/hoverGate_fw.elf.dir/Src/stm32f1xx_it.c.obj
 .debug_aranges
                0x00000c50       0x28 CMakeFiles/hoverGate_fw.elf.dir/Src/system_stm32f1xx.c.obj

.debug_ranges   0x00000000      0xb98
 .debug_ranges  0x00000000       0xd0 CMakeFiles/hoverGate_fw.elf.dir/Drivers/STM32F1xx_HAL_Driver/Src/stm32f1xx_hal.c.obj
 .debug_ranges  0x000000d0       0xe0 CMakeFiles/hoverGate_fw.elf.dir/Drivers/STM32F1xx_HAL_Driver/Src/stm32f1xx_hal_adc.c.obj
 .debug_ranges  0x000001b0       0xf0 CMakeFiles/hoverGate_fw.elf.dir/Drivers/STM32F1xx_HAL_Driver/Src/stm32f1xx_hal_cortex.c.obj
 .debug_ranges  0x000002a0       0x70 CMakeFiles/hoverGate_fw.elf.dir/Drivers/STM32F1xx_HAL_Driver/Src/stm32f1xx_hal_dma.c.obj
 .debug_ranges  0x00000310       0x48 CMakeFiles/hoverGate_fw.elf.dir/Drivers/STM32F1xx_HAL_Driver/Src/stm32f1xx_hal_gpio.c.obj
 .debug_ranges  0x00000358       0x80 CMakeFiles/hoverGate_fw.elf.dir/Drivers/STM32F1xx_HAL_Driver/Src/stm32f1xx_hal_rcc.c.obj
 .debug_ranges  0x000003d8       0x20 CMakeFiles/hoverGate_fw.elf.dir/Drivers/STM32F1xx_HAL_Driver/Src/stm32f1xx_hal_rcc_ex.c.obj
 .debug_ranges  0x000003f8      0x398 CMakeFiles/hoverGate_fw.elf.dir/Drivers/STM32F1xx_HAL_Driver/Src/stm32f1xx_hal_tim.c.obj
 .debug_ranges  0x00000790      0x140 CMakeFiles/hoverGate_fw.elf.dir/Drivers/STM32F1xx_HAL_Driver/Src/stm32f1xx_hal_tim_ex.c.obj
 .debug_ranges  0x000008d0      0x1c0 CMakeFiles/hoverGate_fw.elf.dir/Drivers/STM32F1xx_HAL_Driver/Src/stm32f1xx_hal_uart.c.obj
 .debug_ranges  0x00000a90       0x48 CMakeFiles/hoverGate_fw.elf.dir/Src/main.c.obj
 .debug_ranges  0x00000ad8       0x48 CMakeFiles/hoverGate_fw.elf.dir/Src/stm32f1xx_hal_msp.c.obj
 .debug_ranges  0x00000b20       0x60 CMakeFiles/hoverGate_fw.elf.dir/Src/stm32f1xx_it.c.obj
 .debug_ranges  0x00000b80       0x18 CMakeFiles/hoverGate_fw.elf.dir/Src/system_stm32f1xx.c.obj

.debug_line     0x00000000     0x57c0
 .debug_line    0x00000000      0x41e CMakeFiles/hoverGate_fw.elf.dir/Drivers/STM32F1xx_HAL_Driver/Src/stm32f1xx_hal.c.obj
 .debug_line    0x0000041e      0x7ad CMakeFiles/hoverGate_fw.elf.dir/Drivers/STM32F1xx_HAL_Driver/Src/stm32f1xx_hal_adc.c.obj
 .debug_line    0x00000bcb      0x4ef CMakeFiles/hoverGate_fw.elf.dir/Drivers/STM32F1xx_HAL_Driver/Src/stm32f1xx_hal_cortex.c.obj
 .debug_line    0x000010ba      0x6ab CMakeFiles/hoverGate_fw.elf.dir/Drivers/STM32F1xx_HAL_Driver/Src/stm32f1xx_hal_dma.c.obj
 .debug_line    0x00001765      0x436 CMakeFiles/hoverGate_fw.elf.dir/Drivers/STM32F1xx_HAL_Driver/Src/stm32f1xx_hal_gpio.c.obj
 .debug_line    0x00001b9b      0x538 CMakeFiles/hoverGate_fw.elf.dir/Drivers/STM32F1xx_HAL_Driver/Src/stm32f1xx_hal_rcc.c.obj
 .debug_line    0x000020d3      0x327 CMakeFiles/hoverGate_fw.elf.dir/Drivers/STM32F1xx_HAL_Driver/Src/stm32f1xx_hal_rcc_ex.c.obj
 .debug_line    0x000023fa     0x1321 CMakeFiles/hoverGate_fw.elf.dir/Drivers/STM32F1xx_HAL_Driver/Src/stm32f1xx_hal_tim.c.obj
 .debug_line    0x0000371b      0x888 CMakeFiles/hoverGate_fw.elf.dir/Drivers/STM32F1xx_HAL_Driver/Src/stm32f1xx_hal_tim_ex.c.obj
 .debug_line    0x00003fa3      0xb67 CMakeFiles/hoverGate_fw.elf.dir/Drivers/STM32F1xx_HAL_Driver/Src/stm32f1xx_hal_uart.c.obj
 .debug_line    0x00004b0a      0x3c3 CMakeFiles/hoverGate_fw.elf.dir/Src/main.c.obj
 .debug_line    0x00004ecd      0x36f CMakeFiles/hoverGate_fw.elf.dir/Src/stm32f1xx_hal_msp.c.obj
 .debug_line    0x0000523c      0x31b CMakeFiles/hoverGate_fw.elf.dir/Src/stm32f1xx_it.c.obj
 .debug_line    0x00005557      0x269 CMakeFiles/hoverGate_fw.elf.dir/Src/system_stm32f1xx.c.obj

.debug_str      0x00000000     0x3ac3
 .debug_str     0x00000000      0x805 CMakeFiles/hoverGate_fw.elf.dir/Drivers/STM32F1xx_HAL_Driver/Src/stm32f1xx_hal.c.obj
                                0x869 (size before relaxing)
 .debug_str     0x00000805      0x649 CMakeFiles/hoverGate_fw.elf.dir/Drivers/STM32F1xx_HAL_Driver/Src/stm32f1xx_hal_adc.c.obj
                                0x969 (size before relaxing)
 .debug_str     0x00000e4e      0x436 CMakeFiles/hoverGate_fw.elf.dir/Drivers/STM32F1xx_HAL_Driver/Src/stm32f1xx_hal_cortex.c.obj
                                0x9d0 (size before relaxing)
 .debug_str     0x00001284      0x26b CMakeFiles/hoverGate_fw.elf.dir/Drivers/STM32F1xx_HAL_Driver/Src/stm32f1xx_hal_dma.c.obj
                                0x712 (size before relaxing)
 .debug_str     0x000014ef      0x1f6 CMakeFiles/hoverGate_fw.elf.dir/Drivers/STM32F1xx_HAL_Driver/Src/stm32f1xx_hal_gpio.c.obj
                                0x521 (size before relaxing)
 .debug_str     0x000016e5      0x347 CMakeFiles/hoverGate_fw.elf.dir/Drivers/STM32F1xx_HAL_Driver/Src/stm32f1xx_hal_rcc.c.obj
                                0x6dc (size before relaxing)
 .debug_str     0x00001a2c      0x157 CMakeFiles/hoverGate_fw.elf.dir/Drivers/STM32F1xx_HAL_Driver/Src/stm32f1xx_hal_rcc_ex.c.obj
                                0x4c1 (size before relaxing)
 .debug_str     0x00001b83      0xfe3 CMakeFiles/hoverGate_fw.elf.dir/Drivers/STM32F1xx_HAL_Driver/Src/stm32f1xx_hal_tim.c.obj
                               0x14ff (size before relaxing)
 .debug_str     0x00002b66      0x5a5 CMakeFiles/hoverGate_fw.elf.dir/Drivers/STM32F1xx_HAL_Driver/Src/stm32f1xx_hal_tim_ex.c.obj
                                0xcff (size before relaxing)
 .debug_str     0x0000310b      0x709 CMakeFiles/hoverGate_fw.elf.dir/Drivers/STM32F1xx_HAL_Driver/Src/stm32f1xx_hal_uart.c.obj
                                0xc23 (size before relaxing)
 .debug_str     0x00003814       0xd4 CMakeFiles/hoverGate_fw.elf.dir/Src/main.c.obj
                               0x1005 (size before relaxing)
 .debug_str     0x000038e8       0x65 CMakeFiles/hoverGate_fw.elf.dir/Src/stm32f1xx_hal_msp.c.obj
                                0xdc6 (size before relaxing)
 .debug_str     0x0000394d       0xfd CMakeFiles/hoverGate_fw.elf.dir/Src/stm32f1xx_it.c.obj
                                0x71d (size before relaxing)
 .debug_str     0x00003a4a       0x79 CMakeFiles/hoverGate_fw.elf.dir/Src/system_stm32f1xx.c.obj
                                0x390 (size before relaxing)

.comment        0x00000000       0x7f
 .comment       0x00000000       0x7f CMakeFiles/hoverGate_fw.elf.dir/Drivers/STM32F1xx_HAL_Driver/Src/stm32f1xx_hal.c.obj
                                 0x80 (size before relaxing)
 .comment       0x0000007f       0x80 CMakeFiles/hoverGate_fw.elf.dir/Drivers/STM32F1xx_HAL_Driver/Src/stm32f1xx_hal_adc.c.obj
 .comment       0x0000007f       0x80 CMakeFiles/hoverGate_fw.elf.dir/Drivers/STM32F1xx_HAL_Driver/Src/stm32f1xx_hal_cortex.c.obj
 .comment       0x0000007f       0x80 CMakeFiles/hoverGate_fw.elf.dir/Drivers/STM32F1xx_HAL_Driver/Src/stm32f1xx_hal_dma.c.obj
 .comment       0x0000007f       0x80 CMakeFiles/hoverGate_fw.elf.dir/Drivers/STM32F1xx_HAL_Driver/Src/stm32f1xx_hal_gpio.c.obj
 .comment       0x0000007f       0x80 CMakeFiles/hoverGate_fw.elf.dir/Drivers/STM32F1xx_HAL_Driver/Src/stm32f1xx_hal_rcc.c.obj
 .comment       0x0000007f       0x80 CMakeFiles/hoverGate_fw.elf.dir/Drivers/STM32F1xx_HAL_Driver/Src/stm32f1xx_hal_rcc_ex.c.obj
 .comment       0x0000007f       0x80 CMakeFiles/hoverGate_fw.elf.dir/Drivers/STM32F1xx_HAL_Driver/Src/stm32f1xx_hal_tim.c.obj
 .comment       0x0000007f       0x80 CMakeFiles/hoverGate_fw.elf.dir/Drivers/STM32F1xx_HAL_Driver/Src/stm32f1xx_hal_tim_ex.c.obj
 .comment       0x0000007f       0x80 CMakeFiles/hoverGate_fw.elf.dir/Drivers/STM32F1xx_HAL_Driver/Src/stm32f1xx_hal_uart.c.obj
 .comment       0x0000007f       0x80 CMakeFiles/hoverGate_fw.elf.dir/Src/main.c.obj
 .comment       0x0000007f       0x80 CMakeFiles/hoverGate_fw.elf.dir/Src/stm32f1xx_hal_msp.c.obj
 .comment       0x0000007f       0x80 CMakeFiles/hoverGate_fw.elf.dir/Src/stm32f1xx_it.c.obj
 .comment       0x0000007f       0x80 CMakeFiles/hoverGate_fw.elf.dir/Src/system_stm32f1xx.c.obj

.debug_frame    0x00000000     0x3470
 .debug_frame   0x00000000      0x334 CMakeFiles/hoverGate_fw.elf.dir/Drivers/STM32F1xx_HAL_Driver/Src/stm32f1xx_hal.c.obj
 .debug_frame   0x00000334      0x40c CMakeFiles/hoverGate_fw.elf.dir/Drivers/STM32F1xx_HAL_Driver/Src/stm32f1xx_hal_adc.c.obj
 .debug_frame   0x00000740      0x428 CMakeFiles/hoverGate_fw.elf.dir/Drivers/STM32F1xx_HAL_Driver/Src/stm32f1xx_hal_cortex.c.obj
 .debug_frame   0x00000b68      0x208 CMakeFiles/hoverGate_fw.elf.dir/Drivers/STM32F1xx_HAL_Driver/Src/stm32f1xx_hal_dma.c.obj
 .debug_frame   0x00000d70      0x14c CMakeFiles/hoverGate_fw.elf.dir/Drivers/STM32F1xx_HAL_Driver/Src/stm32f1xx_hal_gpio.c.obj
 .debug_frame   0x00000ebc      0x21c CMakeFiles/hoverGate_fw.elf.dir/Drivers/STM32F1xx_HAL_Driver/Src/stm32f1xx_hal_rcc.c.obj
 .debug_frame   0x000010d8       0x84 CMakeFiles/hoverGate_fw.elf.dir/Drivers/STM32F1xx_HAL_Driver/Src/stm32f1xx_hal_rcc_ex.c.obj
 .debug_frame   0x0000115c     0x10e8 CMakeFiles/hoverGate_fw.elf.dir/Drivers/STM32F1xx_HAL_Driver/Src/stm32f1xx_hal_tim.c.obj
 .debug_frame   0x00002244      0x5c0 CMakeFiles/hoverGate_fw.elf.dir/Drivers/STM32F1xx_HAL_Driver/Src/stm32f1xx_hal_tim_ex.c.obj
 .debug_frame   0x00002804      0x834 CMakeFiles/hoverGate_fw.elf.dir/Drivers/STM32F1xx_HAL_Driver/Src/stm32f1xx_hal_uart.c.obj
 .debug_frame   0x00003038      0x11c CMakeFiles/hoverGate_fw.elf.dir/Src/main.c.obj
 .debug_frame   0x00003154      0x134 CMakeFiles/hoverGate_fw.elf.dir/Src/stm32f1xx_hal_msp.c.obj
 .debug_frame   0x00003288      0x144 CMakeFiles/hoverGate_fw.elf.dir/Src/stm32f1xx_it.c.obj
 .debug_frame   0x000033cc       0x58 CMakeFiles/hoverGate_fw.elf.dir/Src/system_stm32f1xx.c.obj
 .debug_frame   0x00003424       0x2c c:/arm_gcc/bin/../lib/gcc/arm-none-eabi/7.3.1/../../../../arm-none-eabi/lib/thumb/v7-m\libg_nano.a(lib_a-init.o)
 .debug_frame   0x00003450       0x20 c:/arm_gcc/bin/../lib/gcc/arm-none-eabi/7.3.1/../../../../arm-none-eabi/lib/thumb/v7-m\libg_nano.a(lib_a-memset.o)
