Archive member included to satisfy reference by file (symbol)

c:/arm_gcc/bin/../lib/gcc/arm-none-eabi/7.3.1/../../../../arm-none-eabi/lib/thumb/v7-m\libstdc++_nano.a(guard.o)
                              CMakeFiles/hoverGate_fw.elf.dir/Src/BLDC_driver.cpp.obj (__cxa_guard_acquire)
c:/arm_gcc/bin/../lib/gcc/arm-none-eabi/7.3.1/../../../../arm-none-eabi/lib/thumb/v7-m\libm.a(lib_a-s_round.o)
                              CMakeFiles/hoverGate_fw.elf.dir/Src/BLDC_driver.cpp.obj (round)
c:/arm_gcc/bin/../lib/gcc/arm-none-eabi/7.3.1/thumb/v7-m\libgcc.a(_arm_addsubdf3.o)
                              CMakeFiles/hoverGate_fw.elf.dir/Src/main.cpp.obj (__aeabi_dsub)
c:/arm_gcc/bin/../lib/gcc/arm-none-eabi/7.3.1/thumb/v7-m\libgcc.a(_arm_muldivdf3.o)
                              CMakeFiles/hoverGate_fw.elf.dir/Src/BLDC_driver.cpp.obj (__aeabi_dmul)
c:/arm_gcc/bin/../lib/gcc/arm-none-eabi/7.3.1/thumb/v7-m\libgcc.a(_arm_fixdfsi.o)
                              CMakeFiles/hoverGate_fw.elf.dir/Src/BLDC_driver.cpp.obj (__aeabi_d2iz)
c:/arm_gcc/bin/../lib/gcc/arm-none-eabi/7.3.1/thumb/v7-m\libgcc.a(_arm_fixunsdfsi.o)
                              CMakeFiles/hoverGate_fw.elf.dir/Src/BLDC_driver.cpp.obj (__aeabi_d2uiz)
c:/arm_gcc/bin/../lib/gcc/arm-none-eabi/7.3.1/thumb/v7-m\libgcc.a(unwind-arm.o)
                              CMakeFiles/hoverGate_fw.elf.dir/Src/main.cpp.obj (__aeabi_unwind_cpp_pr0)
c:/arm_gcc/bin/../lib/gcc/arm-none-eabi/7.3.1/thumb/v7-m\libgcc.a(libunwind.o)
                              c:/arm_gcc/bin/../lib/gcc/arm-none-eabi/7.3.1/thumb/v7-m\libgcc.a(unwind-arm.o) (restore_core_regs)
c:/arm_gcc/bin/../lib/gcc/arm-none-eabi/7.3.1/thumb/v7-m\libgcc.a(pr-support.o)
                              c:/arm_gcc/bin/../lib/gcc/arm-none-eabi/7.3.1/thumb/v7-m\libgcc.a(unwind-arm.o) (__gnu_unwind_execute)
c:/arm_gcc/bin/../lib/gcc/arm-none-eabi/7.3.1/../../../../arm-none-eabi/lib/thumb/v7-m\libg_nano.a(lib_a-abort.o)
                              c:/arm_gcc/bin/../lib/gcc/arm-none-eabi/7.3.1/thumb/v7-m\libgcc.a(unwind-arm.o) (abort)
c:/arm_gcc/bin/../lib/gcc/arm-none-eabi/7.3.1/../../../../arm-none-eabi/lib/thumb/v7-m\libg_nano.a(lib_a-errno.o)
                              CMakeFiles/hoverGate_fw.elf.dir/Src/syscalls.c.obj (__errno)
c:/arm_gcc/bin/../lib/gcc/arm-none-eabi/7.3.1/../../../../arm-none-eabi/lib/thumb/v7-m\libg_nano.a(lib_a-exit.o)
                              c:/arm_gcc/bin/../lib/gcc/arm-none-eabi/7.3.1/../../../../arm-none-eabi/lib/thumb/v7-m/crt0.o (exit)
c:/arm_gcc/bin/../lib/gcc/arm-none-eabi/7.3.1/../../../../arm-none-eabi/lib/thumb/v7-m\libg_nano.a(lib_a-impure.o)
                              c:/arm_gcc/bin/../lib/gcc/arm-none-eabi/7.3.1/../../../../arm-none-eabi/lib/thumb/v7-m\libg_nano.a(lib_a-exit.o) (_global_impure_ptr)
c:/arm_gcc/bin/../lib/gcc/arm-none-eabi/7.3.1/../../../../arm-none-eabi/lib/thumb/v7-m\libg_nano.a(lib_a-init.o)
                              c:/arm_gcc/bin/../lib/gcc/arm-none-eabi/7.3.1/../../../../arm-none-eabi/lib/thumb/v7-m/crt0.o (__libc_init_array)
c:/arm_gcc/bin/../lib/gcc/arm-none-eabi/7.3.1/../../../../arm-none-eabi/lib/thumb/v7-m\libg_nano.a(lib_a-memcpy-stub.o)
                              c:/arm_gcc/bin/../lib/gcc/arm-none-eabi/7.3.1/thumb/v7-m\libgcc.a(unwind-arm.o) (memcpy)
c:/arm_gcc/bin/../lib/gcc/arm-none-eabi/7.3.1/../../../../arm-none-eabi/lib/thumb/v7-m\libg_nano.a(lib_a-memset.o)
                              c:/arm_gcc/bin/../lib/gcc/arm-none-eabi/7.3.1/../../../../arm-none-eabi/lib/thumb/v7-m/crt0.o (memset)
c:/arm_gcc/bin/../lib/gcc/arm-none-eabi/7.3.1/../../../../arm-none-eabi/lib/thumb/v7-m\libg_nano.a(lib_a-signal.o)
                              c:/arm_gcc/bin/../lib/gcc/arm-none-eabi/7.3.1/../../../../arm-none-eabi/lib/thumb/v7-m\libg_nano.a(lib_a-abort.o) (raise)
c:/arm_gcc/bin/../lib/gcc/arm-none-eabi/7.3.1/../../../../arm-none-eabi/lib/thumb/v7-m\libg_nano.a(lib_a-signalr.o)
                              c:/arm_gcc/bin/../lib/gcc/arm-none-eabi/7.3.1/../../../../arm-none-eabi/lib/thumb/v7-m\libg_nano.a(lib_a-signal.o) (_kill_r)
c:/arm_gcc/bin/../lib/gcc/arm-none-eabi/7.3.1/../../../../arm-none-eabi/lib/thumb/v7-m\libg_nano.a(lib_a-nano-mallocr.o)
                              c:/arm_gcc/bin/../lib/gcc/arm-none-eabi/7.3.1/../../../../arm-none-eabi/lib/thumb/v7-m\libg_nano.a(lib_a-signal.o) (_malloc_r)
c:/arm_gcc/bin/../lib/gcc/arm-none-eabi/7.3.1/../../../../arm-none-eabi/lib/thumb/v7-m\libg_nano.a(lib_a-reent.o)
                              c:/arm_gcc/bin/../lib/gcc/arm-none-eabi/7.3.1/../../../../arm-none-eabi/lib/thumb/v7-m\libg_nano.a(lib_a-signalr.o) (errno)
c:/arm_gcc/bin/../lib/gcc/arm-none-eabi/7.3.1/../../../../arm-none-eabi/lib/thumb/v7-m\libg_nano.a(lib_a-sbrkr.o)
                              c:/arm_gcc/bin/../lib/gcc/arm-none-eabi/7.3.1/../../../../arm-none-eabi/lib/thumb/v7-m\libg_nano.a(lib_a-nano-mallocr.o) (_sbrk_r)
[...]
Memory Configuration

Name             Origin             Length             Attributes
RAM              0x20000000         0x00005000         xrw
FLASH            0x08000000         0x00010000         xr
*default*        0x00000000         0xffffffff

Linker script and memory map

LOAD c:/arm_gcc/bin/../lib/gcc/arm-none-eabi/7.3.1/thumb/v7-m/crti.o
LOAD c:/arm_gcc/bin/../lib/gcc/arm-none-eabi/7.3.1/thumb/v7-m/crtbegin.o
LOAD c:/arm_gcc/bin/../lib/gcc/arm-none-eabi/7.3.1/../../../../arm-none-eabi/lib/thumb/v7-m/crt0.o
LOAD CMakeFiles/hoverGate_fw.elf.dir/Drivers/STM32F1xx_HAL_Driver/Src/stm32f1xx_hal.c.obj
LOAD CMakeFiles/hoverGate_fw.elf.dir/Drivers/STM32F1xx_HAL_Driver/Src/stm32f1xx_hal_adc.c.obj
LOAD CMakeFiles/hoverGate_fw.elf.dir/Drivers/STM32F1xx_HAL_Driver/Src/stm32f1xx_hal_adc_ex.c.obj
LOAD CMakeFiles/hoverGate_fw.elf.dir/Drivers/STM32F1xx_HAL_Driver/Src/stm32f1xx_hal_cortex.c.obj
LOAD CMakeFiles/hoverGate_fw.elf.dir/Drivers/STM32F1xx_HAL_Driver/Src/stm32f1xx_hal_dma.c.obj
LOAD CMakeFiles/hoverGate_fw.elf.dir/Drivers/STM32F1xx_HAL_Driver/Src/stm32f1xx_hal_exti.c.obj
LOAD CMakeFiles/hoverGate_fw.elf.dir/Drivers/STM32F1xx_HAL_Driver/Src/stm32f1xx_hal_flash.c.obj
LOAD CMakeFiles/hoverGate_fw.elf.dir/Drivers/STM32F1xx_HAL_Driver/Src/stm32f1xx_hal_flash_ex.c.obj
LOAD CMakeFiles/hoverGate_fw.elf.dir/Drivers/STM32F1xx_HAL_Driver/Src/stm32f1xx_hal_gpio.c.obj
LOAD CMakeFiles/hoverGate_fw.elf.dir/Drivers/STM32F1xx_HAL_Driver/Src/stm32f1xx_hal_gpio_ex.c.obj
LOAD CMakeFiles/hoverGate_fw.elf.dir/Drivers/STM32F1xx_HAL_Driver/Src/stm32f1xx_hal_pwr.c.obj
LOAD CMakeFiles/hoverGate_fw.elf.dir/Drivers/STM32F1xx_HAL_Driver/Src/stm32f1xx_hal_rcc.c.obj
LOAD CMakeFiles/hoverGate_fw.elf.dir/Drivers/STM32F1xx_HAL_Driver/Src/stm32f1xx_hal_rcc_ex.c.obj
LOAD CMakeFiles/hoverGate_fw.elf.dir/Drivers/STM32F1xx_HAL_Driver/Src/stm32f1xx_hal_tim.c.obj
LOAD CMakeFiles/hoverGate_fw.elf.dir/Drivers/STM32F1xx_HAL_Driver/Src/stm32f1xx_hal_tim_ex.c.obj
LOAD CMakeFiles/hoverGate_fw.elf.dir/Src/BLDC_driver.cpp.obj
LOAD CMakeFiles/hoverGate_fw.elf.dir/Src/adc.c.obj
LOAD CMakeFiles/hoverGate_fw.elf.dir/Src/dma.c.obj
LOAD CMakeFiles/hoverGate_fw.elf.dir/Src/gpio.c.obj
LOAD CMakeFiles/hoverGate_fw.elf.dir/Src/main.cpp.obj
LOAD CMakeFiles/hoverGate_fw.elf.dir/Src/stm32f1xx_hal_msp.c.obj
LOAD CMakeFiles/hoverGate_fw.elf.dir/Src/stm32f1xx_it.c.obj
LOAD CMakeFiles/hoverGate_fw.elf.dir/Src/syscalls.c.obj
LOAD CMakeFiles/hoverGate_fw.elf.dir/Src/system_stm32f1xx.c.obj
LOAD CMakeFiles/hoverGate_fw.elf.dir/Src/tim.c.obj
LOAD CMakeFiles/hoverGate_fw.elf.dir/startup/startup_stm32f103xb.s.obj
LOAD c:/arm_gcc/bin/../lib/gcc/arm-none-eabi/7.3.1/../../../../arm-none-eabi/lib/thumb/v7-m\libstdc++_nano.a
LOAD c:/arm_gcc/bin/../lib/gcc/arm-none-eabi/7.3.1/../../../../arm-none-eabi/lib/thumb/v7-m\libm.a
START GROUP
LOAD c:/arm_gcc/bin/../lib/gcc/arm-none-eabi/7.3.1/thumb/v7-m\libgcc.a
LOAD c:/arm_gcc/bin/../lib/gcc/arm-none-eabi/7.3.1/../../../../arm-none-eabi/lib/thumb/v7-m\libg_nano.a
LOAD c:/arm_gcc/bin/../lib/gcc/arm-none-eabi/7.3.1/../../../../arm-none-eabi/lib/thumb/v7-m\libc_nano.a
END GROUP
START GROUP
LOAD c:/arm_gcc/bin/../lib/gcc/arm-none-eabi/7.3.1/thumb/v7-m\libgcc.a
LOAD c:/arm_gcc/bin/../lib/gcc/arm-none-eabi/7.3.1/../../../../arm-none-eabi/lib/thumb/v7-m\libc_nano.a
LOAD c:/arm_gcc/bin/../lib/gcc/arm-none-eabi/7.3.1/../../../../arm-none-eabi/lib/thumb/v7-m\libnosys.a
END GROUP
START GROUP
LOAD c:/arm_gcc/bin/../lib/gcc/arm-none-eabi/7.3.1/thumb/v7-m\libgcc.a
LOAD c:/arm_gcc/bin/../lib/gcc/arm-none-eabi/7.3.1/../../../../arm-none-eabi/lib/thumb/v7-m\libc_nano.a
LOAD c:/arm_gcc/bin/../lib/gcc/arm-none-eabi/7.3.1/../../../../arm-none-eabi/lib/thumb/v7-m\libnosys.a
END GROUP
LOAD c:/arm_gcc/bin/../lib/gcc/arm-none-eabi/7.3.1/thumb/v7-m/crtend.o
LOAD c:/arm_gcc/bin/../lib/gcc/arm-none-eabi/7.3.1/thumb/v7-m/crtn.o
                0x20005000                _estack = 0x20005000
                0x00000200                _Min_Heap_Size = 0x200
                0x00000400                _Min_Stack_Size = 0x400

.isr_vector     0x08000000      0x10c
                0x08000000                . = ALIGN (0x4)
 *(.isr_vector)
 .isr_vector    0x08000000      0x10c CMakeFiles/hoverGate_fw.elf.dir/startup/startup_stm32f103xb.s.obj
                0x08000000                g_pfnVectors
                0x0800010c                . = ALIGN (0x4)

.text           0x08000110     0x5a3c
                0x08000110                . = ALIGN (0x4)
 *(.text)
 .text          0x08000110       0x40 c:/arm_gcc/bin/../lib/gcc/arm-none-eabi/7.3.1/thumb/v7-m/crtbegin.o
 .text          0x08000150      0x378 c:/arm_gcc/bin/../lib/gcc/arm-none-eabi/7.3.1/thumb/v7-m\libgcc.a(_arm_addsubdf3.o)
                0x08000150                __aeabi_drsub
                0x08000158                __aeabi_dsub
                0x08000158                __subdf3
                0x0800015c                __aeabi_dadd
                0x0800015c                __adddf3
                0x080003d4                __floatunsidf
                0x080003d4                __aeabi_ui2d
                0x080003f4                __floatsidf
                0x080003f4                __aeabi_i2d
                0x08000418                __aeabi_f2d
                0x08000418                __extendsfdf2
                0x0800045c                __floatundidf
                0x0800045c                __aeabi_ul2d
                0x0800046c                __floatdidf
                0x0800046c                __aeabi_l2d
 .text          0x080004c8      0x424 c:/arm_gcc/bin/../lib/gcc/arm-none-eabi/7.3.1/thumb/v7-m\libgcc.a(_arm_muldivdf3.o)
                0x080004c8                __aeabi_dmul
                0x080004c8                __muldf3
                0x0800071c                __divdf3
                0x0800071c                __aeabi_ddiv
 .text          0x080008ec       0x50 c:/arm_gcc/bin/../lib/gcc/arm-none-eabi/7.3.1/thumb/v7-m\libgcc.a(_arm_fixdfsi.o)
                0x080008ec                __aeabi_d2iz
                0x080008ec                __fixdfsi
 .text          0x0800093c       0x40 c:/arm_gcc/bin/../lib/gcc/arm-none-eabi/7.3.1/thumb/v7-m\libgcc.a(_arm_fixunsdfsi.o)
                0x0800093c                __aeabi_d2uiz
                0x0800093c                __fixunsdfsi
 .text          0x0800097c      0xa00 c:/arm_gcc/bin/../lib/gcc/arm-none-eabi/7.3.1/thumb/v7-m\libgcc.a(unwind-arm.o)
                0x08000c38                _Unwind_GetCFA
                0x08000c3c                __gnu_Unwind_RaiseException
                0x08000c9c                __gnu_Unwind_ForcedUnwind
                0x08000cb0                __gnu_Unwind_Resume
                0x08000cf4                __gnu_Unwind_Resume_or_Rethrow
                0x08000d08                _Unwind_Complete
                0x08000d0c                _Unwind_DeleteException
                0x08000d18                _Unwind_VRS_Get
                0x08000d5c                _Unwind_VRS_Set
                0x08000da4                __gnu_Unwind_Backtrace
                0x080010ec                __aeabi_unwind_cpp_pr0
                0x080010f0                __aeabi_unwind_cpp_pr1
                0x080010f4                __aeabi_unwind_cpp_pr2
                0x080010f8                _Unwind_VRS_Pop
 .text          0x0800137c      0x1ac c:/arm_gcc/bin/../lib/gcc/arm-none-eabi/7.3.1/thumb/v7-m\libgcc.a(libunwind.o)
                0x0800137c                __restore_core_regs
                0x0800137c                restore_core_regs
                0x08001394                __gnu_Unwind_Restore_VFP
                0x0800139c                __gnu_Unwind_Save_VFP
                0x080013a4                __gnu_Unwind_Restore_VFP_D
                0x080013ac                __gnu_Unwind_Save_VFP_D
                0x080013b4                __gnu_Unwind_Restore_VFP_D_16_to_31
                0x080013bc                __gnu_Unwind_Save_VFP_D_16_to_31
                0x080013c4                __gnu_Unwind_Restore_WMMXD
                0x08001408                __gnu_Unwind_Save_WMMXD
                0x0800144c                __gnu_Unwind_Restore_WMMXC
                0x08001460                __gnu_Unwind_Save_WMMXC
                0x08001474                ___Unwind_RaiseException
                0x08001474                _Unwind_RaiseException
                0x08001498                _Unwind_Resume
                0x08001498                ___Unwind_Resume
                0x080014bc                _Unwind_Resume_or_Rethrow
                0x080014bc                ___Unwind_Resume_or_Rethrow
                0x080014e0                _Unwind_ForcedUnwind
                0x080014e0                ___Unwind_ForcedUnwind
                0x08001504                ___Unwind_Backtrace
                0x08001504                _Unwind_Backtrace
 .text          0x08001528      0x378 c:/arm_gcc/bin/../lib/gcc/arm-none-eabi/7.3.1/thumb/v7-m\libgcc.a(pr-support.o)
                0x08001580                __gnu_unwind_execute
                0x08001844                __gnu_unwind_frame
                0x08001870                _Unwind_GetRegionStart
                0x0800187c                _Unwind_GetLanguageSpecificData
                0x08001890                _Unwind_GetDataRelBase
                0x08001898                _Unwind_GetTextRelBase
 *(.text*)
 .text.HAL_Init
                0x080018a0       0x2c CMakeFiles/hoverGate_fw.elf.dir/Drivers/STM32F1xx_HAL_Driver/Src/stm32f1xx_hal.c.obj
                0x080018a0                HAL_Init
 .text.HAL_InitTick
                0x080018cc       0x60 CMakeFiles/hoverGate_fw.elf.dir/Drivers/STM32F1xx_HAL_Driver/Src/stm32f1xx_hal.c.obj
                0x080018cc                HAL_InitTick
 .text.HAL_IncTick
                0x0800192c       0x24 CMakeFiles/hoverGate_fw.elf.dir/Drivers/STM32F1xx_HAL_Driver/Src/stm32f1xx_hal.c.obj
                0x0800192c                HAL_IncTick
 .text.HAL_GetTick
                0x08001950       0x14 CMakeFiles/hoverGate_fw.elf.dir/Drivers/STM32F1xx_HAL_Driver/Src/stm32f1xx_hal.c.obj
                0x08001950                HAL_GetTick
 .text.HAL_Delay
                0x08001964       0x44 CMakeFiles/hoverGate_fw.elf.dir/Drivers/STM32F1xx_HAL_Driver/Src/stm32f1xx_hal.c.obj
                0x08001964                HAL_Delay
 .text.HAL_ADC_Init
                0x080019a8      0x1b0 CMakeFiles/hoverGate_fw.elf.dir/Drivers/STM32F1xx_HAL_Driver/Src/stm32f1xx_hal_adc.c.obj
                0x080019a8                HAL_ADC_Init
 .text.HAL_ADC_Start_DMA
                0x08001b58      0x1bc CMakeFiles/hoverGate_fw.elf.dir/Drivers/STM32F1xx_HAL_Driver/Src/stm32f1xx_hal_adc.c.obj
                0x08001b58                HAL_ADC_Start_DMA
 .text.HAL_ADC_ConvCpltCallback
                0x08001d14       0x12 CMakeFiles/hoverGate_fw.elf.dir/Drivers/STM32F1xx_HAL_Driver/Src/stm32f1xx_hal_adc.c.obj
                0x08001d14                HAL_ADC_ConvCpltCallback
 .text.HAL_ADC_ConvHalfCpltCallback
                0x08001d26       0x12 CMakeFiles/hoverGate_fw.elf.dir/Drivers/STM32F1xx_HAL_Driver/Src/stm32f1xx_hal_adc.c.obj
                0x08001d26                HAL_ADC_ConvHalfCpltCallback
 .text.HAL_ADC_ErrorCallback
                0x08001d38       0x12 CMakeFiles/hoverGate_fw.elf.dir/Drivers/STM32F1xx_HAL_Driver/Src/stm32f1xx_hal_adc.c.obj
                0x08001d38                HAL_ADC_ErrorCallback
 *fill*         0x08001d4a        0x2 
 .text.HAL_ADC_ConfigChannel
                0x08001d4c      0x1f0 CMakeFiles/hoverGate_fw.elf.dir/Drivers/STM32F1xx_HAL_Driver/Src/stm32f1xx_hal_adc.c.obj
                0x08001d4c                HAL_ADC_ConfigChannel
 .text.ADC_Enable
                0x08001f3c       0xa4 CMakeFiles/hoverGate_fw.elf.dir/Drivers/STM32F1xx_HAL_Driver/Src/stm32f1xx_hal_adc.c.obj
                0x08001f3c                ADC_Enable
 .text.ADC_ConversionStop_Disable
                0x08001fe0       0x74 CMakeFiles/hoverGate_fw.elf.dir/Drivers/STM32F1xx_HAL_Driver/Src/stm32f1xx_hal_adc.c.obj
                0x08001fe0                ADC_ConversionStop_Disable
 .text.ADC_DMAConvCplt
                0x08002054       0x7c CMakeFiles/hoverGate_fw.elf.dir/Drivers/STM32F1xx_HAL_Driver/Src/stm32f1xx_hal_adc.c.obj
                0x08002054                ADC_DMAConvCplt
 .text.ADC_DMAHalfConvCplt
                0x080020d0       0x1c CMakeFiles/hoverGate_fw.elf.dir/Drivers/STM32F1xx_HAL_Driver/Src/stm32f1xx_hal_adc.c.obj
                0x080020d0                ADC_DMAHalfConvCplt
 .text.ADC_DMAError
                0x080020ec       0x34 CMakeFiles/hoverGate_fw.elf.dir/Drivers/STM32F1xx_HAL_Driver/Src/stm32f1xx_hal_adc.c.obj
                0x080020ec                ADC_DMAError
 .text.HAL_ADCEx_Calibration_Start
                0x08002120      0x138 CMakeFiles/hoverGate_fw.elf.dir/Drivers/STM32F1xx_HAL_Driver/Src/stm32f1xx_hal_adc_ex.c.obj
                0x08002120                HAL_ADCEx_Calibration_Start
 .text.__NVIC_SetPriorityGrouping
                0x08002258       0x48 CMakeFiles/hoverGate_fw.elf.dir/Drivers/STM32F1xx_HAL_Driver/Src/stm32f1xx_hal_cortex.c.obj
 .text.__NVIC_GetPriorityGrouping
                0x080022a0       0x1c CMakeFiles/hoverGate_fw.elf.dir/Drivers/STM32F1xx_HAL_Driver/Src/stm32f1xx_hal_cortex.c.obj
 .text.__NVIC_EnableIRQ
                0x080022bc       0x38 CMakeFiles/hoverGate_fw.elf.dir/Drivers/STM32F1xx_HAL_Driver/Src/stm32f1xx_hal_cortex.c.obj
 .text.__NVIC_SetPriority
                0x080022f4       0x54 CMakeFiles/hoverGate_fw.elf.dir/Drivers/STM32F1xx_HAL_Driver/Src/stm32f1xx_hal_cortex.c.obj
 .text.NVIC_EncodePriority
                0x08002348       0x64 CMakeFiles/hoverGate_fw.elf.dir/Drivers/STM32F1xx_HAL_Driver/Src/stm32f1xx_hal_cortex.c.obj
 .text.SysTick_Config
                0x080023ac       0x44 CMakeFiles/hoverGate_fw.elf.dir/Drivers/STM32F1xx_HAL_Driver/Src/stm32f1xx_hal_cortex.c.obj
 .text.HAL_NVIC_SetPriorityGrouping
                0x080023f0       0x16 CMakeFiles/hoverGate_fw.elf.dir/Drivers/STM32F1xx_HAL_Driver/Src/stm32f1xx_hal_cortex.c.obj
                0x080023f0                HAL_NVIC_SetPriorityGrouping
 .text.HAL_NVIC_SetPriority
                0x08002406       0x38 CMakeFiles/hoverGate_fw.elf.dir/Drivers/STM32F1xx_HAL_Driver/Src/stm32f1xx_hal_cortex.c.obj
                0x08002406                HAL_NVIC_SetPriority
 .text.HAL_NVIC_EnableIRQ
                0x0800243e       0x1c CMakeFiles/hoverGate_fw.elf.dir/Drivers/STM32F1xx_HAL_Driver/Src/stm32f1xx_hal_cortex.c.obj
                0x0800243e                HAL_NVIC_EnableIRQ
 .text.HAL_SYSTICK_Config
                0x0800245a       0x18 CMakeFiles/hoverGate_fw.elf.dir/Drivers/STM32F1xx_HAL_Driver/Src/stm32f1xx_hal_cortex.c.obj
                0x0800245a                HAL_SYSTICK_Config
 *fill*         0x08002472        0x2 
 .text.HAL_DMA_Init
                0x08002474       0xb4 CMakeFiles/hoverGate_fw.elf.dir/Drivers/STM32F1xx_HAL_Driver/Src/stm32f1xx_hal_dma.c.obj
                0x08002474                HAL_DMA_Init
 .text.HAL_DMA_Start_IT
                0x08002528       0xbe CMakeFiles/hoverGate_fw.elf.dir/Drivers/STM32F1xx_HAL_Driver/Src/stm32f1xx_hal_dma.c.obj
                0x08002528                HAL_DMA_Start_IT
 *fill*         0x080025e6        0x2 
 .text.HAL_DMA_IRQHandler
                0x080025e8      0x20c CMakeFiles/hoverGate_fw.elf.dir/Drivers/STM32F1xx_HAL_Driver/Src/stm32f1xx_hal_dma.c.obj
                0x080025e8                HAL_DMA_IRQHandler
 .text.DMA_SetConfig
                0x080027f4       0x5a CMakeFiles/hoverGate_fw.elf.dir/Drivers/STM32F1xx_HAL_Driver/Src/stm32f1xx_hal_dma.c.obj
 *fill*         0x0800284e        0x2 
 .text.HAL_GPIO_Init
                0x08002850      0x2b4 CMakeFiles/hoverGate_fw.elf.dir/Drivers/STM32F1xx_HAL_Driver/Src/stm32f1xx_hal_gpio.c.obj
                0x08002850                HAL_GPIO_Init
 .text.HAL_GPIO_ReadPin
                0x08002b04       0x2e CMakeFiles/hoverGate_fw.elf.dir/Drivers/STM32F1xx_HAL_Driver/Src/stm32f1xx_hal_gpio.c.obj
                0x08002b04                HAL_GPIO_ReadPin
 .text.HAL_GPIO_WritePin
                0x08002b32       0x30 CMakeFiles/hoverGate_fw.elf.dir/Drivers/STM32F1xx_HAL_Driver/Src/stm32f1xx_hal_gpio.c.obj
                0x08002b32                HAL_GPIO_WritePin
 .text.HAL_GPIO_TogglePin
                0x08002b62       0x30 CMakeFiles/hoverGate_fw.elf.dir/Drivers/STM32F1xx_HAL_Driver/Src/stm32f1xx_hal_gpio.c.obj
                0x08002b62                HAL_GPIO_TogglePin
 *fill*         0x08002b92        0x2 
 .text.HAL_RCC_OscConfig
                0x08002b94      0x500 CMakeFiles/hoverGate_fw.elf.dir/Drivers/STM32F1xx_HAL_Driver/Src/stm32f1xx_hal_rcc.c.obj
                0x08002b94                HAL_RCC_OscConfig
 .text.HAL_RCC_ClockConfig
                0x08003094      0x1d4 CMakeFiles/hoverGate_fw.elf.dir/Drivers/STM32F1xx_HAL_Driver/Src/stm32f1xx_hal_rcc.c.obj
                0x08003094                HAL_RCC_ClockConfig
 .text.HAL_RCC_GetSysClockFreq
                0x08003268       0xc4 CMakeFiles/hoverGate_fw.elf.dir/Drivers/STM32F1xx_HAL_Driver/Src/stm32f1xx_hal_rcc.c.obj
                0x08003268                HAL_RCC_GetSysClockFreq
 .text.HAL_RCC_GetHCLKFreq
                0x0800332c       0x14 CMakeFiles/hoverGate_fw.elf.dir/Drivers/STM32F1xx_HAL_Driver/Src/stm32f1xx_hal_rcc.c.obj
                0x0800332c                HAL_RCC_GetHCLKFreq
 .text.HAL_RCC_GetPCLK2Freq
                0x08003340       0x28 CMakeFiles/hoverGate_fw.elf.dir/Drivers/STM32F1xx_HAL_Driver/Src/stm32f1xx_hal_rcc.c.obj
                0x08003340                HAL_RCC_GetPCLK2Freq
 .text.RCC_Delay
                0x08003368       0x3c CMakeFiles/hoverGate_fw.elf.dir/Drivers/STM32F1xx_HAL_Driver/Src/stm32f1xx_hal_rcc.c.obj
 .text.HAL_RCCEx_PeriphCLKConfig
                0x080033a4      0x16c CMakeFiles/hoverGate_fw.elf.dir/Drivers/STM32F1xx_HAL_Driver/Src/stm32f1xx_hal_rcc_ex.c.obj
                0x080033a4                HAL_RCCEx_PeriphCLKConfig
 .text.HAL_RCCEx_GetPeriphCLKFreq
                0x08003510      0x178 CMakeFiles/hoverGate_fw.elf.dir/Drivers/STM32F1xx_HAL_Driver/Src/stm32f1xx_hal_rcc_ex.c.obj
                0x08003510                HAL_RCCEx_GetPeriphCLKFreq
 .text.HAL_TIM_Base_Init
                0x08003688       0x56 CMakeFiles/hoverGate_fw.elf.dir/Drivers/STM32F1xx_HAL_Driver/Src/stm32f1xx_hal_tim.c.obj
                0x08003688                HAL_TIM_Base_Init
 .text.HAL_TIM_Base_Start_IT
                0x080036de       0x46 CMakeFiles/hoverGate_fw.elf.dir/Drivers/STM32F1xx_HAL_Driver/Src/stm32f1xx_hal_tim.c.obj
                0x080036de                HAL_TIM_Base_Start_IT
 .text.HAL_TIM_PWM_Init
                0x08003724       0x56 CMakeFiles/hoverGate_fw.elf.dir/Drivers/STM32F1xx_HAL_Driver/Src/stm32f1xx_hal_tim.c.obj
                0x08003724                HAL_TIM_PWM_Init
 .text.HAL_TIM_PWM_MspInit
                0x0800377a       0x12 CMakeFiles/hoverGate_fw.elf.dir/Drivers/STM32F1xx_HAL_Driver/Src/stm32f1xx_hal_tim.c.obj
                0x0800377a                HAL_TIM_PWM_MspInit
 .text.HAL_TIM_PWM_Start
                0x0800378c       0x64 CMakeFiles/hoverGate_fw.elf.dir/Drivers/STM32F1xx_HAL_Driver/Src/stm32f1xx_hal_tim.c.obj
                0x0800378c                HAL_TIM_PWM_Start
 .text.HAL_TIM_PWM_Stop
                0x080037f0       0x98 CMakeFiles/hoverGate_fw.elf.dir/Drivers/STM32F1xx_HAL_Driver/Src/stm32f1xx_hal_tim.c.obj
                0x080037f0                HAL_TIM_PWM_Stop
 .text.HAL_TIM_IRQHandler
                0x08003888      0x210 CMakeFiles/hoverGate_fw.elf.dir/Drivers/STM32F1xx_HAL_Driver/Src/stm32f1xx_hal_tim.c.obj
                0x08003888                HAL_TIM_IRQHandler
 .text.HAL_TIM_PWM_ConfigChannel
                0x08003a98      0x18c CMakeFiles/hoverGate_fw.elf.dir/Drivers/STM32F1xx_HAL_Driver/Src/stm32f1xx_hal_tim.c.obj
                0x08003a98                HAL_TIM_PWM_ConfigChannel
 .text.HAL_TIM_ConfigClockSource
                0x08003c24      0x16e CMakeFiles/hoverGate_fw.elf.dir/Drivers/STM32F1xx_HAL_Driver/Src/stm32f1xx_hal_tim.c.obj
                0x08003c24                HAL_TIM_ConfigClockSource
 .text.HAL_TIM_PeriodElapsedCallback
                0x08003d92       0x12 CMakeFiles/hoverGate_fw.elf.dir/Drivers/STM32F1xx_HAL_Driver/Src/stm32f1xx_hal_tim.c.obj
                0x08003d92                HAL_TIM_PeriodElapsedCallback
 .text.HAL_TIM_OC_DelayElapsedCallback
                0x08003da4       0x12 CMakeFiles/hoverGate_fw.elf.dir/Drivers/STM32F1xx_HAL_Driver/Src/stm32f1xx_hal_tim.c.obj
                0x08003da4                HAL_TIM_OC_DelayElapsedCallback
 .text.HAL_TIM_IC_CaptureCallback
                0x08003db6       0x12 CMakeFiles/hoverGate_fw.elf.dir/Drivers/STM32F1xx_HAL_Driver/Src/stm32f1xx_hal_tim.c.obj
                0x08003db6                HAL_TIM_IC_CaptureCallback
 .text.HAL_TIM_PWM_PulseFinishedCallback
                0x08003dc8       0x12 CMakeFiles/hoverGate_fw.elf.dir/Drivers/STM32F1xx_HAL_Driver/Src/stm32f1xx_hal_tim.c.obj
                0x08003dc8                HAL_TIM_PWM_PulseFinishedCallback
 .text.HAL_TIM_TriggerCallback
                0x08003dda       0x12 CMakeFiles/hoverGate_fw.elf.dir/Drivers/STM32F1xx_HAL_Driver/Src/stm32f1xx_hal_tim.c.obj
                0x08003dda                HAL_TIM_TriggerCallback
 .text.TIM_Base_SetConfig
                0x08003dec       0xc4 CMakeFiles/hoverGate_fw.elf.dir/Drivers/STM32F1xx_HAL_Driver/Src/stm32f1xx_hal_tim.c.obj
                0x08003dec                TIM_Base_SetConfig
 .text.TIM_OC1_SetConfig
                0x08003eb0       0xcc CMakeFiles/hoverGate_fw.elf.dir/Drivers/STM32F1xx_HAL_Driver/Src/stm32f1xx_hal_tim.c.obj
 .text.TIM_OC2_SetConfig
                0x08003f7c       0xd4 CMakeFiles/hoverGate_fw.elf.dir/Drivers/STM32F1xx_HAL_Driver/Src/stm32f1xx_hal_tim.c.obj
                0x08003f7c                TIM_OC2_SetConfig
 .text.TIM_OC3_SetConfig
                0x08004050       0xd4 CMakeFiles/hoverGate_fw.elf.dir/Drivers/STM32F1xx_HAL_Driver/Src/stm32f1xx_hal_tim.c.obj
 .text.TIM_OC4_SetConfig
                0x08004124       0x9c CMakeFiles/hoverGate_fw.elf.dir/Drivers/STM32F1xx_HAL_Driver/Src/stm32f1xx_hal_tim.c.obj
 .text.TIM_TI1_ConfigInputStage
                0x080041c0       0x5c CMakeFiles/hoverGate_fw.elf.dir/Drivers/STM32F1xx_HAL_Driver/Src/stm32f1xx_hal_tim.c.obj
 .text.TIM_TI2_ConfigInputStage
                0x0800421c       0x5e CMakeFiles/hoverGate_fw.elf.dir/Drivers/STM32F1xx_HAL_Driver/Src/stm32f1xx_hal_tim.c.obj
 .text.TIM_ITRx_SetConfig
                0x0800427a       0x34 CMakeFiles/hoverGate_fw.elf.dir/Drivers/STM32F1xx_HAL_Driver/Src/stm32f1xx_hal_tim.c.obj
 .text.TIM_ETR_SetConfig
                0x080042ae       0x3e CMakeFiles/hoverGate_fw.elf.dir/Drivers/STM32F1xx_HAL_Driver/Src/stm32f1xx_hal_tim.c.obj
                0x080042ae                TIM_ETR_SetConfig
 .text.TIM_CCxChannelCmd
                0x080042ec       0x48 CMakeFiles/hoverGate_fw.elf.dir/Drivers/STM32F1xx_HAL_Driver/Src/stm32f1xx_hal_tim.c.obj
                0x080042ec                TIM_CCxChannelCmd
 .text.HAL_TIMEx_PWMN_Start
                0x08004334       0x54 CMakeFiles/hoverGate_fw.elf.dir/Drivers/STM32F1xx_HAL_Driver/Src/stm32f1xx_hal_tim_ex.c.obj
                0x08004334                HAL_TIMEx_PWMN_Start
 .text.HAL_TIMEx_PWMN_Stop
                0x08004388       0x82 CMakeFiles/hoverGate_fw.elf.dir/Drivers/STM32F1xx_HAL_Driver/Src/stm32f1xx_hal_tim_ex.c.obj
                0x08004388                HAL_TIMEx_PWMN_Stop
 .text.HAL_TIMEx_MasterConfigSynchronization
                0x0800440a       0x88 CMakeFiles/hoverGate_fw.elf.dir/Drivers/STM32F1xx_HAL_Driver/Src/stm32f1xx_hal_tim_ex.c.obj
                0x0800440a                HAL_TIMEx_MasterConfigSynchronization
 .text.HAL_TIMEx_ConfigBreakDeadTime
                0x08004492       0xa2 CMakeFiles/hoverGate_fw.elf.dir/Drivers/STM32F1xx_HAL_Driver/Src/stm32f1xx_hal_tim_ex.c.obj
                0x08004492                HAL_TIMEx_ConfigBreakDeadTime
 .text.HAL_TIMEx_CommutCallback
                0x08004534       0x12 CMakeFiles/hoverGate_fw.elf.dir/Drivers/STM32F1xx_HAL_Driver/Src/stm32f1xx_hal_tim_ex.c.obj
                0x08004534                HAL_TIMEx_CommutCallback
 .text.HAL_TIMEx_BreakCallback
                0x08004546       0x12 CMakeFiles/hoverGate_fw.elf.dir/Drivers/STM32F1xx_HAL_Driver/Src/stm32f1xx_hal_tim_ex.c.obj
                0x08004546                HAL_TIMEx_BreakCallback
 .text.TIM_CCxNChannelCmd
                0x08004558       0x48 CMakeFiles/hoverGate_fw.elf.dir/Drivers/STM32F1xx_HAL_Driver/Src/stm32f1xx_hal_tim_ex.c.obj
 .text._ZN11BLDC_driverC2Ev
                0x080045a0       0x7c CMakeFiles/hoverGate_fw.elf.dir/Src/BLDC_driver.cpp.obj
                0x080045a0                BLDC_driver::BLDC_driver()
                0x080045a0                BLDC_driver::BLDC_driver()
 .text._ZN11BLDC_driver15phase_set_floatEh
                0x0800461c       0x88 CMakeFiles/hoverGate_fw.elf.dir/Src/BLDC_driver.cpp.obj
                0x0800461c                BLDC_driver::phase_set_float(unsigned char)
 .text._ZN11BLDC_driver13phase_set_lowEh
                0x080046a4       0xa0 CMakeFiles/hoverGate_fw.elf.dir/Src/BLDC_driver.cpp.obj
                0x080046a4                BLDC_driver::phase_set_low(unsigned char)
 .text._ZN11BLDC_driver13phase_set_pwmEht
                0x08004744       0xa4 CMakeFiles/hoverGate_fw.elf.dir/Src/BLDC_driver.cpp.obj
                0x08004744                BLDC_driver::phase_set_pwm(unsigned char, unsigned short)
 .text._ZN11BLDC_driver10set_phasesEhtbb
                0x080047e8      0x238 CMakeFiles/hoverGate_fw.elf.dir/Src/BLDC_driver.cpp.obj
                0x080047e8                BLDC_driver::set_phases(unsigned char, unsigned short, bool, bool)
 .text._ZN11BLDC_driver6enableEv
                0x08004a20       0x18 CMakeFiles/hoverGate_fw.elf.dir/Src/BLDC_driver.cpp.obj
                0x08004a20                BLDC_driver::enable()
 .text._ZN11BLDC_driver7disableEv
                0x08004a38       0x26 CMakeFiles/hoverGate_fw.elf.dir/Src/BLDC_driver.cpp.obj
                0x08004a38                BLDC_driver::disable()
 *fill*         0x08004a5e        0x2 
 .text._ZN11BLDC_driver5beginEv
                0x08004a60       0x34 CMakeFiles/hoverGate_fw.elf.dir/Src/BLDC_driver.cpp.obj
                0x08004a60                BLDC_driver::begin()
 *fill*         0x08004a94        0x4 
 .text._ZN11BLDC_driver7set_pwmEs
                0x08004a98       0xe4 CMakeFiles/hoverGate_fw.elf.dir/Src/BLDC_driver.cpp.obj
                0x08004a98                BLDC_driver::set_pwm(short)
 .text._ZN11BLDC_driver7get_pwmEv
                0x08004b7c       0x18 CMakeFiles/hoverGate_fw.elf.dir/Src/BLDC_driver.cpp.obj
                0x08004b7c                BLDC_driver::get_pwm()
 .text._ZN11BLDC_driver8ramp_pwmEsm
                0x08004b94       0x8c CMakeFiles/hoverGate_fw.elf.dir/Src/BLDC_driver.cpp.obj
                0x08004b94                BLDC_driver::ramp_pwm(short, unsigned long)
 .text._ZN11BLDC_driver16auto_pwm_handlerEv
                0x08004c20       0x96 CMakeFiles/hoverGate_fw.elf.dir/Src/BLDC_driver.cpp.obj
                0x08004c20                BLDC_driver::auto_pwm_handler()
 *fill*         0x08004cb6        0x2 
 .text._ZN11BLDC_driver17interrupt_handlerEv
                0x08004cb8      0x22c CMakeFiles/hoverGate_fw.elf.dir/Src/BLDC_driver.cpp.obj
                0x08004cb8                BLDC_driver::interrupt_handler()
 .text.MX_ADC1_Init
                0x08004ee4       0xb8 CMakeFiles/hoverGate_fw.elf.dir/Src/adc.c.obj
                0x08004ee4                MX_ADC1_Init
 .text.HAL_ADC_MspInit
                0x08004f9c       0xd0 CMakeFiles/hoverGate_fw.elf.dir/Src/adc.c.obj
                0x08004f9c                HAL_ADC_MspInit
 .text.MX_DMA_Init
                0x0800506c       0x3c CMakeFiles/hoverGate_fw.elf.dir/Src/dma.c.obj
                0x0800506c                MX_DMA_Init
 .text.MX_GPIO_Init
                0x080050a8      0x194 CMakeFiles/hoverGate_fw.elf.dir/Src/gpio.c.obj
                0x080050a8                MX_GPIO_Init
 .text.TIM3_IRQHandler
                0x0800523c       0x1c CMakeFiles/hoverGate_fw.elf.dir/Src/main.cpp.obj
                0x0800523c                TIM3_IRQHandler
 .text.main     0x08005258      0x114 CMakeFiles/hoverGate_fw.elf.dir/Src/main.cpp.obj
                0x08005258                main
 .text._Z18SystemClock_Configv
                0x0800536c       0xcc CMakeFiles/hoverGate_fw.elf.dir/Src/main.cpp.obj
                0x0800536c                SystemClock_Config()
 .text.Error_Handler
                0x08005438        0xc CMakeFiles/hoverGate_fw.elf.dir/Src/main.cpp.obj
                0x08005438                Error_Handler
 .text._Z41__static_initialization_and_destruction_0ii
                0x08005444       0x2c CMakeFiles/hoverGate_fw.elf.dir/Src/main.cpp.obj
 .text._GLOBAL__sub_I_ADC_buffer
                0x08005470       0x10 CMakeFiles/hoverGate_fw.elf.dir/Src/main.cpp.obj
 .text.HAL_MspInit
                0x08005480       0x64 CMakeFiles/hoverGate_fw.elf.dir/Src/stm32f1xx_hal_msp.c.obj
                0x08005480                HAL_MspInit
 .text.NMI_Handler
                0x080054e4        0xc CMakeFiles/hoverGate_fw.elf.dir/Src/stm32f1xx_it.c.obj
                0x080054e4                NMI_Handler
 .text.HardFault_Handler
                0x080054f0        0x6 CMakeFiles/hoverGate_fw.elf.dir/Src/stm32f1xx_it.c.obj
                0x080054f0                HardFault_Handler
 .text.MemManage_Handler
                0x080054f6        0x6 CMakeFiles/hoverGate_fw.elf.dir/Src/stm32f1xx_it.c.obj
                0x080054f6                MemManage_Handler
 .text.BusFault_Handler
                0x080054fc        0x6 CMakeFiles/hoverGate_fw.elf.dir/Src/stm32f1xx_it.c.obj
                0x080054fc                BusFault_Handler
 .text.UsageFault_Handler
                0x08005502        0x6 CMakeFiles/hoverGate_fw.elf.dir/Src/stm32f1xx_it.c.obj
                0x08005502                UsageFault_Handler
 .text.SVC_Handler
                0x08005508        0xc CMakeFiles/hoverGate_fw.elf.dir/Src/stm32f1xx_it.c.obj
                0x08005508                SVC_Handler
 .text.DebugMon_Handler
                0x08005514        0xc CMakeFiles/hoverGate_fw.elf.dir/Src/stm32f1xx_it.c.obj
                0x08005514                DebugMon_Handler
 .text.PendSV_Handler
                0x08005520        0xc CMakeFiles/hoverGate_fw.elf.dir/Src/stm32f1xx_it.c.obj
                0x08005520                PendSV_Handler
 .text.SysTick_Handler
                0x0800552c        0xc CMakeFiles/hoverGate_fw.elf.dir/Src/stm32f1xx_it.c.obj
                0x0800552c                SysTick_Handler
 .text.DMA1_Channel1_IRQHandler
                0x08005538       0x14 CMakeFiles/hoverGate_fw.elf.dir/Src/stm32f1xx_it.c.obj
                0x08005538                DMA1_Channel1_IRQHandler
 .text._getpid  0x0800554c        0xe CMakeFiles/hoverGate_fw.elf.dir/Src/syscalls.c.obj
                0x0800554c                _getpid
 .text._kill    0x0800555a       0x20 CMakeFiles/hoverGate_fw.elf.dir/Src/syscalls.c.obj
                0x0800555a                _kill
 .text._exit    0x0800557a       0x14 CMakeFiles/hoverGate_fw.elf.dir/Src/syscalls.c.obj
                0x0800557a                _exit
 *fill*         0x0800558e        0x2 
 .text.SystemInit
                0x08005590       0x68 CMakeFiles/hoverGate_fw.elf.dir/Src/system_stm32f1xx.c.obj
                0x08005590                SystemInit
 .text.MX_TIM1_Init
                0x080055f8      0x178 CMakeFiles/hoverGate_fw.elf.dir/Src/tim.c.obj
                0x080055f8                MX_TIM1_Init
 .text.MX_TIM3_Init
                0x08005770       0x9c CMakeFiles/hoverGate_fw.elf.dir/Src/tim.c.obj
                0x08005770                MX_TIM3_Init
 .text.HAL_TIM_Base_MspInit
                0x0800580c       0x74 CMakeFiles/hoverGate_fw.elf.dir/Src/tim.c.obj
                0x0800580c                HAL_TIM_Base_MspInit
 .text.HAL_TIM_MspPostInit
                0x08005880       0x9c CMakeFiles/hoverGate_fw.elf.dir/Src/tim.c.obj
                0x08005880                HAL_TIM_MspPostInit
 .text.Reset_Handler
                0x0800591c       0x48 CMakeFiles/hoverGate_fw.elf.dir/startup/startup_stm32f103xb.s.obj
                0x0800591c                Reset_Handler
 .text.Default_Handler
                0x08005964        0x2 CMakeFiles/hoverGate_fw.elf.dir/startup/startup_stm32f103xb.s.obj
                0x08005964                RTC_Alarm_IRQHandler
                0x08005964                EXTI2_IRQHandler
                0x08005964                TIM1_CC_IRQHandler
                0x08005964                PVD_IRQHandler
                0x08005964                EXTI3_IRQHandler
                0x08005964                EXTI0_IRQHandler
                0x08005964                I2C2_EV_IRQHandler
                0x08005964                ADC1_2_IRQHandler
                0x08005964                SPI1_IRQHandler
                0x08005964                TAMPER_IRQHandler
                0x08005964                DMA1_Channel4_IRQHandler
                0x08005964                USART3_IRQHandler
                0x08005964                RTC_IRQHandler
                0x08005964                DMA1_Channel7_IRQHandler
                0x08005964                CAN1_RX1_IRQHandler
                0x08005964                TIM4_IRQHandler
                0x08005964                I2C1_EV_IRQHandler
                0x08005964                DMA1_Channel6_IRQHandler
                0x08005964                RCC_IRQHandler
                0x08005964                TIM1_TRG_COM_IRQHandler
                0x08005964                Default_Handler
                0x08005964                EXTI15_10_IRQHandler
                0x08005964                EXTI9_5_IRQHandler
                0x08005964                SPI2_IRQHandler
                0x08005964                DMA1_Channel5_IRQHandler
                0x08005964                EXTI4_IRQHandler
                0x08005964                USB_LP_CAN1_RX0_IRQHandler
                0x08005964                USB_HP_CAN1_TX_IRQHandler
                0x08005964                DMA1_Channel3_IRQHandler
                0x08005964                TIM1_UP_IRQHandler
                0x08005964                WWDG_IRQHandler
                0x08005964                TIM2_IRQHandler
                0x08005964                TIM1_BRK_IRQHandler
                0x08005964                EXTI1_IRQHandler
                0x08005964                USART2_IRQHandler
                0x08005964                I2C2_ER_IRQHandler
                0x08005964                DMA1_Channel2_IRQHandler
                0x08005964                CAN1_SCE_IRQHandler
                0x08005964                FLASH_IRQHandler
                0x08005964                USART1_IRQHandler
                0x08005964                I2C1_ER_IRQHandler
                0x08005964                USBWakeUp_IRQHandler
 .text.__cxa_guard_acquire
                0x08005966       0x18 c:/arm_gcc/bin/../lib/gcc/arm-none-eabi/7.3.1/../../../../arm-none-eabi/lib/thumb/v7-m\libstdc++_nano.a(guard.o)
                0x08005966                __cxa_guard_acquire
 .text.__cxa_guard_release
                0x0800597e        0x6 c:/arm_gcc/bin/../lib/gcc/arm-none-eabi/7.3.1/../../../../arm-none-eabi/lib/thumb/v7-m\libstdc++_nano.a(guard.o)
                0x0800597e                __cxa_guard_release
 .text.round    0x08005984       0x9c c:/arm_gcc/bin/../lib/gcc/arm-none-eabi/7.3.1/../../../../arm-none-eabi/lib/thumb/v7-m\libm.a(lib_a-s_round.o)
                0x08005984                round
 .text.abort    0x08005a20        0xe c:/arm_gcc/bin/../lib/gcc/arm-none-eabi/7.3.1/../../../../arm-none-eabi/lib/thumb/v7-m\libg_nano.a(lib_a-abort.o)
                0x08005a20                abort
 *fill*         0x08005a2e        0x2 
 .text.__errno  0x08005a30        0xc c:/arm_gcc/bin/../lib/gcc/arm-none-eabi/7.3.1/../../../../arm-none-eabi/lib/thumb/v7-m\libg_nano.a(lib_a-errno.o)
                0x08005a30                __errno
 .text.__libc_init_array
                0x08005a3c       0x48 c:/arm_gcc/bin/../lib/gcc/arm-none-eabi/7.3.1/../../../../arm-none-eabi/lib/thumb/v7-m\libg_nano.a(lib_a-init.o)
                0x08005a3c                __libc_init_array
 .text.memcpy   0x08005a84       0x16 c:/arm_gcc/bin/../lib/gcc/arm-none-eabi/7.3.1/../../../../arm-none-eabi/lib/thumb/v7-m\libg_nano.a(lib_a-memcpy-stub.o)
                0x08005a84                memcpy
 .text.memset   0x08005a9a       0x10 c:/arm_gcc/bin/../lib/gcc/arm-none-eabi/7.3.1/../../../../arm-none-eabi/lib/thumb/v7-m\libg_nano.a(lib_a-memset.o)
                0x08005a9a                memset
 .text._raise_r
                0x08005aaa       0x50 c:/arm_gcc/bin/../lib/gcc/arm-none-eabi/7.3.1/../../../../arm-none-eabi/lib/thumb/v7-m\libg_nano.a(lib_a-signal.o)
                0x08005aaa                _raise_r
 *fill*         0x08005afa        0x2 
 .text.raise    0x08005afc       0x10 c:/arm_gcc/bin/../lib/gcc/arm-none-eabi/7.3.1/../../../../arm-none-eabi/lib/thumb/v7-m\libg_nano.a(lib_a-signal.o)
                0x08005afc                raise
 .text._kill_r  0x08005b0c       0x24 c:/arm_gcc/bin/../lib/gcc/arm-none-eabi/7.3.1/../../../../arm-none-eabi/lib/thumb/v7-m\libg_nano.a(lib_a-signalr.o)
                0x08005b0c                _kill_r
 .text._getpid_r
                0x08005b30        0x4 c:/arm_gcc/bin/../lib/gcc/arm-none-eabi/7.3.1/../../../../arm-none-eabi/lib/thumb/v7-m\libg_nano.a(lib_a-signalr.o)
                0x08005b30                _getpid_r
 *(.glue_7)
 .glue_7        0x08005b34        0x0 linker stubs
 *(.glue_7t)
 .glue_7t       0x08005b34        0x0 linker stubs
 *(.eh_frame)
 .eh_frame      0x08005b34        0x0 c:/arm_gcc/bin/../lib/gcc/arm-none-eabi/7.3.1/thumb/v7-m/crtbegin.o
 *(.init)
 .init          0x08005b34        0x4 c:/arm_gcc/bin/../lib/gcc/arm-none-eabi/7.3.1/thumb/v7-m/crti.o
                0x08005b34                _init
 .init          0x08005b38        0x8 c:/arm_gcc/bin/../lib/gcc/arm-none-eabi/7.3.1/thumb/v7-m/crtn.o
 *(.fini)
 .fini          0x08005b40        0x4 c:/arm_gcc/bin/../lib/gcc/arm-none-eabi/7.3.1/thumb/v7-m/crti.o
                0x08005b40                _fini
 .fini          0x08005b44        0x8 c:/arm_gcc/bin/../lib/gcc/arm-none-eabi/7.3.1/thumb/v7-m/crtn.o
                0x08005b4c                . = ALIGN (0x4)
                0x08005b4c                _etext = .

.vfp11_veneer   0x08005b4c        0x0
 .vfp11_veneer  0x08005b4c        0x0 linker stubs

.v4_bx          0x08005b4c        0x0
 .v4_bx         0x08005b4c        0x0 linker stubs

.iplt           0x08005b4c        0x0
 .iplt          0x08005b4c        0x0 c:/arm_gcc/bin/../lib/gcc/arm-none-eabi/7.3.1/thumb/v7-m/crtbegin.o

.rodata         0x08005b4c       0x44
                0x08005b4c                . = ALIGN (0x4)
 *(.rodata)
 .rodata        0x08005b4c       0x12 CMakeFiles/hoverGate_fw.elf.dir/Drivers/STM32F1xx_HAL_Driver/Src/stm32f1xx_hal_rcc.c.obj
 *fill*         0x08005b5e        0x2 
 .rodata        0x08005b60       0x12 CMakeFiles/hoverGate_fw.elf.dir/Drivers/STM32F1xx_HAL_Driver/Src/stm32f1xx_hal_rcc_ex.c.obj
 *fill*         0x08005b72        0x2 
 .rodata        0x08005b74        0x4 CMakeFiles/hoverGate_fw.elf.dir/Src/BLDC_driver.cpp.obj
 *(.rodata*)
 .rodata.AHBPrescTable
                0x08005b78       0x10 CMakeFiles/hoverGate_fw.elf.dir/Src/system_stm32f1xx.c.obj
                0x08005b78                AHBPrescTable
 .rodata.APBPrescTable
                0x08005b88        0x8 CMakeFiles/hoverGate_fw.elf.dir/Src/system_stm32f1xx.c.obj
                0x08005b88                APBPrescTable
                0x08005b90                . = ALIGN (0x4)

.ARM.extab      0x08005b90       0x78
 *(.ARM.extab* .gnu.linkonce.armextab.*)
 .ARM.extab.text._ZN11BLDC_driver15phase_set_floatEh
                0x08005b90        0xc CMakeFiles/hoverGate_fw.elf.dir/Src/BLDC_driver.cpp.obj
 .ARM.extab.text._ZN11BLDC_driver13phase_set_lowEh
                0x08005b9c        0xc CMakeFiles/hoverGate_fw.elf.dir/Src/BLDC_driver.cpp.obj
 .ARM.extab.text._ZN11BLDC_driver13phase_set_pwmEht
                0x08005ba8        0xc CMakeFiles/hoverGate_fw.elf.dir/Src/BLDC_driver.cpp.obj
 .ARM.extab.text._ZN11BLDC_driver10set_phasesEhtbb
                0x08005bb4        0xc CMakeFiles/hoverGate_fw.elf.dir/Src/BLDC_driver.cpp.obj
 .ARM.extab.text._ZN11BLDC_driver5beginEv
                0x08005bc0        0xc CMakeFiles/hoverGate_fw.elf.dir/Src/BLDC_driver.cpp.obj
 .ARM.extab.text._ZN11BLDC_driver17interrupt_handlerEv
                0x08005bcc        0xc CMakeFiles/hoverGate_fw.elf.dir/Src/BLDC_driver.cpp.obj
 .ARM.extab.text.main
                0x08005bd8        0xc CMakeFiles/hoverGate_fw.elf.dir/Src/main.cpp.obj
 .ARM.extab.text._Z18SystemClock_Configv
                0x08005be4        0xc CMakeFiles/hoverGate_fw.elf.dir/Src/main.cpp.obj
 .ARM.extab     0x08005bf0       0x18 c:/arm_gcc/bin/../lib/gcc/arm-none-eabi/7.3.1/thumb/v7-m\libgcc.a(pr-support.o)

.ARM            0x08005c08      0x120
                0x08005c08                __exidx_start = .
 *(.ARM.exidx*)
 .ARM.exidx.text._ZN11BLDC_driverC2Ev
                0x08005cc0        0x0 CMakeFiles/hoverGate_fw.elf.dir/Src/BLDC_driver.cpp.obj
                                  0x8 (size before relaxing)
 .ARM.exidx.text._ZN11BLDC_driver15phase_set_floatEh
                0x08005cc0        0x8 CMakeFiles/hoverGate_fw.elf.dir/Src/BLDC_driver.cpp.obj
 .ARM.exidx.text._ZN11BLDC_driver13phase_set_lowEh
                0x08005cc8        0x8 CMakeFiles/hoverGate_fw.elf.dir/Src/BLDC_driver.cpp.obj
 .ARM.exidx.text._ZN11BLDC_driver13phase_set_pwmEht
                0x08005cd0        0x8 CMakeFiles/hoverGate_fw.elf.dir/Src/BLDC_driver.cpp.obj
 .ARM.exidx.text._ZN11BLDC_driver10set_phasesEhtbb
                0x08005cd8        0x8 CMakeFiles/hoverGate_fw.elf.dir/Src/BLDC_driver.cpp.obj
 .ARM.exidx.text._ZN11BLDC_driver6enableEv
                0x08005ce0        0x8 CMakeFiles/hoverGate_fw.elf.dir/Src/BLDC_driver.cpp.obj
 .ARM.exidx.text._ZN11BLDC_driver7disableEv
                0x08005ce8        0x0 CMakeFiles/hoverGate_fw.elf.dir/Src/BLDC_driver.cpp.obj
                                  0x8 (size before relaxing)
 .ARM.exidx.text._ZN11BLDC_driver5beginEv
                0x08005ce8        0x8 CMakeFiles/hoverGate_fw.elf.dir/Src/BLDC_driver.cpp.obj
 .ARM.exidx.text._ZN11BLDC_driver7set_pwmEs
                0x08005cf0        0x8 CMakeFiles/hoverGate_fw.elf.dir/Src/BLDC_driver.cpp.obj
 .ARM.exidx.text._ZN11BLDC_driver7get_pwmEv
                0x08005cf8        0x0 CMakeFiles/hoverGate_fw.elf.dir/Src/BLDC_driver.cpp.obj
                                  0x8 (size before relaxing)
 .ARM.exidx.text._ZN11BLDC_driver8ramp_pwmEsm
                0x08005cf8        0x0 CMakeFiles/hoverGate_fw.elf.dir/Src/BLDC_driver.cpp.obj
                                  0x8 (size before relaxing)
 .ARM.exidx.text._ZN11BLDC_driver16auto_pwm_handlerEv
                0x08005cf8        0x0 CMakeFiles/hoverGate_fw.elf.dir/Src/BLDC_driver.cpp.obj
                                  0x8 (size before relaxing)
 .ARM.exidx.text._ZN11BLDC_driver17interrupt_handlerEv
                0x08005cf8       0x10 CMakeFiles/hoverGate_fw.elf.dir/Src/BLDC_driver.cpp.obj
                                  0x8 (size before relaxing)
 .ARM.exidx.text.TIM3_IRQHandler
                0x08005d08        0x8 CMakeFiles/hoverGate_fw.elf.dir/Src/main.cpp.obj
 .ARM.exidx.text.main
                0x08005d10        0x8 CMakeFiles/hoverGate_fw.elf.dir/Src/main.cpp.obj
 .ARM.exidx.text._Z18SystemClock_Configv
                0x08005d18        0x8 CMakeFiles/hoverGate_fw.elf.dir/Src/main.cpp.obj
 .ARM.exidx.text.Error_Handler
                0x08005d20        0x8 CMakeFiles/hoverGate_fw.elf.dir/Src/main.cpp.obj
 .ARM.exidx.text._Z41__static_initialization_and_destruction_0ii
                0x08005d28        0x0 CMakeFiles/hoverGate_fw.elf.dir/Src/main.cpp.obj
                                  0x8 (size before relaxing)
 .ARM.exidx.text._GLOBAL__sub_I_ADC_buffer
                0x08005d28        0x0 CMakeFiles/hoverGate_fw.elf.dir/Src/main.cpp.obj
                                  0x8 (size before relaxing)
 .ARM.exidx     0x08005c08       0x80 c:/arm_gcc/bin/../lib/gcc/arm-none-eabi/7.3.1/thumb/v7-m\libgcc.a(unwind-arm.o)
                                 0xd8 (size before relaxing)
 .ARM.exidx     0x08005c88       0x38 c:/arm_gcc/bin/../lib/gcc/arm-none-eabi/7.3.1/thumb/v7-m\libgcc.a(pr-support.o)
                                 0x48 (size before relaxing)
                0x08005d28                __exidx_end = .

.rel.dyn        0x08005d28        0x0
 .rel.iplt      0x08005d28        0x0 c:/arm_gcc/bin/../lib/gcc/arm-none-eabi/7.3.1/thumb/v7-m/crtbegin.o

.preinit_array  0x08005d28        0x0
                0x08005d28                PROVIDE (__preinit_array_start = .)
 *(.preinit_array*)
                0x08005d28                PROVIDE (__preinit_array_end = .)

.init_array     0x08005d28        0x8
                0x08005d28                PROVIDE (__init_array_start = .)
 *(SORT_BY_NAME(.init_array.*))
 *(.init_array*)
 .init_array    0x08005d28        0x4 c:/arm_gcc/bin/../lib/gcc/arm-none-eabi/7.3.1/thumb/v7-m/crtbegin.o
 .init_array    0x08005d2c        0x4 CMakeFiles/hoverGate_fw.elf.dir/Src/main.cpp.obj
                0x08005d30                PROVIDE (__init_array_end = .)

.fini_array     0x08005d30        0x4
                [!provide]                PROVIDE (__fini_array_start = .)
 *(SORT_BY_NAME(.fini_array.*))
 *(.fini_array*)
 .fini_array    0x08005d30        0x4 c:/arm_gcc/bin/../lib/gcc/arm-none-eabi/7.3.1/thumb/v7-m/crtbegin.o
                [!provide]                PROVIDE (__fini_array_end = .)
                0x08005d34                _sidata = LOADADDR (.data)

.data           0x20000000       0x70 load address 0x08005d34
                0x20000000                . = ALIGN (0x4)
                0x20000000                _sdata = .
 *(.data)
 *(.data*)
 .data.uwTickPrio
                0x20000000        0x4 CMakeFiles/hoverGate_fw.elf.dir/Drivers/STM32F1xx_HAL_Driver/Src/stm32f1xx_hal.c.obj
                0x20000000                uwTickPrio
 .data.uwTickFreq
                0x20000004        0x1 CMakeFiles/hoverGate_fw.elf.dir/Drivers/STM32F1xx_HAL_Driver/Src/stm32f1xx_hal.c.obj
                0x20000004                uwTickFreq
 *fill*         0x20000005        0x3 
 .data.SystemCoreClock
                0x20000008        0x4 CMakeFiles/hoverGate_fw.elf.dir/Src/system_stm32f1xx.c.obj
                0x20000008                SystemCoreClock
 .data._impure_ptr
                0x2000000c        0x4 c:/arm_gcc/bin/../lib/gcc/arm-none-eabi/7.3.1/../../../../arm-none-eabi/lib/thumb/v7-m\libg_nano.a(lib_a-impure.o)
                0x2000000c                _impure_ptr
 .data.impure_data
                0x20000010       0x60 c:/arm_gcc/bin/../lib/gcc/arm-none-eabi/7.3.1/../../../../arm-none-eabi/lib/thumb/v7-m\libg_nano.a(lib_a-impure.o)
                0x20000070                . = ALIGN (0x4)
                0x20000070                _edata = .

.igot.plt       0x20000070        0x0 load address 0x08005da4
 .igot.plt      0x20000070        0x0 c:/arm_gcc/bin/../lib/gcc/arm-none-eabi/7.3.1/thumb/v7-m/crtbegin.o
                0x20000070                . = ALIGN (0x4)

.bss            0x20000070      0x164 load address 0x08005da4
                0x20000070                _sbss = .
                0x20000070                __bss_start__ = _sbss
 *(.bss)
 .bss           0x20000070       0x1c c:/arm_gcc/bin/../lib/gcc/arm-none-eabi/7.3.1/thumb/v7-m/crtbegin.o
 *(.bss*)
 .bss.uwTick    0x2000008c        0x4 CMakeFiles/hoverGate_fw.elf.dir/Drivers/STM32F1xx_HAL_Driver/Src/stm32f1xx_hal.c.obj
                0x2000008c                uwTick
 .bss._ZZN11BLDC_driver17interrupt_handlerEvE10prevPwmLoc
                0x20000090        0x1 CMakeFiles/hoverGate_fw.elf.dir/Src/BLDC_driver.cpp.obj
 *fill*         0x20000091        0x3 
 .bss._ZGVZN11BLDC_driver17interrupt_handlerEvE10prevPwmLoc
                0x20000094        0x4 CMakeFiles/hoverGate_fw.elf.dir/Src/BLDC_driver.cpp.obj
 .bss.hadc1     0x20000098       0x30 CMakeFiles/hoverGate_fw.elf.dir/Src/adc.c.obj
                0x20000098                hadc1
 .bss.hdma_adc1
                0x200000c8       0x44 CMakeFiles/hoverGate_fw.elf.dir/Src/adc.c.obj
                0x200000c8                hdma_adc1
 .bss.ADC_buffer
                0x2000010c        0xc CMakeFiles/hoverGate_fw.elf.dir/Src/main.cpp.obj
                0x2000010c                ADC_buffer
 .bss.BLDC      0x20000118       0x38 CMakeFiles/hoverGate_fw.elf.dir/Src/main.cpp.obj
                0x20000118                BLDC
 .bss.htim1     0x20000150       0x40 CMakeFiles/hoverGate_fw.elf.dir/Src/tim.c.obj
                0x20000150                htim1
 .bss.htim3     0x20000190       0x40 CMakeFiles/hoverGate_fw.elf.dir/Src/tim.c.obj
                0x20000190                htim3
 *(COMMON)
 COMMON         0x200001d0        0x4 c:/arm_gcc/bin/../lib/gcc/arm-none-eabi/7.3.1/../../../../arm-none-eabi/lib/thumb/v7-m\libg_nano.a(lib_a-reent.o)
                0x200001d0                errno
                0x200001d4                . = ALIGN (0x4)
                0x200001d4                _ebss = .
                0x200001d4                __bss_end__ = _ebss

._user_heap_stack
                0x200001d4      0x604 load address 0x08005da4
                0x200001d8                . = ALIGN (0x8)
 *fill*         0x200001d4        0x4 
                0x200001d8                PROVIDE (end = .)
                [!provide]                PROVIDE (_end = .)
                0x200003d8                . = (. + _Min_Heap_Size)
 *fill*         0x200001d8      0x200 
                0x200007d8                . = (. + _Min_Stack_Size)
 *fill*         0x200003d8      0x400 
                0x200007d8                . = ALIGN (0x8)

/DISCARD/
 libc.a(*)
 libm.a(*)
 libgcc.a(*)

.ARM.attributes
                0x00000000       0x29
 *(.ARM.attributes)
 .ARM.attributes
                0x00000000       0x1d c:/arm_gcc/bin/../lib/gcc/arm-none-eabi/7.3.1/thumb/v7-m/crti.o
 .ARM.attributes
                0x0000001d       0x2d c:/arm_gcc/bin/../lib/gcc/arm-none-eabi/7.3.1/thumb/v7-m/crtbegin.o
 .ARM.attributes
                0x0000004a       0x33 CMakeFiles/hoverGate_fw.elf.dir/Drivers/STM32F1xx_HAL_Driver/Src/stm32f1xx_hal.c.obj
 .ARM.attributes
                0x0000007d       0x33 CMakeFiles/hoverGate_fw.elf.dir/Drivers/STM32F1xx_HAL_Driver/Src/stm32f1xx_hal_adc.c.obj
 .ARM.attributes
                0x000000b0       0x33 CMakeFiles/hoverGate_fw.elf.dir/Drivers/STM32F1xx_HAL_Driver/Src/stm32f1xx_hal_adc_ex.c.obj
 .ARM.attributes
                0x000000e3       0x33 CMakeFiles/hoverGate_fw.elf.dir/Drivers/STM32F1xx_HAL_Driver/Src/stm32f1xx_hal_cortex.c.obj
 .ARM.attributes
                0x00000116       0x33 CMakeFiles/hoverGate_fw.elf.dir/Drivers/STM32F1xx_HAL_Driver/Src/stm32f1xx_hal_dma.c.obj
 .ARM.attributes
                0x00000149       0x33 CMakeFiles/hoverGate_fw.elf.dir/Drivers/STM32F1xx_HAL_Driver/Src/stm32f1xx_hal_gpio.c.obj
 .ARM.attributes
                0x0000017c       0x33 CMakeFiles/hoverGate_fw.elf.dir/Drivers/STM32F1xx_HAL_Driver/Src/stm32f1xx_hal_rcc.c.obj
 .ARM.attributes
                0x000001af       0x33 CMakeFiles/hoverGate_fw.elf.dir/Drivers/STM32F1xx_HAL_Driver/Src/stm32f1xx_hal_rcc_ex.c.obj
 .ARM.attributes
                0x000001e2       0x33 CMakeFiles/hoverGate_fw.elf.dir/Drivers/STM32F1xx_HAL_Driver/Src/stm32f1xx_hal_tim.c.obj
 .ARM.attributes
                0x00000215       0x33 CMakeFiles/hoverGate_fw.elf.dir/Drivers/STM32F1xx_HAL_Driver/Src/stm32f1xx_hal_tim_ex.c.obj
 .ARM.attributes
                0x00000248       0x33 CMakeFiles/hoverGate_fw.elf.dir/Src/BLDC_driver.cpp.obj
 .ARM.attributes
                0x0000027b       0x33 CMakeFiles/hoverGate_fw.elf.dir/Src/adc.c.obj
 .ARM.attributes
                0x000002ae       0x33 CMakeFiles/hoverGate_fw.elf.dir/Src/dma.c.obj
 .ARM.attributes
                0x000002e1       0x33 CMakeFiles/hoverGate_fw.elf.dir/Src/gpio.c.obj
 .ARM.attributes
                0x00000314       0x33 CMakeFiles/hoverGate_fw.elf.dir/Src/main.cpp.obj
 .ARM.attributes
                0x00000347       0x33 CMakeFiles/hoverGate_fw.elf.dir/Src/stm32f1xx_hal_msp.c.obj
 .ARM.attributes
                0x0000037a       0x33 CMakeFiles/hoverGate_fw.elf.dir/Src/stm32f1xx_it.c.obj
 .ARM.attributes
                0x000003ad       0x33 CMakeFiles/hoverGate_fw.elf.dir/Src/system_stm32f1xx.c.obj
 .ARM.attributes
                0x000003e0       0x33 CMakeFiles/hoverGate_fw.elf.dir/Src/tim.c.obj
 .ARM.attributes
                0x00000413       0x21 CMakeFiles/hoverGate_fw.elf.dir/startup/startup_stm32f103xb.s.obj
 .ARM.attributes
                0x00000434       0x2d c:/arm_gcc/bin/../lib/gcc/arm-none-eabi/7.3.1/../../../../arm-none-eabi/lib/thumb/v7-m\libstdc++_nano.a(guard.o)
 .ARM.attributes
                0x00000461       0x2d c:/arm_gcc/bin/../lib/gcc/arm-none-eabi/7.3.1/../../../../arm-none-eabi/lib/thumb/v7-m\libm.a(lib_a-s_round.o)
 .ARM.attributes
                0x0000048e       0x1d c:/arm_gcc/bin/../lib/gcc/arm-none-eabi/7.3.1/thumb/v7-m\libgcc.a(_arm_addsubdf3.o)
 .ARM.attributes
                0x000004ab       0x1d c:/arm_gcc/bin/../lib/gcc/arm-none-eabi/7.3.1/thumb/v7-m\libgcc.a(_arm_muldivdf3.o)
 .ARM.attributes
                0x000004c8       0x1d c:/arm_gcc/bin/../lib/gcc/arm-none-eabi/7.3.1/thumb/v7-m\libgcc.a(_arm_fixdfsi.o)
 .ARM.attributes
                0x000004e5       0x1d c:/arm_gcc/bin/../lib/gcc/arm-none-eabi/7.3.1/thumb/v7-m\libgcc.a(_arm_fixunsdfsi.o)
 .ARM.attributes
                0x00000502       0x2d c:/arm_gcc/bin/../lib/gcc/arm-none-eabi/7.3.1/../../../../arm-none-eabi/lib/thumb/v7-m\libg_nano.a(lib_a-init.o)
 .ARM.attributes
                0x0000052f       0x2d c:/arm_gcc/bin/../lib/gcc/arm-none-eabi/7.3.1/../../../../arm-none-eabi/lib/thumb/v7-m\libg_nano.a(lib_a-memset.o)
 .ARM.attributes
                0x0000055c       0x1d c:/arm_gcc/bin/../lib/gcc/arm-none-eabi/7.3.1/thumb/v7-m/crtn.o
OUTPUT(hoverGate_fw.elf elf32-littlearm)

.debug_info     0x00000000     0xdd5b
 .debug_info    0x00000000      0x6f3 CMakeFiles/hoverGate_fw.elf.dir/Drivers/STM32F1xx_HAL_Driver/Src/stm32f1xx_hal.c.obj
 .debug_info    0x000006f3      0xc56 CMakeFiles/hoverGate_fw.elf.dir/Drivers/STM32F1xx_HAL_Driver/Src/stm32f1xx_hal_adc.c.obj
 .debug_info    0x00001349      0x9f0 CMakeFiles/hoverGate_fw.elf.dir/Drivers/STM32F1xx_HAL_Driver/Src/stm32f1xx_hal_adc_ex.c.obj
 .debug_info    0x00001d39      0xb3b CMakeFiles/hoverGate_fw.elf.dir/Drivers/STM32F1xx_HAL_Driver/Src/stm32f1xx_hal_cortex.c.obj
 .debug_info    0x00002874      0x79b CMakeFiles/hoverGate_fw.elf.dir/Drivers/STM32F1xx_HAL_Driver/Src/stm32f1xx_hal_dma.c.obj
 .debug_info    0x0000300f      0x676 CMakeFiles/hoverGate_fw.elf.dir/Drivers/STM32F1xx_HAL_Driver/Src/stm32f1xx_hal_gpio.c.obj
 .debug_info    0x00003685      0x7f9 CMakeFiles/hoverGate_fw.elf.dir/Drivers/STM32F1xx_HAL_Driver/Src/stm32f1xx_hal_rcc.c.obj
 .debug_info    0x00003e7e      0x42e CMakeFiles/hoverGate_fw.elf.dir/Drivers/STM32F1xx_HAL_Driver/Src/stm32f1xx_hal_rcc_ex.c.obj
 .debug_info    0x000042ac     0x244b CMakeFiles/hoverGate_fw.elf.dir/Drivers/STM32F1xx_HAL_Driver/Src/stm32f1xx_hal_tim.c.obj
 .debug_info    0x000066f7     0x10f9 CMakeFiles/hoverGate_fw.elf.dir/Drivers/STM32F1xx_HAL_Driver/Src/stm32f1xx_hal_tim_ex.c.obj
 .debug_info    0x000077f0     0x1e22 CMakeFiles/hoverGate_fw.elf.dir/Src/BLDC_driver.cpp.obj
 .debug_info    0x00009612      0x7f4 CMakeFiles/hoverGate_fw.elf.dir/Src/adc.c.obj
 .debug_info    0x00009e06      0x362 CMakeFiles/hoverGate_fw.elf.dir/Src/dma.c.obj
 .debug_info    0x0000a168      0x3eb CMakeFiles/hoverGate_fw.elf.dir/Src/gpio.c.obj
 .debug_info    0x0000a553     0x1ed5 CMakeFiles/hoverGate_fw.elf.dir/Src/main.cpp.obj
 .debug_info    0x0000c428      0x2c0 CMakeFiles/hoverGate_fw.elf.dir/Src/stm32f1xx_hal_msp.c.obj
 .debug_info    0x0000c6e8      0x698 CMakeFiles/hoverGate_fw.elf.dir/Src/stm32f1xx_it.c.obj
 .debug_info    0x0000cd80      0x428 CMakeFiles/hoverGate_fw.elf.dir/Src/system_stm32f1xx.c.obj
 .debug_info    0x0000d1a8      0xb91 CMakeFiles/hoverGate_fw.elf.dir/Src/tim.c.obj
 .debug_info    0x0000dd39       0x22 CMakeFiles/hoverGate_fw.elf.dir/startup/startup_stm32f103xb.s.obj

.debug_abbrev   0x00000000     0x24d2
 .debug_abbrev  0x00000000      0x1d5 CMakeFiles/hoverGate_fw.elf.dir/Drivers/STM32F1xx_HAL_Driver/Src/stm32f1xx_hal.c.obj
 .debug_abbrev  0x000001d5      0x1d2 CMakeFiles/hoverGate_fw.elf.dir/Drivers/STM32F1xx_HAL_Driver/Src/stm32f1xx_hal_adc.c.obj
 .debug_abbrev  0x000003a7      0x1f2 CMakeFiles/hoverGate_fw.elf.dir/Drivers/STM32F1xx_HAL_Driver/Src/stm32f1xx_hal_adc_ex.c.obj
 .debug_abbrev  0x00000599      0x2d2 CMakeFiles/hoverGate_fw.elf.dir/Drivers/STM32F1xx_HAL_Driver/Src/stm32f1xx_hal_cortex.c.obj
 .debug_abbrev  0x0000086b      0x1fb CMakeFiles/hoverGate_fw.elf.dir/Drivers/STM32F1xx_HAL_Driver/Src/stm32f1xx_hal_dma.c.obj
 .debug_abbrev  0x00000a66      0x1bd CMakeFiles/hoverGate_fw.elf.dir/Drivers/STM32F1xx_HAL_Driver/Src/stm32f1xx_hal_gpio.c.obj
 .debug_abbrev  0x00000c23      0x240 CMakeFiles/hoverGate_fw.elf.dir/Drivers/STM32F1xx_HAL_Driver/Src/stm32f1xx_hal_rcc.c.obj
 .debug_abbrev  0x00000e63      0x172 CMakeFiles/hoverGate_fw.elf.dir/Drivers/STM32F1xx_HAL_Driver/Src/stm32f1xx_hal_rcc_ex.c.obj
 .debug_abbrev  0x00000fd5      0x22d CMakeFiles/hoverGate_fw.elf.dir/Drivers/STM32F1xx_HAL_Driver/Src/stm32f1xx_hal_tim.c.obj
 .debug_abbrev  0x00001202      0x21b CMakeFiles/hoverGate_fw.elf.dir/Drivers/STM32F1xx_HAL_Driver/Src/stm32f1xx_hal_tim_ex.c.obj
 .debug_abbrev  0x0000141d      0x3d3 CMakeFiles/hoverGate_fw.elf.dir/Src/BLDC_driver.cpp.obj
 .debug_abbrev  0x000017f0      0x1a7 CMakeFiles/hoverGate_fw.elf.dir/Src/adc.c.obj
 .debug_abbrev  0x00001997      0x104 CMakeFiles/hoverGate_fw.elf.dir/Src/dma.c.obj
 .debug_abbrev  0x00001a9b      0x131 CMakeFiles/hoverGate_fw.elf.dir/Src/gpio.c.obj
 .debug_abbrev  0x00001bcc      0x3b6 CMakeFiles/hoverGate_fw.elf.dir/Src/main.cpp.obj
 .debug_abbrev  0x00001f82      0x106 CMakeFiles/hoverGate_fw.elf.dir/Src/stm32f1xx_hal_msp.c.obj
 .debug_abbrev  0x00002088      0x157 CMakeFiles/hoverGate_fw.elf.dir/Src/stm32f1xx_it.c.obj
 .debug_abbrev  0x000021df      0x131 CMakeFiles/hoverGate_fw.elf.dir/Src/system_stm32f1xx.c.obj
 .debug_abbrev  0x00002310      0x1b0 CMakeFiles/hoverGate_fw.elf.dir/Src/tim.c.obj
 .debug_abbrev  0x000024c0       0x12 CMakeFiles/hoverGate_fw.elf.dir/startup/startup_stm32f103xb.s.obj

.debug_aranges  0x00000000      0xc50
 .debug_aranges
                0x00000000       0xe0 CMakeFiles/hoverGate_fw.elf.dir/Drivers/STM32F1xx_HAL_Driver/Src/stm32f1xx_hal.c.obj
 .debug_aranges
                0x000000e0       0xf0 CMakeFiles/hoverGate_fw.elf.dir/Drivers/STM32F1xx_HAL_Driver/Src/stm32f1xx_hal_adc.c.obj
 .debug_aranges
                0x000001d0       0x80 CMakeFiles/hoverGate_fw.elf.dir/Drivers/STM32F1xx_HAL_Driver/Src/stm32f1xx_hal_adc_ex.c.obj
 .debug_aranges
                0x00000250      0x100 CMakeFiles/hoverGate_fw.elf.dir/Drivers/STM32F1xx_HAL_Driver/Src/stm32f1xx_hal_cortex.c.obj
 .debug_aranges
                0x00000350       0x80 CMakeFiles/hoverGate_fw.elf.dir/Drivers/STM32F1xx_HAL_Driver/Src/stm32f1xx_hal_dma.c.obj
 .debug_aranges
                0x000003d0       0x58 CMakeFiles/hoverGate_fw.elf.dir/Drivers/STM32F1xx_HAL_Driver/Src/stm32f1xx_hal_gpio.c.obj
 .debug_aranges
                0x00000428       0x90 CMakeFiles/hoverGate_fw.elf.dir/Drivers/STM32F1xx_HAL_Driver/Src/stm32f1xx_hal_rcc.c.obj
 .debug_aranges
                0x000004b8       0x30 CMakeFiles/hoverGate_fw.elf.dir/Drivers/STM32F1xx_HAL_Driver/Src/stm32f1xx_hal_rcc_ex.c.obj
 .debug_aranges
                0x000004e8      0x3a8 CMakeFiles/hoverGate_fw.elf.dir/Drivers/STM32F1xx_HAL_Driver/Src/stm32f1xx_hal_tim.c.obj
 .debug_aranges
                0x00000890      0x150 CMakeFiles/hoverGate_fw.elf.dir/Drivers/STM32F1xx_HAL_Driver/Src/stm32f1xx_hal_tim_ex.c.obj
 .debug_aranges
                0x000009e0       0xa0 CMakeFiles/hoverGate_fw.elf.dir/Src/BLDC_driver.cpp.obj
 .debug_aranges
                0x00000a80       0x30 CMakeFiles/hoverGate_fw.elf.dir/Src/adc.c.obj
 .debug_aranges
                0x00000ab0       0x20 CMakeFiles/hoverGate_fw.elf.dir/Src/dma.c.obj
 .debug_aranges
                0x00000ad0       0x20 CMakeFiles/hoverGate_fw.elf.dir/Src/gpio.c.obj
 .debug_aranges
                0x00000af0       0x48 CMakeFiles/hoverGate_fw.elf.dir/Src/main.cpp.obj
 .debug_aranges
                0x00000b38       0x20 CMakeFiles/hoverGate_fw.elf.dir/Src/stm32f1xx_hal_msp.c.obj
 .debug_aranges
                0x00000b58       0x68 CMakeFiles/hoverGate_fw.elf.dir/Src/stm32f1xx_it.c.obj
 .debug_aranges
                0x00000bc0       0x28 CMakeFiles/hoverGate_fw.elf.dir/Src/system_stm32f1xx.c.obj
 .debug_aranges
                0x00000be8       0x40 CMakeFiles/hoverGate_fw.elf.dir/Src/tim.c.obj
 .debug_aranges
                0x00000c28       0x28 CMakeFiles/hoverGate_fw.elf.dir/startup/startup_stm32f103xb.s.obj

.debug_ranges   0x00000000      0xb18
 .debug_ranges  0x00000000       0xd0 CMakeFiles/hoverGate_fw.elf.dir/Drivers/STM32F1xx_HAL_Driver/Src/stm32f1xx_hal.c.obj
 .debug_ranges  0x000000d0       0xe0 CMakeFiles/hoverGate_fw.elf.dir/Drivers/STM32F1xx_HAL_Driver/Src/stm32f1xx_hal_adc.c.obj
 .debug_ranges  0x000001b0       0x70 CMakeFiles/hoverGate_fw.elf.dir/Drivers/STM32F1xx_HAL_Driver/Src/stm32f1xx_hal_adc_ex.c.obj
 .debug_ranges  0x00000220       0xf0 CMakeFiles/hoverGate_fw.elf.dir/Drivers/STM32F1xx_HAL_Driver/Src/stm32f1xx_hal_cortex.c.obj
 .debug_ranges  0x00000310       0x70 CMakeFiles/hoverGate_fw.elf.dir/Drivers/STM32F1xx_HAL_Driver/Src/stm32f1xx_hal_dma.c.obj
 .debug_ranges  0x00000380       0x48 CMakeFiles/hoverGate_fw.elf.dir/Drivers/STM32F1xx_HAL_Driver/Src/stm32f1xx_hal_gpio.c.obj
 .debug_ranges  0x000003c8       0x80 CMakeFiles/hoverGate_fw.elf.dir/Drivers/STM32F1xx_HAL_Driver/Src/stm32f1xx_hal_rcc.c.obj
 .debug_ranges  0x00000448       0x20 CMakeFiles/hoverGate_fw.elf.dir/Drivers/STM32F1xx_HAL_Driver/Src/stm32f1xx_hal_rcc_ex.c.obj
 .debug_ranges  0x00000468      0x398 CMakeFiles/hoverGate_fw.elf.dir/Drivers/STM32F1xx_HAL_Driver/Src/stm32f1xx_hal_tim.c.obj
 .debug_ranges  0x00000800      0x140 CMakeFiles/hoverGate_fw.elf.dir/Drivers/STM32F1xx_HAL_Driver/Src/stm32f1xx_hal_tim_ex.c.obj
 .debug_ranges  0x00000940       0x90 CMakeFiles/hoverGate_fw.elf.dir/Src/BLDC_driver.cpp.obj
 .debug_ranges  0x000009d0       0x20 CMakeFiles/hoverGate_fw.elf.dir/Src/adc.c.obj
 .debug_ranges  0x000009f0       0x10 CMakeFiles/hoverGate_fw.elf.dir/Src/dma.c.obj
 .debug_ranges  0x00000a00       0x10 CMakeFiles/hoverGate_fw.elf.dir/Src/gpio.c.obj
 .debug_ranges  0x00000a10       0x38 CMakeFiles/hoverGate_fw.elf.dir/Src/main.cpp.obj
 .debug_ranges  0x00000a48       0x10 CMakeFiles/hoverGate_fw.elf.dir/Src/stm32f1xx_hal_msp.c.obj
 .debug_ranges  0x00000a58       0x58 CMakeFiles/hoverGate_fw.elf.dir/Src/stm32f1xx_it.c.obj
 .debug_ranges  0x00000ab0       0x18 CMakeFiles/hoverGate_fw.elf.dir/Src/system_stm32f1xx.c.obj
 .debug_ranges  0x00000ac8       0x30 CMakeFiles/hoverGate_fw.elf.dir/Src/tim.c.obj
 .debug_ranges  0x00000af8       0x20 CMakeFiles/hoverGate_fw.elf.dir/startup/startup_stm32f103xb.s.obj

.debug_line     0x00000000     0x64bb
 .debug_line    0x00000000      0x41e CMakeFiles/hoverGate_fw.elf.dir/Drivers/STM32F1xx_HAL_Driver/Src/stm32f1xx_hal.c.obj
 .debug_line    0x0000041e      0x7ad CMakeFiles/hoverGate_fw.elf.dir/Drivers/STM32F1xx_HAL_Driver/Src/stm32f1xx_hal_adc.c.obj
 .debug_line    0x00000bcb      0x60b CMakeFiles/hoverGate_fw.elf.dir/Drivers/STM32F1xx_HAL_Driver/Src/stm32f1xx_hal_adc_ex.c.obj
 .debug_line    0x000011d6      0x4ef CMakeFiles/hoverGate_fw.elf.dir/Drivers/STM32F1xx_HAL_Driver/Src/stm32f1xx_hal_cortex.c.obj
 .debug_line    0x000016c5      0x6ab CMakeFiles/hoverGate_fw.elf.dir/Drivers/STM32F1xx_HAL_Driver/Src/stm32f1xx_hal_dma.c.obj
 .debug_line    0x00001d70      0x436 CMakeFiles/hoverGate_fw.elf.dir/Drivers/STM32F1xx_HAL_Driver/Src/stm32f1xx_hal_gpio.c.obj
 .debug_line    0x000021a6      0x538 CMakeFiles/hoverGate_fw.elf.dir/Drivers/STM32F1xx_HAL_Driver/Src/stm32f1xx_hal_rcc.c.obj
 .debug_line    0x000026de      0x327 CMakeFiles/hoverGate_fw.elf.dir/Drivers/STM32F1xx_HAL_Driver/Src/stm32f1xx_hal_rcc_ex.c.obj
 .debug_line    0x00002a05     0x1321 CMakeFiles/hoverGate_fw.elf.dir/Drivers/STM32F1xx_HAL_Driver/Src/stm32f1xx_hal_tim.c.obj
 .debug_line    0x00003d26      0x888 CMakeFiles/hoverGate_fw.elf.dir/Drivers/STM32F1xx_HAL_Driver/Src/stm32f1xx_hal_tim_ex.c.obj
 .debug_line    0x000045ae      0x6ef CMakeFiles/hoverGate_fw.elf.dir/Src/BLDC_driver.cpp.obj
 .debug_line    0x00004c9d      0x305 CMakeFiles/hoverGate_fw.elf.dir/Src/adc.c.obj
 .debug_line    0x00004fa2      0x211 CMakeFiles/hoverGate_fw.elf.dir/Src/dma.c.obj
 .debug_line    0x000051b3      0x24f CMakeFiles/hoverGate_fw.elf.dir/Src/gpio.c.obj
 .debug_line    0x00005402      0x533 CMakeFiles/hoverGate_fw.elf.dir/Src/main.cpp.obj
 .debug_line    0x00005935      0x220 CMakeFiles/hoverGate_fw.elf.dir/Src/stm32f1xx_hal_msp.c.obj
 .debug_line    0x00005b55      0x308 CMakeFiles/hoverGate_fw.elf.dir/Src/stm32f1xx_it.c.obj
 .debug_line    0x00005e5d      0x269 CMakeFiles/hoverGate_fw.elf.dir/Src/system_stm32f1xx.c.obj
 .debug_line    0x000060c6      0x34c CMakeFiles/hoverGate_fw.elf.dir/Src/tim.c.obj
 .debug_line    0x00006412       0xa9 CMakeFiles/hoverGate_fw.elf.dir/startup/startup_stm32f103xb.s.obj

.debug_str      0x00000000     0x4365
 .debug_str     0x00000000      0x7e2 CMakeFiles/hoverGate_fw.elf.dir/Drivers/STM32F1xx_HAL_Driver/Src/stm32f1xx_hal.c.obj
                                0x86c (size before relaxing)
 .debug_str     0x000007e2      0x598 CMakeFiles/hoverGate_fw.elf.dir/Drivers/STM32F1xx_HAL_Driver/Src/stm32f1xx_hal_adc.c.obj
                                0x96c (size before relaxing)
 .debug_str     0x00000d7a      0x2e0 CMakeFiles/hoverGate_fw.elf.dir/Drivers/STM32F1xx_HAL_Driver/Src/stm32f1xx_hal_adc_ex.c.obj
                                0x91c (size before relaxing)
 .debug_str     0x0000105a      0x42d CMakeFiles/hoverGate_fw.elf.dir/Drivers/STM32F1xx_HAL_Driver/Src/stm32f1xx_hal_cortex.c.obj
                                0x9d3 (size before relaxing)
 .debug_str     0x00001487      0x26b CMakeFiles/hoverGate_fw.elf.dir/Drivers/STM32F1xx_HAL_Driver/Src/stm32f1xx_hal_dma.c.obj
                                0x715 (size before relaxing)
 .debug_str     0x000016f2      0x1db CMakeFiles/hoverGate_fw.elf.dir/Drivers/STM32F1xx_HAL_Driver/Src/stm32f1xx_hal_gpio.c.obj
                                0x524 (size before relaxing)
 .debug_str     0x000018cd      0x303 CMakeFiles/hoverGate_fw.elf.dir/Drivers/STM32F1xx_HAL_Driver/Src/stm32f1xx_hal_rcc.c.obj
                                0x6df (size before relaxing)
 .debug_str     0x00001bd0      0x13e CMakeFiles/hoverGate_fw.elf.dir/Drivers/STM32F1xx_HAL_Driver/Src/stm32f1xx_hal_rcc_ex.c.obj
                                0x4c4 (size before relaxing)
 .debug_str     0x00001d0e      0xf85 CMakeFiles/hoverGate_fw.elf.dir/Drivers/STM32F1xx_HAL_Driver/Src/stm32f1xx_hal_tim.c.obj
                               0x1502 (size before relaxing)
 .debug_str     0x00002c93      0x5a5 CMakeFiles/hoverGate_fw.elf.dir/Drivers/STM32F1xx_HAL_Driver/Src/stm32f1xx_hal_tim_ex.c.obj
                                0xd02 (size before relaxing)
 .debug_str     0x00003238      0xc1a CMakeFiles/hoverGate_fw.elf.dir/Src/BLDC_driver.cpp.obj
                               0x12ba (size before relaxing)
 .debug_str     0x00003e52       0x70 CMakeFiles/hoverGate_fw.elf.dir/Src/adc.c.obj
                                0x6f9 (size before relaxing)
 .debug_str     0x00003ec2       0x45 CMakeFiles/hoverGate_fw.elf.dir/Src/dma.c.obj
                                0x5d7 (size before relaxing)
 .debug_str     0x00003f07       0x47 CMakeFiles/hoverGate_fw.elf.dir/Src/gpio.c.obj
                                0x3aa (size before relaxing)
 .debug_str     0x00003f4e      0x187 CMakeFiles/hoverGate_fw.elf.dir/Src/main.cpp.obj
                               0x1675 (size before relaxing)
 .debug_str     0x000040d5       0x47 CMakeFiles/hoverGate_fw.elf.dir/Src/stm32f1xx_hal_msp.c.obj
                                0x33e (size before relaxing)
 .debug_str     0x0000411c       0xeb CMakeFiles/hoverGate_fw.elf.dir/Src/stm32f1xx_it.c.obj
                                0x724 (size before relaxing)
 .debug_str     0x00004207       0x79 CMakeFiles/hoverGate_fw.elf.dir/Src/system_stm32f1xx.c.obj
                                0x393 (size before relaxing)
 .debug_str     0x00004280       0x8a CMakeFiles/hoverGate_fw.elf.dir/Src/tim.c.obj
                                0xc24 (size before relaxing)
 .debug_str     0x0000430a       0x5b CMakeFiles/hoverGate_fw.elf.dir/startup/startup_stm32f103xb.s.obj
                                 0x9c (size before relaxing)

.comment        0x00000000       0x7f
 .comment       0x00000000       0x7f CMakeFiles/hoverGate_fw.elf.dir/Drivers/STM32F1xx_HAL_Driver/Src/stm32f1xx_hal.c.obj
                                 0x80 (size before relaxing)
 .comment       0x0000007f       0x80 CMakeFiles/hoverGate_fw.elf.dir/Drivers/STM32F1xx_HAL_Driver/Src/stm32f1xx_hal_adc.c.obj
 .comment       0x0000007f       0x80 CMakeFiles/hoverGate_fw.elf.dir/Drivers/STM32F1xx_HAL_Driver/Src/stm32f1xx_hal_adc_ex.c.obj
 .comment       0x0000007f       0x80 CMakeFiles/hoverGate_fw.elf.dir/Drivers/STM32F1xx_HAL_Driver/Src/stm32f1xx_hal_cortex.c.obj
 .comment       0x0000007f       0x80 CMakeFiles/hoverGate_fw.elf.dir/Drivers/STM32F1xx_HAL_Driver/Src/stm32f1xx_hal_dma.c.obj
 .comment       0x0000007f       0x80 CMakeFiles/hoverGate_fw.elf.dir/Drivers/STM32F1xx_HAL_Driver/Src/stm32f1xx_hal_gpio.c.obj
 .comment       0x0000007f       0x80 CMakeFiles/hoverGate_fw.elf.dir/Drivers/STM32F1xx_HAL_Driver/Src/stm32f1xx_hal_rcc.c.obj
 .comment       0x0000007f       0x80 CMakeFiles/hoverGate_fw.elf.dir/Drivers/STM32F1xx_HAL_Driver/Src/stm32f1xx_hal_rcc_ex.c.obj
 .comment       0x0000007f       0x80 CMakeFiles/hoverGate_fw.elf.dir/Drivers/STM32F1xx_HAL_Driver/Src/stm32f1xx_hal_tim.c.obj
 .comment       0x0000007f       0x80 CMakeFiles/hoverGate_fw.elf.dir/Drivers/STM32F1xx_HAL_Driver/Src/stm32f1xx_hal_tim_ex.c.obj
 .comment       0x0000007f       0x80 CMakeFiles/hoverGate_fw.elf.dir/Src/BLDC_driver.cpp.obj
 .comment       0x0000007f       0x80 CMakeFiles/hoverGate_fw.elf.dir/Src/adc.c.obj
 .comment       0x0000007f       0x80 CMakeFiles/hoverGate_fw.elf.dir/Src/dma.c.obj
 .comment       0x0000007f       0x80 CMakeFiles/hoverGate_fw.elf.dir/Src/gpio.c.obj
 .comment       0x0000007f       0x80 CMakeFiles/hoverGate_fw.elf.dir/Src/main.cpp.obj
 .comment       0x0000007f       0x80 CMakeFiles/hoverGate_fw.elf.dir/Src/stm32f1xx_hal_msp.c.obj
 .comment       0x0000007f       0x80 CMakeFiles/hoverGate_fw.elf.dir/Src/stm32f1xx_it.c.obj
 .comment       0x0000007f       0x80 CMakeFiles/hoverGate_fw.elf.dir/Src/system_stm32f1xx.c.obj
 .comment       0x0000007f       0x80 CMakeFiles/hoverGate_fw.elf.dir/Src/tim.c.obj

.debug_frame    0x00000000     0x32e0
 .debug_frame   0x00000000      0x334 CMakeFiles/hoverGate_fw.elf.dir/Drivers/STM32F1xx_HAL_Driver/Src/stm32f1xx_hal.c.obj
 .debug_frame   0x00000334      0x40c CMakeFiles/hoverGate_fw.elf.dir/Drivers/STM32F1xx_HAL_Driver/Src/stm32f1xx_hal_adc.c.obj
 .debug_frame   0x00000740      0x204 CMakeFiles/hoverGate_fw.elf.dir/Drivers/STM32F1xx_HAL_Driver/Src/stm32f1xx_hal_adc_ex.c.obj
 .debug_frame   0x00000944      0x428 CMakeFiles/hoverGate_fw.elf.dir/Drivers/STM32F1xx_HAL_Driver/Src/stm32f1xx_hal_cortex.c.obj
 .debug_frame   0x00000d6c      0x208 CMakeFiles/hoverGate_fw.elf.dir/Drivers/STM32F1xx_HAL_Driver/Src/stm32f1xx_hal_dma.c.obj
 .debug_frame   0x00000f74      0x14c CMakeFiles/hoverGate_fw.elf.dir/Drivers/STM32F1xx_HAL_Driver/Src/stm32f1xx_hal_gpio.c.obj
 .debug_frame   0x000010c0      0x21c CMakeFiles/hoverGate_fw.elf.dir/Drivers/STM32F1xx_HAL_Driver/Src/stm32f1xx_hal_rcc.c.obj
 .debug_frame   0x000012dc       0x84 CMakeFiles/hoverGate_fw.elf.dir/Drivers/STM32F1xx_HAL_Driver/Src/stm32f1xx_hal_rcc_ex.c.obj
 .debug_frame   0x00001360     0x10e8 CMakeFiles/hoverGate_fw.elf.dir/Drivers/STM32F1xx_HAL_Driver/Src/stm32f1xx_hal_tim.c.obj
 .debug_frame   0x00002448      0x5c0 CMakeFiles/hoverGate_fw.elf.dir/Drivers/STM32F1xx_HAL_Driver/Src/stm32f1xx_hal_tim_ex.c.obj
 .debug_frame   0x00002a08      0x2a8 CMakeFiles/hoverGate_fw.elf.dir/Src/BLDC_driver.cpp.obj
 .debug_frame   0x00002cb0       0x7c CMakeFiles/hoverGate_fw.elf.dir/Src/adc.c.obj
 .debug_frame   0x00002d2c       0x34 CMakeFiles/hoverGate_fw.elf.dir/Src/dma.c.obj
 .debug_frame   0x00002d60       0x34 CMakeFiles/hoverGate_fw.elf.dir/Src/gpio.c.obj
 .debug_frame   0x00002d94       0xd0 CMakeFiles/hoverGate_fw.elf.dir/Src/main.cpp.obj
 .debug_frame   0x00002e64       0x38 CMakeFiles/hoverGate_fw.elf.dir/Src/stm32f1xx_hal_msp.c.obj
 .debug_frame   0x00002e9c      0x128 CMakeFiles/hoverGate_fw.elf.dir/Src/stm32f1xx_it.c.obj
 .debug_frame   0x00002fc4       0x58 CMakeFiles/hoverGate_fw.elf.dir/Src/system_stm32f1xx.c.obj
 .debug_frame   0x0000301c       0xc4 CMakeFiles/hoverGate_fw.elf.dir/Src/tim.c.obj
 .debug_frame   0x000030e0       0x40 c:/arm_gcc/bin/../lib/gcc/arm-none-eabi/7.3.1/../../../../arm-none-eabi/lib/thumb/v7-m\libstdc++_nano.a(guard.o)
 .debug_frame   0x00003120       0x30 c:/arm_gcc/bin/../lib/gcc/arm-none-eabi/7.3.1/../../../../arm-none-eabi/lib/thumb/v7-m\libm.a(lib_a-s_round.o)
 .debug_frame   0x00003150       0xac c:/arm_gcc/bin/../lib/gcc/arm-none-eabi/7.3.1/thumb/v7-m\libgcc.a(_arm_addsubdf3.o)
 .debug_frame   0x000031fc       0x50 c:/arm_gcc/bin/../lib/gcc/arm-none-eabi/7.3.1/thumb/v7-m\libgcc.a(_arm_muldivdf3.o)
 .debug_frame   0x0000324c       0x24 c:/arm_gcc/bin/../lib/gcc/arm-none-eabi/7.3.1/thumb/v7-m\libgcc.a(_arm_fixdfsi.o)
 .debug_frame   0x00003270       0x24 c:/arm_gcc/bin/../lib/gcc/arm-none-eabi/7.3.1/thumb/v7-m\libgcc.a(_arm_fixunsdfsi.o)
 .debug_frame   0x00003294       0x2c c:/arm_gcc/bin/../lib/gcc/arm-none-eabi/7.3.1/../../../../arm-none-eabi/lib/thumb/v7-m\libg_nano.a(lib_a-init.o)
 .debug_frame   0x000032c0       0x20 c:/arm_gcc/bin/../lib/gcc/arm-none-eabi/7.3.1/../../../../arm-none-eabi/lib/thumb/v7-m\libg_nano.a(lib_a-memset.o)
